# ../../cgi-bin/seq-search/bin/ssearch35 -Q -s BL62 -b 10 -d 10 -E 20.0 -T 8 ../../tmp/simi_search_tmp/G0YMK3ZRxK8P3qbo4C/G0YMK3ZRxK8P3qbo4C.in ./database/DRAMP.fa
SSEARCH searches a sequence data bank
 version 36.05 March, 2010
Please cite:
 T. F. Smith and M. S. Waterman, (1981) J. Mol. Biol. 147:195-197; 
 W.R. Pearson (1991) Genomics 11:635-650

Query: ../../tmp/simi_search_tmp/G0YMK3ZRxK8P3qbo4C/G0YMK3ZRxK8P3qbo4C.in
  1>>>7 - 15 aa
Library: ./database/DRAMP.fa
   696332 residues in 28274 sequences

       opt      E()
< 20     3     0:=
  22     4     0:=          one = represents 41 library sequences
  24     5     0:=
  26    16     1:*
  28    22     6:*
  30    76    39:*=
  32   227   151:===*==
  34   509   408:=========*===
  36  1148   839:====================*=======
  38  1782  1386:=================================*==========
  40  2420  1934:===============================================*============
  42  1994  2364:=================================================        *
  44  2378  2608:========================================================== *
  46  2303  2656:=========================================================  *
  48  2012  2543:==================================================         *
  50  1882  2320:==============================================          *
  52  1730  2040:===========================================      *
  54  1695  1742:==========================================*
  56  1196  1455:==============================     *
  58  1280  1195:=============================*==
  60  1120   968:=======================*====
  62   822   776:==================*==
  64   655   617:===============*
  66   824   488:===========*=========
  68   563   384:=========*====
  70   410   301:=======*==
  72   274   235:=====*=
  74   180   183:====*
  76   168   143:===*=
  78   268   111:==*====
  80   124    86:==*=
  82    72    66:=*
  84    34    52:=*
  86    28    40:*
  88    15    31:*          inset = represents 1 library sequences
  90     1    24:*
  92     8    19:*         :========          *
  94    12    14:*         :============ *
  96     9    11:*         :========= *
  98     3     9:*         :===     *
 100     0     7:*         :      *
 102     1     5:*         :=   *
 104     0     4:*         :   *
 106     1     3:*         := *
 108     0     2:*         : *
 110     0     2:*         : *
 112     0     1:*         :*
 114     0     1:*         :*
 116     0     1:*         :*
 118     0     1:*         :*
>120     0     1:*         :*
   696332 residues in 28274 sequences
Statistics: MLE_cen statistics: Lambda= 0.2611;  K=0.06519 (cen=999)
 statistics sampled from 28274 (28274) to 28274 sequences
 Kolmogorov-Smirnov  statistic: 0.0511 (N=29) at  40
Algorithm: Smith-Waterman (SSE2, Michael Farrar 2006) (7.1 Aug 2009)
Parameters: BL62 matrix (11:-4), open/ext: -7/-1
 Scan time:  0.050

The best scores are:                                      s-w bits E(28274)
DRAMP06425                                         (  17)   41 19.4      11
DRAMP13370                                         (  13)   38 18.3      18

>>DRAMP06425                                              (17 aa)
 s-w opt:  41  Z-score: 107.0  bits: 19.4 E(28274):   11
Smith-Waterman score: 41; 46.2% identity (84.6% similar) in 13 aa overlap (3-15:5-17)

                 10     
7        FDKFCYKFVKQWKTW
           :.. :..: ::.:
DRAMP0 KLWKKWAKKWLKLWKAW
               10       

>>DRAMP13370                                              (13 aa)
 s-w opt:  38  Z-score: 103.0  bits: 18.3 E(28274):   18
Smith-Waterman score: 38; 50.0% identity (80.0% similar) in 10 aa overlap (6-15:1-10)

               10        
7      FDKFCYKFVKQWKTW   
            ::...::  :   
DRAMP1      YKIIQQWFHWRRV
                    10   



15 residues in 1 query   sequences
696332 residues in 28274 library sequences
 Scomplib [36.05]
 start: Fri May 23 02:08:35 2025 done: Fri May 23 02:08:35 2025
 Total Scan time:  0.050 Total Display time:  0.000

Function used was SSEARCH [version 36.05 March, 2010]
