# ../../cgi-bin/seq-search/bin/ssearch35 -Q -s BL62 -b 10 -d 10 -E 20.0 -T 8 ../../tmp/simi_search_tmp/NqXJbyyTRBlXYnBH4E/NqXJbyyTRBlXYnBH4E.in ./database/DRAMP.fa
SSEARCH searches a sequence data bank
 version 36.05 March, 2010
Please cite:
 T. F. Smith and M. S. Waterman, (1981) J. Mol. Biol. 147:195-197; 
 W.R. Pearson (1991) Genomics 11:635-650

Query: ../../tmp/simi_search_tmp/NqXJbyyTRBlXYnBH4E/NqXJbyyTRBlXYnBH4E.in
  1>>>129_33  - 20 aa
Library: ./database/DRAMP.fa
   696332 residues in 28274 sequences

       opt      E()
< 20    14     0:=
  22     9     0:=          one = represents 44 library sequences
  24     6     0:=
  26     9     1:*
  28    38     6:*
  30    71    39:*=
  32   216   151:===*=
  34   602   408:=========*====
  36   953   839:===================*==
  38  1429  1386:===============================*=
  40  2330  1934:===========================================*=========
  42  2493  2364:=====================================================*===
  44  2638  2607:===========================================================*
  46  2099  2656:================================================           *
  48  2087  2543:================================================         *
  50  2205  2320:=================================================== *
  52  1689  2040:=======================================       *
  54  1513  1742:===================================    *
  56  1631  1455:=================================*====
  58  1077  1195:=========================  *
  60   867   968:==================== *
  62   723   776:=================*
  64   689   617:==============*=
  66   533   488:===========*=
  68   506   384:========*===
  70   376   301:======*==
  72   289   235:=====*=
  74   324   183:====*===
  76   191   143:===*=
  78   127   111:==*
  80   120    86:=*=
  82   127    66:=*=
  84    60    52:=*
  86    71    40:*=
  88    37    31:*          inset = represents 1 library sequences
  90    36    24:*
  92    22    19:*         :==================*===
  94    13    14:*         :=============*
  96    18    11:*         :==========*=======
  98    11     9:*         :========*==
 100     4     7:*         :====  *
 102     3     5:*         :=== *
 104     5     4:*         :===*=
 106     1     3:*         := *
 108     1     2:*         :=*
 110     0     2:*         : *
 112     0     1:*         :*
 114     9     1:*         :*========
 116     0     1:*         :*
 118     0     1:*         :*
>120     2     1:*         :*=
   696332 residues in 28274 sequences
Statistics: MLE_cen statistics: Lambda= 0.3252;  K=0.07014 (cen=999)
 statistics sampled from 28273 (28274) to 28273 sequences
 Kolmogorov-Smirnov  statistic: 0.0375 (N=29) at  44
Algorithm: Smith-Waterman (SSE2, Michael Farrar 2006) (7.1 Aug 2009)
Parameters: BL62 matrix (11:-4), open/ext: -7/-1
 Scan time:  0.050

The best scores are:                                      s-w bits E(28274)
DRAMP03850                                         (  23)   41 23.1     1.5
DRAMP17345                                         (  17)   39 22.1     2.1
DRAMP17384                                         (  27)   39 22.1     3.3
DRAMP17357                                         (  32)   39 22.1     3.9
DRAMP17355                                         (  32)   39 22.1     3.9
DRAMP17356                                         (  32)   39 22.1     3.9
DRAMP17358                                         (  32)   39 22.1     3.9
DRAMP17346                                         (  32)   39 22.1     3.9
DRAMP17359                                         (  33)   39 22.1     4.1
DRAMP17361                                         (  35)   39 22.1     4.3

>>DRAMP03850                                              (23 aa)
 s-w opt:  41  Z-score: 122.4  bits: 23.1 E(28274):  1.5
Smith-Waterman score: 41; 55.6% identity (77.8% similar) in 18 aa overlap (1-18:4-21)

                  10        20
129_33    AVTALLKALRDLIEALKRKK
          :. :: :::. : .:::.  
DRAMP0 FALALKALKKALKKLKKALKKAL
               10        20   

>>DRAMP17345                                              (17 aa)
 s-w opt:  39  Z-score: 119.6  bits: 22.1 E(28274):  2.1
Smith-Waterman score: 39; 53.3% identity (80.0% similar) in 15 aa overlap (5-19:3-17)

               10        20
129_33 AVTALLKALRDLIEALKRKK
           ::: :. :.. ::.: 
DRAMP1   KLLLKLLKKLLKLLKKK 
                 10        

>>DRAMP17384                                              (27 aa)
 s-w opt:  39  Z-score: 116.0  bits: 22.1 E(28274):  3.3
Smith-Waterman score: 39; 53.3% identity (80.0% similar) in 15 aa overlap (5-19:13-27)

                       10        20
129_33         AVTALLKALRDLIEALKRKK
                   ::: :. :.. ::.: 
DRAMP1 ATWLPPRGGGKLLLKLLKKLLKLLKKK 
               10        20        

>>DRAMP17357                                              (32 aa)
 s-w opt:  39  Z-score: 114.7  bits: 22.1 E(28274):  3.9
Smith-Waterman score: 39; 53.3% identity (80.0% similar) in 15 aa overlap (5-19:18-32)

                            10        20
129_33              AVTALLKALRDLIEALKRKK
                        ::: :. :.. ::.: 
DRAMP1 WHSDMEWWYLLGGGGKLLLKLLKKLLKLLKKK 
               10        20        30   

>>DRAMP17355                                              (32 aa)
 s-w opt:  39  Z-score: 114.7  bits: 22.1 E(28274):  3.9
Smith-Waterman score: 39; 53.3% identity (80.0% similar) in 15 aa overlap (5-19:18-32)

                            10        20
129_33              AVTALLKALRDLIEALKRKK
                        ::: :. :.. ::.: 
DRAMP1 YRWYGYTPQNVIGGGKLLLKLLKKLLKLLKKK 
               10        20        30   

>>DRAMP17356                                              (32 aa)
 s-w opt:  39  Z-score: 114.7  bits: 22.1 E(28274):  3.9
Smith-Waterman score: 39; 53.3% identity (80.0% similar) in 15 aa overlap (5-19:18-32)

                            10        20
129_33              AVTALLKALRDLIEALKRKK
                        ::: :. :.. ::.: 
DRAMP1 YCDGFYACYMDVGGGKLLLKLLKKLLKLLKKK 
               10        20        30   

>>DRAMP17358                                              (32 aa)
 s-w opt:  39  Z-score: 114.7  bits: 22.1 E(28274):  3.9
Smith-Waterman score: 39; 53.3% identity (80.0% similar) in 15 aa overlap (5-19:18-32)

                            10        20
129_33              AVTALLKALRDLIEALKRKK
                        ::: :. :.. ::.: 
DRAMP1 THRPPMWSPVWPGGGKLLLKLLKKLLKLLKKK 
               10        20        30   

>>DRAMP17346                                              (32 aa)
 s-w opt:  39  Z-score: 114.7  bits: 22.1 E(28274):  3.9
Smith-Waterman score: 39; 53.3% identity (80.0% similar) in 15 aa overlap (5-19:18-32)

                            10        20
129_33              AVTALLKALRDLIEALKRKK
                        ::: :. :.. ::.: 
DRAMP1 YHWYGYTPQNVIGGGKLLLKLLKKLLKLLKKK 
               10        20        30   

>>DRAMP17359                                              (33 aa)
 s-w opt:  39  Z-score: 114.5  bits: 22.1 E(28274):  4.1
Smith-Waterman score: 39; 53.3% identity (80.0% similar) in 15 aa overlap (5-19:19-33)

                             10        20
129_33               AVTALLKALRDLIEALKRKK
                         ::: :. :.. ::.: 
DRAMP1 KQLIRFLKRLDRNGGGKLLLKLLKKLLKLLKKK 
               10        20        30    

>>DRAMP17361                                              (35 aa)
 s-w opt:  39  Z-score: 114.0  bits: 22.1 E(28274):  4.3
Smith-Waterman score: 39; 53.3% identity (80.0% similar) in 15 aa overlap (5-19:21-35)

                               10        20
129_33                 AVTALLKALRDLIEALKRKK
                           ::: :. :.. ::.: 
DRAMP1 NYQWVPYQGRVPYPRGGGKLLLKLLKKLLKLLKKK 
               10        20        30      



20 residues in 1 query   sequences
696332 residues in 28274 library sequences
 Scomplib [36.05]
 start: Fri Jun 20 07:42:38 2025 done: Fri Jun 20 07:42:38 2025
 Total Scan time:  0.050 Total Display time:  0.000

Function used was SSEARCH [version 36.05 March, 2010]
