BLASTP 2.2.28+


Reference: Stephen F. Altschul, Thomas L. Madden, Alejandro A.
Schaffer, Jinghui Zhang, Zheng Zhang, Webb Miller, and David J.
Lipman (1997), "Gapped BLAST and PSI-BLAST: a new generation of
protein database search programs", Nucleic Acids Res. 25:3389-3402.


Reference for composition-based statistics: Alejandro A. Schaffer,
L. Aravind, Thomas L. Madden, Sergei Shavirin, John L. Spouge, Yuri
I. Wolf, Eugene V. Koonin, and Stephen F. Altschul (2001),
"Improving the accuracy of PSI-BLAST protein database searches with
composition-based statistics and other refinements", Nucleic Acids
Res. 29:2994-3005.



Database: DRAMP.fa
           28,274 sequences; 696,356 total letters



Query= 
Length=10
                                                                      Score     E
Sequences producing significant alignments:                          (Bits)  Value

  DRAMP13130                                                          16.9    5.5  
  DRAMP22887                                                          16.2    9.1  


> DRAMP13130
Length=20

 Score = 16.9 bits (32),  Expect = 5.5, Method: Compositional matrix adjust.
 Identities = 5/9 (56%), Positives = 7/9 (78%), Gaps = 0/9 (0%)

Query  1   KKPFKLIWR  9
           ++P  LIWR
Sbjct  3   RRPIALIWR  11


> DRAMP22887
Length=20

 Score = 16.2 bits (30),  Expect = 9.1, Method: Compositional matrix adjust.
 Identities = 4/8 (50%), Positives = 5/8 (63%), Gaps = 0/8 (0%)

Query  1  KKPFKLIW  8
            PF L+W
Sbjct  1  HHPFDLVW  8



Lambda      K        H        a         alpha
   0.330    0.146    0.542    0.792     4.96 

Gapped
Lambda      K        H        a         alpha    sigma
   0.267   0.0410    0.140     1.90     42.6     43.6 

Effective search space used: 6963560


  Database: DRAMP.fa
    Posted date:  Jun 2, 2022  5:36 PM
  Number of letters in database: 696,356
  Number of sequences in database:  28,274



Matrix: BLOSUM62
Gap Penalties: Existence: 11, Extension: 1
Neighboring words threshold: 11
Window for multiple hits: 40
