# ../../cgi-bin/seq-search/bin/fasta36 -Q -s BL80 -b 50 -d 50 -E 0.1 -T 8 ../../tmp/simi_search_tmp/PWpnA60Ql5vNfAX7hh/PWpnA60Ql5vNfAX7hh.in ./database/DRAMP.fa
FASTA searches a protein or DNA sequence data bank
 version 36.3.6 Sep, 2013(preload9)
Please cite:
 W.R. Pearson & D.J. Lipman PNAS (1988) 85:2444-2448

Query: ../../tmp/simi_search_tmp/PWpnA60Ql5vNfAX7hh/PWpnA60Ql5vNfAX7hh.in
  1>>>lcl|ORF3668_ZT-469_1:110351:110383_unnamed_protein_product - 10 aa
Library: ./database/DRAMP.fa
   696332 residues in 28274 sequences

Statistics: MLE_cen statistics: Lambda= 0.6473;  K= 13.56 (cen=1413)
 statistics sampled from 7862 (7878) to 7862 sequences
Algorithm: FASTA (3.8 Nov 2011) [optimized]
Parameters: BL80 matrix (11:-6), open/ext: -10/-2
 ktup: 1, E-join: 1 (0.903), E-opt: 0.2 (0.279), width:  16
 Scan time:  0.060
!! No sequences with E() < 0.1
  2>>>lcl|ORF3676_ZT-469_1:110957:110992_unnamed_protein_product - 11 aa
Library: ./database/DRAMP.fa
   696332 residues in 28274 sequences

Statistics:  Expectation_n fit: rho(ln(x))= 2.5924+/-0.000554; mu= 5.9864+/- 0.019
 mean_var=5.8118+/- 1.584, 0's: 2035 Z-trim(110.6): 2038  B-trim: 729 in 1/23
 Lambda= 0.532009
 statistics sampled from 12031 (12034) to 12031 sequences
Algorithm: FASTA (3.8 Nov 2011) [optimized]
Parameters: BL80 matrix (11:-6), open/ext: -10/-2
 ktup: 1, E-join: 1 (0.932), E-opt: 0.2 (0.352), width:  16
 Scan time:  0.050
!! No sequences with E() < 0.1
  3>>>lcl|ORF3677_ZT-469_1:111071:111124_unnamed_protein_product - 17 aa
Library: ./database/DRAMP.fa
   696332 residues in 28274 sequences

Statistics:  Expectation_n fit: rho(ln(x))= 3.1402+/-0.000547; mu= 7.2614+/- 0.018
 mean_var=9.7895+/- 3.600, 0's: 3645 Z-trim(113.0): 3652  B-trim: 0 in 0/24
 Lambda= 0.409915
 statistics sampled from 14238 (14241) to 14238 sequences
Algorithm: FASTA (3.8 Nov 2011) [optimized]
Parameters: BL80 matrix (11:-6), open/ext: -10/-2
 ktup: 1, E-join: 1 (0.946), E-opt: 0.2 (0.403), width:  16
 Scan time:  0.070
!! No sequences with E() < 0.1
  4>>>lcl|ORF3695_ZT-469_1:114923:114958_unnamed_protein_product - 11 aa
Library: ./database/DRAMP.fa
   696332 residues in 28274 sequences

Statistics:  Expectation_n fit: rho(ln(x))= 2.5786+/-0.00063; mu= 5.9196+/- 0.020
 mean_var=5.6803+/- 1.561, 0's: 1596 Z-trim(109.0): 1603  B-trim: 0 in 0/24
 Lambda= 0.538133
 statistics sampled from 9008 (9011) to 9008 sequences
Algorithm: FASTA (3.8 Nov 2011) [optimized]
Parameters: BL80 matrix (11:-6), open/ext: -10/-2
 ktup: 1, E-join: 1 (0.934), E-opt: 0.2 (0.382), width:  16
 Scan time:  0.050
!! No sequences with E() < 0.1
  5>>>lcl|ORF3726_ZT-469_1:118085:118129_unnamed_protein_product - 14 aa
Library: ./database/DRAMP.fa
   696332 residues in 28274 sequences

Statistics:  Expectation_n fit: rho(ln(x))= 3.0167+/-0.000572; mu= 5.8276+/- 0.018
 mean_var=4.9343+/- 1.650, 0's: 2304 Z-trim(110.9): 2311  B-trim: 0 in 0/24
 Lambda= 0.577377
 statistics sampled from 11435 (11437) to 11435 sequences
Algorithm: FASTA (3.8 Nov 2011) [optimized]
Parameters: BL80 matrix (11:-6), open/ext: -10/-2
 ktup: 1, E-join: 1 (0.94), E-opt: 0.2 (0.386), width:  16
 Scan time:  0.060
!! No sequences with E() < 0.1
  6>>>lcl|ORF3731_ZT-469_1:118691:118723_unnamed_protein_product - 10 aa
Library: ./database/DRAMP.fa
   696332 residues in 28274 sequences

Statistics: MLE_cen statistics: Lambda= 0.6096;  K= 7.324 (cen=1205)
 statistics sampled from 9042 (9042) to 9042 sequences
Algorithm: FASTA (3.8 Nov 2011) [optimized]
Parameters: BL80 matrix (11:-6), open/ext: -10/-2
 ktup: 1, E-join: 1 (0.941), E-opt: 0.2 (0.375), width:  16
 Scan time:  0.060
!! No sequences with E() < 0.1
  7>>>lcl|ORF3764_ZT-469_1:123866:123922_unnamed_protein_product - 18 aa
Library: ./database/DRAMP.fa
   696332 residues in 28274 sequences

Statistics:  Expectation_n fit: rho(ln(x))= 4.0086+/-0.000757; mu= 3.6784+/- 0.024
 mean_var=5.9711+/- 2.154, 0's: 1553 Z-trim(108.2): 1577  B-trim: 390 in 1/23
 Lambda= 0.524863
 statistics sampled from 8531 (8549) to 8531 sequences
Algorithm: FASTA (3.8 Nov 2011) [optimized]
Parameters: BL80 matrix (11:-6), open/ext: -10/-2
 ktup: 1, E-join: 1 (0.936), E-opt: 0.2 (0.365), width:  16
 Scan time:  0.070

The best scores are:                                      opt bits E(28274)
DRAMP18191                                         (  18)   45 33.1 0.00097
DRAMP03752                                         (  18)   41 30.1  0.0079
DRAMP03747                                         (  18)   41 30.1  0.0079
DRAMP24110                                         (  20)   40 29.2   0.017
DRAMP03706                                         (  18)   39 28.6   0.023
DRAMP21245                                         (  17)   38 27.9   0.034
DRAMP21025                                         (  17)   36 26.4   0.096

>>DRAMP18191                                              (18 aa)
 initn:  45 init1:  45 opt:  45  Z-score: 179.6  bits: 33.1 E(28274): 0.00097
Smith-Waterman score: 45; 53.8% identity (84.6% similar) in 13 aa overlap (1-13:5-17)

                   10        
lcl|O      MVPYAVSTLIKAFGPFLA
           ..:.:.: :: ::     
DRAMP1 FLFSLIPHAISGLISAFK    
               10            

>>DRAMP03752                                              (18 aa)
 initn:  41 init1:  41 opt:  41  Z-score: 163.2  bits: 30.1 E(28274): 0.0079
Smith-Waterman score: 41; 53.8% identity (76.9% similar) in 13 aa overlap (1-13:5-17)

                   10        
lcl|O      MVPYAVSTLIKAFGPFLA
           ..: :.: :: ::     
DRAMP0 FLFSLIPSAISGLISAFK    
               10            

>>DRAMP03747                                              (18 aa)
 initn:  41 init1:  41 opt:  41  Z-score: 163.2  bits: 30.1 E(28274): 0.0079
Smith-Waterman score: 41; 53.8% identity (76.9% similar) in 13 aa overlap (1-13:5-17)

                   10        
lcl|O      MVPYAVSTLIKAFGPFLA
           ..: :.: :: ::     
DRAMP0 FLSSLIPSAISGLISAFK    
               10            

>>DRAMP24110                                              (20 aa)
 initn:  40 init1:  40 opt:  40  Z-score: 157.4  bits: 29.2 E(28274): 0.017
Smith-Waterman score: 40; 100.0% identity (100.0% similar) in 7 aa overlap (12-18:3-9)

               10                   
lcl|O  MVPYAVSTLIKAFGPFLA           
                  :::::::           
DRAMP2          TAAFGPFLACPLGINSYTFT
                        10        20

>>DRAMP03706                                              (18 aa)
 initn:  39 init1:  39 opt:  39  Z-score: 155.0  bits: 28.6 E(28274): 0.023
Smith-Waterman score: 39; 46.2% identity (76.9% similar) in 13 aa overlap (1-13:5-17)

                   10        
lcl|O      MVPYAVSTLIKAFGPFLA
           ..:.:.  :: ::     
DRAMP0 FLFSLIPHAIGGLISAFK    
               10            

>>DRAMP21245                                              (17 aa)
 initn:  38 init1:  38 opt:  38  Z-score: 151.8  bits: 27.9 E(28274): 0.034
Smith-Waterman score: 38; 53.8% identity (69.2% similar) in 13 aa overlap (1-13:4-16)

                  10        
lcl|O     MVPYAVSTLIKAFGPFLA
          :.:  .  :::::     
DRAMP2 FLGMIPKLIKKLIKAFK    
               10           

>>DRAMP21025                                              (17 aa)
 initn:  36 init1:  36 opt:  36  Z-score: 143.7  bits: 26.4 E(28274): 0.096
Smith-Waterman score: 36; 53.8% identity (69.2% similar) in 13 aa overlap (1-13:4-16)

                  10        
lcl|O     MVPYAVSTLIKAFGPFLA
          ..:  :  :::::     
DRAMP2 FFSLIPSLVKKLIKAFK    
               10           


  8>>>lcl|ORF3801_ZT-469_1:127178:127234_unnamed_protein_product - 18 aa
Library: ./database/DRAMP.fa
   696332 residues in 28274 sequences

Statistics:  Expectation_n fit: rho(ln(x))= 3.9685+/-0.000671; mu= 3.9431+/- 0.023
 mean_var=6.8828+/- 1.856, 0's: 2595 Z-trim(110.1): 2602  B-trim: 2466 in 1/23
 Lambda= 0.488867
 statistics sampled from 10699 (10776) to 10699 sequences
Algorithm: FASTA (3.8 Nov 2011) [optimized]
Parameters: BL80 matrix (11:-6), open/ext: -10/-2
 ktup: 1, E-join: 1 (0.938), E-opt: 0.2 (0.367), width:  16
 Scan time:  0.070

The best scores are:                                      opt bits E(28274)
DRAMP11776                                         (  21)   41 28.5   0.029
DRAMP11756                                         (  21)   41 28.5   0.029
DRAMP11448                                         (  21)   39 27.0   0.077
DRAMP11550                                         (  21)   39 27.0   0.077
DRAMP11336                                         (  21)   39 27.0   0.077

>>DRAMP11776                                              (21 aa)
 initn:  41 init1:  41 opt:  41  Z-score: 153.0  bits: 28.5 E(28274): 0.029
Smith-Waterman score: 41; 54.5% identity (90.9% similar) in 11 aa overlap (3-13:8-18)

                    10        
lcl|O       MLSFRKGLSNCFRYGSRL
              :.:.:: .:.:     
DRAMP1 GFCFRVCSYRNGLRKCYRRCN  
               10        20   

>>DRAMP11756                                              (21 aa)
 initn:  41 init1:  41 opt:  41  Z-score: 153.0  bits: 28.5 E(28274): 0.029
Smith-Waterman score: 41; 54.5% identity (90.9% similar) in 11 aa overlap (3-13:8-18)

                    10        
lcl|O       MLSFRKGLSNCFRYGSRL
              :.:.:: .:.:     
DRAMP1 GFCFKVCSYRNGLRKCYRRCN  
               10        20   

>>DRAMP11448                                              (21 aa)
 initn:  39 init1:  39 opt:  39  Z-score: 145.4  bits: 27.0 E(28274): 0.077
Smith-Waterman score: 39; 50.0% identity (90.0% similar) in 10 aa overlap (4-13:9-18)

                    10        
lcl|O       MLSFRKGLSNCFRYGSRL
               .:.:. ::.:     
DRAMP1 GFCGHVCVYRNGVRNCYRRCN  
               10        20   

>>DRAMP11550                                              (21 aa)
 initn:  39 init1:  39 opt:  39  Z-score: 145.4  bits: 27.0 E(28274): 0.077
Smith-Waterman score: 39; 50.0% identity (90.0% similar) in 10 aa overlap (4-13:9-18)

                    10        
lcl|O       MLSFRKGLSNCFRYGSRL
               .:.:. ::.:     
DRAMP1 GFCWNACVYRNGVRNCYRRCN  
               10        20   

>>DRAMP11336                                              (21 aa)
 initn:  39 init1:  39 opt:  39  Z-score: 145.4  bits: 27.0 E(28274): 0.077
Smith-Waterman score: 39; 50.0% identity (90.0% similar) in 10 aa overlap (4-13:9-18)

                    10        
lcl|O       MLSFRKGLSNCFRYGSRL
               .:.:. ::.:     
DRAMP1 GFCWYVCVYRNGVRNCYRRCN  
               10        20   


  9>>>lcl|ORF4161_ZT-469_1:167054:167089_unnamed_protein_product - 11 aa
Library: ./database/DRAMP.fa
   696332 residues in 28274 sequences

Statistics:  Expectation_n fit: rho(ln(x))= 2.6219+/-0.000616; mu= 5.8659+/- 0.020
 mean_var=6.5962+/- 1.861, 0's: 2281 Z-trim(110.6): 2284  B-trim: 3123 in 1/23
 Lambda= 0.499375
 statistics sampled from 11427 (11430) to 11427 sequences
Algorithm: FASTA (3.8 Nov 2011) [optimized]
Parameters: BL80 matrix (11:-6), open/ext: -10/-2
 ktup: 1, E-join: 1 (0.939), E-opt: 0.2 (0.371), width:  16
 Scan time:  0.060

The best scores are:                                      opt bits E(28274)
DRAMP11647                                         (  21)   38 27.5   0.034

>>DRAMP11647                                              (21 aa)
 initn:  38 init1:  38 opt:  38  Z-score: 151.8  bits: 27.5 E(28274): 0.034
Smith-Waterman score: 38; 75.0% identity (100.0% similar) in 8 aa overlap (2-9:8-15)

                     10     
lcl|O        MFYRHHVRLYL    
              :::.:::.      
DRAMP1 GFCWYVCFYRNHVRVCHRRCN
               10        20 


 10>>>lcl|ORF4210_ZT-469_1:166977:166933_unnamed_protein_product - 14 aa
Library: ./database/DRAMP.fa
   696332 residues in 28274 sequences

Statistics:  Expectation_n fit: rho(ln(x))= 3.5423+/-0.000503; mu= 4.7825+/- 0.016
 mean_var=8.7956+/- 2.849, 0's: 3198 Z-trim(113.7): 3203  B-trim: 403 in 1/23
 Lambda= 0.432457
 statistics sampled from 16065 (16069) to 16065 sequences
Algorithm: FASTA (3.8 Nov 2011) [optimized]
Parameters: BL80 matrix (11:-6), open/ext: -10/-2
 ktup: 1, E-join: 1 (0.94), E-opt: 0.2 (0.391), width:  16
 Scan time:  0.070
!! No sequences with E() < 0.1
 11>>>lcl|ORF4268_ZT-469_1:160377:160342_unnamed_protein_product - 11 aa
Library: ./database/DRAMP.fa
   696332 residues in 28274 sequences

Statistics:  Expectation_n fit: rho(ln(x))= 2.3080+/-0.000662; mu= 6.6594+/- 0.021
 mean_var=4.1932+/- 1.312, 0's: 1764 Z-trim(109.6): 1769  B-trim: 419 in 1/23
 Lambda= 0.626329
 statistics sampled from 9651 (9652) to 9651 sequences
Algorithm: FASTA (3.8 Nov 2011) [optimized]
Parameters: BL80 matrix (11:-6), open/ext: -10/-2
 ktup: 1, E-join: 1 (0.941), E-opt: 0.2 (0.386), width:  16
 Scan time:  0.060
!! No sequences with E() < 0.1
 12>>>lcl|ORF4281_ZT-469_1:159462:159406_unnamed_protein_product - 18 aa
Library: ./database/DRAMP.fa
   696332 residues in 28274 sequences

Statistics:  Expectation_n fit: rho(ln(x))= 3.4473+/-0.000691; mu= 5.8871+/- 0.022
 mean_var=8.6941+/- 3.853, 0's: 2648 Z-trim(110.3): 2656  B-trim: 0 in 0/24
 Lambda= 0.434973
 statistics sampled from 10581 (10583) to 10581 sequences
Algorithm: FASTA (3.8 Nov 2011) [optimized]
Parameters: BL80 matrix (11:-6), open/ext: -10/-2
 ktup: 1, E-join: 1 (0.941), E-opt: 0.2 (0.385), width:  16
 Scan time:  0.070
!! No sequences with E() < 0.1
 13>>>lcl|ORF4287_ZT-469_1:155100:155059_unnamed_protein_product - 13 aa
Library: ./database/DRAMP.fa
   696332 residues in 28274 sequences

Statistics:  Expectation_n fit: rho(ln(x))= 3.0985+/-0.000703; mu= 4.4771+/- 0.022
 mean_var=4.4845+/- 1.739, 0's: 1865 Z-trim(108.0): 1876  B-trim: 0 in 0/24
 Lambda= 0.605642
 statistics sampled from 8011 (8011) to 8011 sequences
Algorithm: FASTA (3.8 Nov 2011) [optimized]
Parameters: BL80 matrix (11:-6), open/ext: -10/-2
 ktup: 1, E-join: 1 (0.939), E-opt: 0.2 (0.377), width:  16
 Scan time:  0.060
!! No sequences with E() < 0.1
 14>>>lcl|ORF4370_ZT-469_1:144936:144901_unnamed_protein_product - 11 aa
Library: ./database/DRAMP.fa
   696332 residues in 28274 sequences

Statistics:  Expectation_n fit: rho(ln(x))= 2.6210+/-0.000556; mu= 5.9208+/- 0.018
 mean_var=6.0038+/- 1.691, 0's: 3167 Z-trim(111.6): 3176  B-trim: 0 in 0/24
 Lambda= 0.523432
 statistics sampled from 12641 (12646) to 12641 sequences
Algorithm: FASTA (3.8 Nov 2011) [optimized]
Parameters: BL80 matrix (11:-6), open/ext: -10/-2
 ktup: 1, E-join: 1 (0.939), E-opt: 0.2 (0.382), width:  16
 Scan time:  0.060
!! No sequences with E() < 0.1
 15>>>lcl|ORF4374_ZT-469_1:144522:144469_unnamed_protein_product - 17 aa
Library: ./database/DRAMP.fa
   696332 residues in 28274 sequences

Statistics:  Expectation_n fit: rho(ln(x))= 3.3891+/-0.000725; mu= 5.6137+/- 0.023
 mean_var=7.0795+/- 2.066, 0's: 1916 Z-trim(108.3): 1923  B-trim: 0 in 0/24
 Lambda= 0.482029
 statistics sampled from 8310 (8312) to 8310 sequences
Algorithm: FASTA (3.8 Nov 2011) [optimized]
Parameters: BL80 matrix (11:-6), open/ext: -10/-2
 ktup: 1, E-join: 1 (0.938), E-opt: 0.2 (0.376), width:  16
 Scan time:  0.060
!! No sequences with E() < 0.1
 16>>>lcl|ORF4449_ZT-469_1:135348:135313_unnamed_protein_product - 11 aa
Library: ./database/DRAMP.fa
   696332 residues in 28274 sequences

Statistics:  Expectation_n fit: rho(ln(x))= 2.7454+/-0.000601; mu= 5.7769+/- 0.019
 mean_var=8.1881+/- 2.844, 0's: 2240 Z-trim(111.1): 2252  B-trim: 437 in 1/23
 Lambda= 0.448210
 statistics sampled from 11842 (11850) to 11842 sequences
Algorithm: FASTA (3.8 Nov 2011) [optimized]
Parameters: BL80 matrix (11:-6), open/ext: -10/-2
 ktup: 1, E-join: 1 (0.941), E-opt: 0.2 (0.379), width:  16
 Scan time:  0.050
!! No sequences with E() < 0.1
 17>>>lcl|ORF4568_ZT-469_1:121206:121162_unnamed_protein_product - 14 aa
Library: ./database/DRAMP.fa
   696332 residues in 28274 sequences

Statistics:  Expectation_n fit: rho(ln(x))= 3.3404+/-0.000552; mu= 5.1205+/- 0.018
 mean_var=7.0872+/- 2.105, 0's: 2696 Z-trim(112.1): 2707  B-trim: 641 in 1/23
 Lambda= 0.481766
 statistics sampled from 13319 (13330) to 13319 sequences
Algorithm: FASTA (3.8 Nov 2011) [optimized]
Parameters: BL80 matrix (11:-6), open/ext: -10/-2
 ktup: 1, E-join: 1 (0.942), E-opt: 0.2 (0.385), width:  16
 Scan time:  0.070
!! No sequences with E() < 0.1
 18>>>lcl|ORF4756_ZT-469_1:100137:100102_unnamed_protein_product - 11 aa
Library: ./database/DRAMP.fa
   696332 residues in 28274 sequences

Statistics:  Expectation_n fit: rho(ln(x))= 3.4708+/-0.000684; mu= 3.1136+/- 0.022
 mean_var=6.4906+/- 2.029, 0's: 1695 Z-trim(108.1): 1700  B-trim: 0 in 0/24
 Lambda= 0.503420
 statistics sampled from 8060 (8060) to 8060 sequences
Algorithm: FASTA (3.8 Nov 2011) [optimized]
Parameters: BL80 matrix (11:-6), open/ext: -10/-2
 ktup: 1, E-join: 1 (0.941), E-opt: 0.2 (0.379), width:  16
 Scan time:  0.050
!! No sequences with E() < 0.1
 19>>>lcl|ORF4780_ZT-469_1:98001:97945_unnamed_protein_product - 18 aa
Library: ./database/DRAMP.fa
   696332 residues in 28274 sequences

Statistics:  Expectation_n fit: rho(ln(x))= 2.4890+/-0.0007; mu= 8.9917+/- 0.021
 mean_var=7.1289+/- 2.415, 0's: 2642 Z-trim(109.2): 2642  B-trim: 0 in 0/24
 Lambda= 0.480355
 statistics sampled from 9345 (9345) to 9345 sequences
Algorithm: FASTA (3.8 Nov 2011) [optimized]
Parameters: BL80 matrix (11:-6), open/ext: -10/-2
 ktup: 1, E-join: 1 (0.937), E-opt: 0.2 (0.376), width:  16
 Scan time:  0.090
!! No sequences with E() < 0.1
 20>>>lcl|ORF4781_ZT-469_1:97929:97873_unnamed_protein_product - 18 aa
Library: ./database/DRAMP.fa
   696332 residues in 28274 sequences

Statistics:  Expectation_n fit: rho(ln(x))= 3.1118+/-0.000855; mu= 6.9592+/- 0.027
 mean_var=7.1328+/- 2.256, 0's: 956 Z-trim(104.4): 960  B-trim: 103 in 1/23
 Lambda= 0.480224
 statistics sampled from 5201 (5202) to 5201 sequences
Algorithm: FASTA (3.8 Nov 2011) [optimized]
Parameters: BL80 matrix (11:-6), open/ext: -10/-2
 ktup: 1, E-join: 1 (0.93), E-opt: 0.2 (0.367), width:  16
 Scan time:  0.060
!! No sequences with E() < 0.1
 21>>>lcl|ORF4810_ZT-469_1:95469:95425_unnamed_protein_product - 14 aa
Library: ./database/DRAMP.fa
   696332 residues in 28274 sequences

Statistics:  Expectation_n fit: rho(ln(x))= 2.8552+/-0.000548; mu= 6.4990+/- 0.018
 mean_var=6.8675+/- 2.497, 0's: 3069 Z-trim(112.2): 3073  B-trim: 0 in 0/24
 Lambda= 0.489411
 statistics sampled from 13951 (13952) to 13951 sequences
Algorithm: FASTA (3.8 Nov 2011) [optimized]
Parameters: BL80 matrix (11:-6), open/ext: -10/-2
 ktup: 1, E-join: 1 (0.931), E-opt: 0.2 (0.373), width:  16
 Scan time:  0.070
!! No sequences with E() < 0.1
 22>>>lcl|ORF4831_ZT-469_1:93060:93016_unnamed_protein_product - 14 aa
Library: ./database/DRAMP.fa
   696332 residues in 28274 sequences

Statistics:  Expectation_n fit: rho(ln(x))= 3.0841+/-0.000642; mu= 5.6546+/- 0.020
 mean_var=5.9208+/- 2.227, 0's: 2656 Z-trim(110.2): 2667  B-trim: 198 in 1/23
 Lambda= 0.527090
 statistics sampled from 10783 (10789) to 10783 sequences
Algorithm: FASTA (3.8 Nov 2011) [optimized]
Parameters: BL80 matrix (11:-6), open/ext: -10/-2
 ktup: 1, E-join: 1 (0.932), E-opt: 0.2 (0.373), width:  16
 Scan time:  0.070
!! No sequences with E() < 0.1
 23>>>lcl|ORF4990_ZT-469_1:77139:77083_unnamed_protein_product - 18 aa
Library: ./database/DRAMP.fa
   696332 residues in 28274 sequences

Statistics:  Expectation_n fit: rho(ln(x))= 3.0743+/-0.000686; mu= 6.6539+/- 0.022
 mean_var=5.9095+/- 2.181, 0's: 2512 Z-trim(110.1): 2523  B-trim: 0 in 0/24
 Lambda= 0.527592
 statistics sampled from 10567 (10570) to 10567 sequences
Algorithm: FASTA (3.8 Nov 2011) [optimized]
Parameters: BL80 matrix (11:-6), open/ext: -10/-2
 ktup: 1, E-join: 1 (0.933), E-opt: 0.2 (0.373), width:  16
 Scan time:  0.070
!! No sequences with E() < 0.1
 24>>>lcl|ORF5224_ZT-469_1:51228:51184_unnamed_protein_product - 14 aa
Library: ./database/DRAMP.fa
   696332 residues in 28274 sequences

Statistics:  Expectation_n fit: rho(ln(x))= 3.1123+/-0.00067; mu= 5.0757+/- 0.021
 mean_var=5.2080+/- 1.732, 0's: 3651 Z-trim(111.2): 3670  B-trim: 124 in 1/23
 Lambda= 0.562005
 statistics sampled from 12221 (12228) to 12221 sequences
Algorithm: FASTA (3.8 Nov 2011) [optimized]
Parameters: BL80 matrix (11:-6), open/ext: -10/-2
 ktup: 1, E-join: 1 (0.934), E-opt: 0.2 (0.376), width:  16
 Scan time:  0.070
!! No sequences with E() < 0.1
 25>>>lcl|ORF5371_ZT-469_1:35484:35437_unnamed_protein_product - 15 aa
Library: ./database/DRAMP.fa
   696332 residues in 28274 sequences

Statistics:  Expectation_n fit: rho(ln(x))= 3.2971+/-0.000807; mu= 4.7328+/- 0.026
 mean_var=4.3758+/- 1.501, 0's: 1506 Z-trim(106.5): 1520  B-trim: 0 in 0/24
 Lambda= 0.613118
 statistics sampled from 6736 (6741) to 6736 sequences
Algorithm: FASTA (3.8 Nov 2011) [optimized]
Parameters: BL80 matrix (11:-6), open/ext: -10/-2
 ktup: 1, E-join: 1 (0.932), E-opt: 0.2 (0.37), width:  16
 Scan time:  0.060
!! No sequences with E() < 0.1
 26>>>lcl|ORF5625_ZT-469_1:8241:8194_unnamed_protein_product - 15 aa
Library: ./database/DRAMP.fa
   696332 residues in 28274 sequences

Statistics:  Expectation_n fit: rho(ln(x))= 3.0879+/-0.000523; mu= 6.7058+/- 0.017
 mean_var=9.5985+/- 2.867, 0's: 2912 Z-trim(112.0): 2920  B-trim: 0 in 0/24
 Lambda= 0.413974
 statistics sampled from 13540 (13546) to 13540 sequences
Algorithm: FASTA (3.8 Nov 2011) [optimized]
Parameters: BL80 matrix (11:-6), open/ext: -10/-2
 ktup: 1, E-join: 1 (0.931), E-opt: 0.2 (0.374), width:  16
 Scan time:  0.080
!! No sequences with E() < 0.1
 27>>>lcl|ORF5831_ZT-469_1:150782:150726_unnamed_protein_product - 18 aa
Library: ./database/DRAMP.fa
   696332 residues in 28274 sequences

Statistics:  Expectation_n fit: rho(ln(x))= 3.1107+/- 0.001; mu= 6.4351+/- 0.032
 mean_var=4.9173+/- 1.472, 0's: 1186 Z-trim(105.1): 1195  B-trim: 279 in 1/23
 Lambda= 0.578377
 statistics sampled from 5640 (5642) to 5640 sequences
Algorithm: FASTA (3.8 Nov 2011) [optimized]
Parameters: BL80 matrix (11:-6), open/ext: -10/-2
 ktup: 1, E-join: 1 (0.927), E-opt: 0.2 (0.368), width:  16
 Scan time:  0.080
!! No sequences with E() < 0.1
 28>>>lcl|ORF5881_ZT-469_1:145997:145956_unnamed_protein_product - 13 aa
Library: ./database/DRAMP.fa
   696332 residues in 28274 sequences

Statistics:  Expectation_n fit: rho(ln(x))= 3.4221+/-0.000566; mu= 4.1523+/- 0.019
 mean_var=6.5833+/- 2.430, 0's: 2335 Z-trim(111.9): 2339  B-trim: 0 in 0/24
 Lambda= 0.499866
 statistics sampled from 13510 (13511) to 13510 sequences
Algorithm: FASTA (3.8 Nov 2011) [optimized]
Parameters: BL80 matrix (11:-6), open/ext: -10/-2
 ktup: 1, E-join: 1 (0.929), E-opt: 0.2 (0.372), width:  16
 Scan time:  0.080
!! No sequences with E() < 0.1
 29>>>lcl|ORF5902_ZT-469_1:144131:144078_unnamed_protein_product - 17 aa
Library: ./database/DRAMP.fa
   696332 residues in 28274 sequences

Statistics:  Expectation_n fit: rho(ln(x))= 4.0719+/-0.000567; mu= 3.9311+/- 0.018
 mean_var=8.6233+/- 3.191, 0's: 2182 Z-trim(111.6): 2191  B-trim: 380 in 1/23
 Lambda= 0.436756
 statistics sampled from 12767 (12771) to 12767 sequences
Algorithm: FASTA (3.8 Nov 2011) [optimized]
Parameters: BL80 matrix (11:-6), open/ext: -10/-2
 ktup: 1, E-join: 1 (0.93), E-opt: 0.2 (0.375), width:  16
 Scan time:  0.080
!! No sequences with E() < 0.1
 30>>>lcl|ORF5909_ZT-469_1:143399:143343_unnamed_protein_product - 18 aa
Library: ./database/DRAMP.fa
   696332 residues in 28274 sequences

Statistics:  Expectation_n fit: rho(ln(x))= 3.4233+/-0.000686; mu= 6.2028+/- 0.022
 mean_var=8.7111+/- 3.983, 0's: 2308 Z-trim(110.5): 2313  B-trim: 0 in 0/24
 Lambda= 0.434548
 statistics sampled from 11159 (11161) to 11159 sequences
Algorithm: FASTA (3.8 Nov 2011) [optimized]
Parameters: BL80 matrix (11:-6), open/ext: -10/-2
 ktup: 1, E-join: 1 (0.93), E-opt: 0.2 (0.375), width:  16
 Scan time:  0.080
!! No sequences with E() < 0.1
 31>>>lcl|ORF5962_ZT-469_1:137591:137559_unnamed_protein_product - 10 aa
Library: ./database/DRAMP.fa
   696332 residues in 28274 sequences

Statistics: MLE_cen statistics: Lambda= 0.4722;  K= 2.808 (cen=1894)
 statistics sampled from 14354 (14384) to 14354 sequences
Algorithm: FASTA (3.8 Nov 2011) [optimized]
Parameters: BL80 matrix (11:-6), open/ext: -10/-2
 ktup: 1, E-join: 1 (0.93), E-opt: 0.2 (0.38), width:  16
 Scan time:  0.060
!! No sequences with E() < 0.1
 32>>>lcl|ORF6204_ZT-469_1:111008:110967_unnamed_protein_product - 13 aa
Library: ./database/DRAMP.fa
   696332 residues in 28274 sequences

Statistics:  Expectation_n fit: rho(ln(x))= 3.3993+/-0.000778; mu= 3.7564+/- 0.025
 mean_var=4.4233+/- 1.651, 0's: 2156 Z-trim(109.6): 2173  B-trim: 1766 in 1/23
 Lambda= 0.609819
 statistics sampled from 9790 (9798) to 9790 sequences
Algorithm: FASTA (3.8 Nov 2011) [optimized]
Parameters: BL80 matrix (11:-6), open/ext: -10/-2
 ktup: 1, E-join: 1 (0.931), E-opt: 0.2 (0.379), width:  16
 Scan time:  0.070
!! No sequences with E() < 0.1
 33>>>lcl|ORF6375_ZT-469_1:92081:92046_unnamed_protein_product - 11 aa
Library: ./database/DRAMP.fa
   696332 residues in 28274 sequences

Statistics:  Expectation_n fit: rho(ln(x))= 1.4524+/-0.000615; mu= 10.6338+/- 0.019
 mean_var=8.9093+/- 3.010, 0's: 3334 Z-trim(112.0): 3337  B-trim: 393 in 1/23
 Lambda= 0.429688
 statistics sampled from 13203 (13203) to 13203 sequences
Algorithm: FASTA (3.8 Nov 2011) [optimized]
Parameters: BL80 matrix (11:-6), open/ext: -10/-2
 ktup: 1, E-join: 1 (0.932), E-opt: 0.2 (0.381), width:  16
 Scan time:  0.060
!! No sequences with E() < 0.1
 34>>>lcl|ORF7009_ZT-469_1:29546:29505_unnamed_protein_product - 13 aa
Library: ./database/DRAMP.fa
   696332 residues in 28274 sequences

Statistics:  Expectation_n fit: rho(ln(x))= 3.3844+/-0.000791; mu= 4.2738+/- 0.025
 mean_var=6.9428+/- 2.143, 0's: 1636 Z-trim(108.3): 1653  B-trim: 0 in 0/24
 Lambda= 0.486751
 statistics sampled from 8331 (8337) to 8331 sequences
Algorithm: FASTA (3.8 Nov 2011) [optimized]
Parameters: BL80 matrix (11:-6), open/ext: -10/-2
 ktup: 1, E-join: 1 (0.932), E-opt: 0.2 (0.379), width:  16
 Scan time:  0.060
!! No sequences with E() < 0.1
 35>>>lcl|ORF7127_ZT-469_1:18395:18360_unnamed_protein_product - 11 aa
Library: ./database/DRAMP.fa
   696332 residues in 28274 sequences

Statistics:  Expectation_n fit: rho(ln(x))= 2.4892+/-0.000547; mu= 6.3532+/- 0.017
 mean_var=5.9324+/- 1.849, 0's: 2946 Z-trim(113.0): 2979  B-trim: 458 in 1/23
 Lambda= 0.526574
 statistics sampled from 14903 (14934) to 14903 sequences
Algorithm: FASTA (3.8 Nov 2011) [optimized]
Parameters: BL80 matrix (11:-6), open/ext: -10/-2
 ktup: 1, E-join: 1 (0.934), E-opt: 0.2 (0.383), width:  16
 Scan time:  0.070

The best scores are:                                      opt bits E(28274)
DRAMP19487                                         (  15)   37 27.7   0.021

>>DRAMP19487                                              (15 aa)
 initn:  37 init1:  37 opt:  37  Z-score: 155.6  bits: 27.7 E(28274): 0.021
Smith-Waterman score: 37; 70.0% identity (90.0% similar) in 10 aa overlap (2-11:2-11)

               10     
lcl|O  MLGPFLQKLRR    
        :: ::.:.::    
DRAMP1 RLGRFLRKIRRFRPK
               10     


 36>>>lcl|ORF7290_ZT-469_1:185:150_unnamed_protein_product - 11 aa
Library: ./database/DRAMP.fa
   696332 residues in 28274 sequences

Statistics:  Expectation_n fit: rho(ln(x))= 2.4946+/-0.000475; mu= 6.7360+/- 0.015
 mean_var=6.6773+/- 2.043, 0's: 3363 Z-trim(113.9): 3371  B-trim: 0 in 0/24
 Lambda= 0.496334
 statistics sampled from 16570 (16573) to 16570 sequences
Algorithm: FASTA (3.8 Nov 2011) [optimized]
Parameters: BL80 matrix (11:-6), open/ext: -10/-2
 ktup: 1, E-join: 1 (0.935), E-opt: 0.2 (0.389), width:  16
 Scan time:  0.060
!! No sequences with E() < 0.1
 37>>>lcl|ORF7526_ZT-469_1:132076:132020_unnamed_protein_product - 18 aa
Library: ./database/DRAMP.fa
   696332 residues in 28274 sequences

Statistics:  Expectation_n fit: rho(ln(x))= 3.3800+/-0.000904; mu= 5.3450+/- 0.028
 mean_var=4.4637+/- 1.435, 0's: 1672 Z-trim(107.0): 1680  B-trim: 0 in 0/24
 Lambda= 0.607053
 statistics sampled from 6912 (6915) to 6912 sequences
Algorithm: FASTA (3.8 Nov 2011) [optimized]
Parameters: BL80 matrix (11:-6), open/ext: -10/-2
 ktup: 1, E-join: 1 (0.934), E-opt: 0.2 (0.385), width:  16
 Scan time:  0.080
!! No sequences with E() < 0.1
 38>>>lcl|ORF7620_ZT-469_1:121369:121319_unnamed_protein_product - 16 aa
Library: ./database/DRAMP.fa
   696332 residues in 28274 sequences

Statistics:  Expectation_n fit: rho(ln(x))= 3.4419+/-0.000653; mu= 4.9986+/- 0.022
 mean_var=6.8457+/- 2.411, 0's: 1909 Z-trim(110.3): 1927  B-trim: 400 in 1/23
 Lambda= 0.490192
 statistics sampled from 10534 (10538) to 10534 sequences
Algorithm: FASTA (3.8 Nov 2011) [optimized]
Parameters: BL80 matrix (11:-6), open/ext: -10/-2
 ktup: 1, E-join: 1 (0.934), E-opt: 0.2 (0.384), width:  16
 Scan time:  0.070
!! No sequences with E() < 0.1
 39>>>lcl|ORF7717_ZT-469_1:111439:111404_unnamed_protein_product - 11 aa
Library: ./database/DRAMP.fa
   696332 residues in 28274 sequences

Statistics:  Expectation_n fit: rho(ln(x))= 2.8739+/-0.000716; mu= 4.4338+/- 0.023
 mean_var=4.3159+/- 1.374, 0's: 2078 Z-trim(109.9): 2082  B-trim: 1830 in 1/23
 Lambda= 0.617359
 statistics sampled from 10085 (10090) to 10085 sequences
Algorithm: FASTA (3.8 Nov 2011) [optimized]
Parameters: BL80 matrix (11:-6), open/ext: -10/-2
 ktup: 1, E-join: 1 (0.934), E-opt: 0.2 (0.384), width:  16
 Scan time:  0.060
!! No sequences with E() < 0.1
 40>>>lcl|ORF7934_ZT-469_1:82690:82649_unnamed_protein_product - 13 aa
Library: ./database/DRAMP.fa
   696332 residues in 28274 sequences

Statistics:  Expectation_n fit: rho(ln(x))= 3.2271+/-0.000491; mu= 4.9618+/- 0.016
 mean_var=7.2042+/- 2.426, 0's: 3364 Z-trim(114.1): 3376  B-trim: 0 in 0/24
 Lambda= 0.477837
 statistics sampled from 16964 (16972) to 16964 sequences
Algorithm: FASTA (3.8 Nov 2011) [optimized]
Parameters: BL80 matrix (11:-6), open/ext: -10/-2
 ktup: 1, E-join: 1 (0.936), E-opt: 0.2 (0.389), width:  16
 Scan time:  0.070
!! No sequences with E() < 0.1
 41>>>lcl|ORF8224_ZT-469_1:53359:53327_unnamed_protein_product - 10 aa
Library: ./database/DRAMP.fa
   696332 residues in 28274 sequences

Statistics: MLE_cen statistics: Lambda= 0.6704;  K= 22.67 (cen=1743)
 statistics sampled from 13629 (13652) to 13629 sequences
Algorithm: FASTA (3.8 Nov 2011) [optimized]
Parameters: BL80 matrix (11:-6), open/ext: -10/-2
 ktup: 1, E-join: 1 (0.936), E-opt: 0.2 (0.391), width:  16
 Scan time:  0.070

The best scores are:                                      opt bits E(28274)
DRAMP24807                                         (  20)   30 25.9   0.093

>>DRAMP24807                                              (20 aa)
 initn:  30 init1:  30 opt:  30  Z-score: 144.0  bits: 25.9 E(28274): 0.093
Smith-Waterman score: 30; 71.4% identity (100.0% similar) in 7 aa overlap (4-10:10-16)

                     10    
lcl|O        MVRLIYVQRR    
                :::..::    
DRAMP2 KQGGRLFHFLIYLKRRFCAR
               10        20


 42>>>lcl|ORF8413_ZT-469_1:32272:32228_unnamed_protein_product - 14 aa
Library: ./database/DRAMP.fa
   696332 residues in 28274 sequences

Statistics:  Expectation_n fit: rho(ln(x))= 3.0734+/-0.000795; mu= 5.2396+/- 0.025
 mean_var=4.2815+/- 1.288, 0's: 1564 Z-trim(107.7): 1574  B-trim: 0 in 0/24
 Lambda= 0.619838
 statistics sampled from 7457 (7459) to 7457 sequences
Algorithm: FASTA (3.8 Nov 2011) [optimized]
Parameters: BL80 matrix (11:-6), open/ext: -10/-2
 ktup: 1, E-join: 1 (0.935), E-opt: 0.2 (0.388), width:  16
 Scan time:  0.060
!! No sequences with E() < 0.1
 43>>>lcl|ORF8484_ZT-469_1:25522:25469_unnamed_protein_product - 17 aa
Library: ./database/DRAMP.fa
   696332 residues in 28274 sequences

Statistics:  Expectation_n fit: rho(ln(x))= 3.7611+/-0.000655; mu= 3.8947+/- 0.020
 mean_var=5.3793+/- 1.646, 0's: 1887 Z-trim(109.4): 1901  B-trim: 0 in 0/24
 Lambda= 0.552982
 statistics sampled from 9393 (9394) to 9393 sequences
Algorithm: FASTA (3.8 Nov 2011) [optimized]
Parameters: BL80 matrix (11:-6), open/ext: -10/-2
 ktup: 1, E-join: 1 (0.935), E-opt: 0.2 (0.387), width:  16
 Scan time:  0.070
!! No sequences with E() < 0.1
 44>>>lcl|ORF8586_ZT-469_1:13795:13745_unnamed_protein_product - 16 aa
Library: ./database/DRAMP.fa
   696332 residues in 28274 sequences

Statistics:  Expectation_n fit: rho(ln(x))= 3.9110+/-0.000525; mu= 3.4551+/- 0.017
 mean_var=6.5815+/- 2.456, 0's: 2531 Z-trim(112.4): 2543  B-trim: 0 in 0/24
 Lambda= 0.499933
 statistics sampled from 13692 (13697) to 13692 sequences
Algorithm: FASTA (3.8 Nov 2011) [optimized]
Parameters: BL80 matrix (11:-6), open/ext: -10/-2
 ktup: 1, E-join: 1 (0.936), E-opt: 0.2 (0.389), width:  16
 Scan time:  0.070
!! No sequences with E() < 0.1
 45>>>lcl|ORF8616_ZT-469_1:10363:10328_unnamed_protein_product - 11 aa
Library: ./database/DRAMP.fa
   696332 residues in 28274 sequences

Statistics:  Expectation_n fit: rho(ln(x))= 2.9888+/-0.000669; mu= 4.1482+/- 0.021
 mean_var=3.9252+/- 1.600, 0's: 1706 Z-trim(108.9): 1719  B-trim: 0 in 0/24
 Lambda= 0.647352
 statistics sampled from 8760 (8761) to 8760 sequences
Algorithm: FASTA (3.8 Nov 2011) [optimized]
Parameters: BL80 matrix (11:-6), open/ext: -10/-2
 ktup: 1, E-join: 1 (0.937), E-opt: 0.2 (0.388), width:  16
 Scan time:  0.060

The best scores are:                                      opt bits E(28274)
DRAMP22326                                         (  20)   32 27.6    0.03

>>DRAMP22326                                              (20 aa)
 initn:  32 init1:  32 opt:  32  Z-score: 152.8  bits: 27.6 E(28274): 0.03
Smith-Waterman score: 32; 100.0% identity (100.0% similar) in 6 aa overlap (5-10:15-20)

                         10 
lcl|O            MRVNNYFILLK
                     :::::: 
DRAMP2 ECSATYAVPGDQYPNYFILL 
               10        20 


 46>>>lcl|ORF8685_ZT-469_1:4012:3974_unnamed_protein_product - 12 aa
Library: ./database/DRAMP.fa
   696332 residues in 28274 sequences

Statistics:  Expectation_n fit: rho(ln(x))= 1.8990+/-0.00062; mu= 8.8246+/- 0.019
 mean_var=6.3657+/- 2.157, 0's: 3550 Z-trim(112.1): 3566  B-trim: 646 in 1/23
 Lambda= 0.508337
 statistics sampled from 13211 (13211) to 13211 sequences
Algorithm: FASTA (3.8 Nov 2011) [optimized]
Parameters: BL80 matrix (11:-6), open/ext: -10/-2
 ktup: 1, E-join: 1 (0.938), E-opt: 0.2 (0.389), width:  16
 Scan time:  0.060
!! No sequences with E() < 0.1
 47>>>lcl|ORF487_ZT-468_1:69381:69455_unnamed_protein_product - 24 aa
Library: ./database/DRAMP.fa
   696332 residues in 28274 sequences

Statistics:  Expectation_n fit: rho(ln(x))= 3.2783+/-0.00068; mu= 7.5431+/- 0.023
 mean_var=8.4258+/- 3.113, 0's: 1732 Z-trim(109.2): 1736  B-trim: 0 in 0/24
 Lambda= 0.441845
 statistics sampled from 9141 (9142) to 9141 sequences
Algorithm: FASTA (3.8 Nov 2011) [optimized]
Parameters: BL80 matrix (11:-6), open/ext: -10/-2
 ktup: 1, E-join: 1 (0.938), E-opt: 0.2 (0.388), width:  16
 Scan time:  0.080

The best scores are:                                      opt bits E(28274)
DRAMP22773                                         (  20)   46 29.4    0.02

>>DRAMP22773                                              (20 aa)
 initn:  46 init1:  46 opt:  46  Z-score: 156.0  bits: 29.4 E(28274): 0.02
Smith-Waterman score: 46; 69.2% identity (76.9% similar) in 13 aa overlap (6-18:5-17)

               10        20    
lcl|O  MTGICSLRTCIYNTTFSAISIFKP
            ::::: :. : ::      
DRAMP2  MYSNSLRTCAYSDTHSASVD   
                10        20   


 48>>>lcl|ORF562_ZT-468_1:77850:77903_unnamed_protein_product - 17 aa
Library: ./database/DRAMP.fa
   696332 residues in 28274 sequences

Statistics:  Expectation_n fit: rho(ln(x))= 2.9961+/-0.000835; mu= 6.8088+/- 0.026
 mean_var=6.5589+/- 1.748, 0's: 1410 Z-trim(106.5): 1415  B-trim: 0 in 0/24
 Lambda= 0.500795
 statistics sampled from 6493 (6494) to 6493 sequences
Algorithm: FASTA (3.8 Nov 2011) [optimized]
Parameters: BL80 matrix (11:-6), open/ext: -10/-2
 ktup: 1, E-join: 1 (0.936), E-opt: 0.2 (0.385), width:  16
 Scan time:  0.060
!! No sequences with E() < 0.1
 49>>>lcl|ORF596_ZT-468_1:81417:81452_unnamed_protein_product - 11 aa
Library: ./database/DRAMP.fa
   696332 residues in 28274 sequences

Statistics:  Expectation_n fit: rho(ln(x))= 2.3663+/-0.000683; mu= 6.8342+/- 0.022
 mean_var=5.6586+/- 2.618, 0's: 1950 Z-trim(110.6): 1966  B-trim: 993 in 1/23
 Lambda= 0.539163
 statistics sampled from 10957 (10965) to 10957 sequences
Algorithm: FASTA (3.8 Nov 2011) [optimized]
Parameters: BL80 matrix (11:-6), open/ext: -10/-2
 ktup: 1, E-join: 1 (0.936), E-opt: 0.2 (0.385), width:  16
 Scan time:  0.060
!! No sequences with E() < 0.1
 50>>>lcl|ORF631_ZT-466_1:69165:69221_unnamed_protein_product - 42 aa
Library: ./database/DRAMP.fa
   696332 residues in 28274 sequences

Statistics:  Expectation_n fit: rho(ln(x))= 3.4422+/-0.000569; mu= 7.2291+/- 0.018
 mean_var=9.7840+/- 2.791, 0's: 2624 Z-trim(111.7): 2631  B-trim: 413 in 1/23
 Lambda= 0.410030
 statistics sampled from 12604 (12608) to 12604 sequences
Algorithm: FASTA (3.8 Nov 2011) [optimized]
Parameters: BL80 matrix (11:-6), open/ext: -10/-2
 ktup: 2, E-join: 1 (0.933), E-opt: 0.2 (0.386), width:  16
 Scan time:  0.050
!! No sequences with E() < 0.1

733 residues in 50 query   sequences
696332 residues in 28274 library sequences
 Tcomplib [36.3.6 Sep, 2013(preload9)] (8 proc in memory [0G])
 start: Thu Aug 21 15:13:04 2025 done: Thu Aug 21 15:13:09 2025
 Total Scan time:  3.290 Total Display time:  0.050

Function used was FASTA [36.3.6 Sep, 2013(preload9)]
