# /www/wwwroot/dramp.cpu-bioinfor.org/cgi-bin/seq-search/bin/ssearch35 -Q -s BL62 -b 50 -d 50 -E 20.0 -F 10 -T 8 /www/wwwroot/dramp.cpu-bioinfor.org/tmp/simi_search_tmp/zhGanPUD0xk4wBmU0W/zhGanPUD0xk4wBmU0W.in /www/wwwroot/dramp.cpu-bioinfor.org/cgi-bin/seq-search/database/DRAMP.fa
SSEARCH searches a sequence data bank
 version 36.05 March, 2010
Please cite:
 T. F. Smith and M. S. Waterman, (1981) J. Mol. Biol. 147:195-197; 
 W.R. Pearson (1991) Genomics 11:635-650

Query: /www/wwwroot/dramp.cpu-bioinfor.org/tmp/simi_search_tmp/zhGanPUD0xk4wBmU0W/zhGanPUD0xk4wBmU0W.in
  1>>>AamAP1-Lysine - 18 aa
Library: /www/wwwroot/dramp.cpu-bioinfor.org/cgi-bin/seq-search/database/DRAMP.fa
   696332 residues in 28274 sequences

       opt      E()
< 20     5     0:=
  22     6     0:=          one = represents 48 library sequences
  24     9     0:=
  26    10     1:*
  28    31     6:*
  30    41    39:*
  32   209   151:===*=
  34   474   408:========*=
  36   932   838:=================*==
  38  1663  1385:============================*======
  40  2213  1932:========================================*======
  42  2436  2362:=================================================*=
  44  2866  2606:======================================================*=====
  46  2569  2654:====================================================== *
  48  2405  2541:=================================================== *
  50  2116  2318:=============================================   *
  52  1744  2038:=====================================     *
  54  1510  1741:================================    *
  56  1089  1454:=======================       *
  58   970  1194:=====================   *
  60   708   967:===============     *
  62   726   775:================*
  64   592   617:============*
  66   491   487:==========*
  68   374   383:=======*
  70   368   300:======*=
  72   279   235:====*=
  74   269   183:===*==
  76   218   142:==*==
  78   201   111:==*==
  80   143    86:=*=
  82   117    66:=*=
  84    92    52:=*
  86    62    40:*=
  88    84    31:*=         inset = represents 1 library sequences
  90    37    24:*
  92    38    19:*         :==================*===================
  94    41    14:*         :=============*==========================
  96    32    11:*         :==========*=====================
  98    24     9:*         :========*===============
 100    14     7:*         :======*=======
 102    12     5:*         :====*=======
 104     7     4:*         :===*===
 106     5     3:*         :==*==
 108     7     2:*         :=*=====
 110     5     2:*         :=*===
 112     3     1:*         :*==
 114     1     1:*         :*
 116     1     1:*         :*
 118     2     1:*         :*=
>120    23     1:*         :*======================
   696332 residues in 28274 sequences
Statistics: MLE_cen statistics: Lambda= 0.3093;  K=0.07822 (cen=999)
 statistics sampled from 28252 (28274) to 28252 sequences
 Kolmogorov-Smirnov  statistic: 0.0411 (N=29) at  44
Algorithm: Smith-Waterman (SSE2, Michael Farrar 2006) (7.1 Aug 2009)
Parameters: BL62 matrix (11:-4), open/ext: -7/-1
 Scan time:  0.070

The best scores are:                                      s-w bits E(28274)
DRAMP05440                                         (  32)   38 20.6      10
DRAMP18193                                         (  34)   38 20.6      11
DRAMP03700                                         (  19)   36 19.7      11
DRAMP09342                                         (  11)   34 18.8      12
DRAMP05559                                         (  21)   36 19.7      12
DRAMP05550                                         (  21)   36 19.7      12
DRAMP03760                                         (  17)   35 19.3      13
DRAMP17383                                         (  24)   36 19.7      14
DRAMP02519                                         (  34)   37 20.2      14
DRAMP04340                                         (  19)   35 19.3      15
DRAMP04112                                         (  20)   35 19.3      16
DRAMP04297                                         (  15)   34 18.8      16
DRAMP05499                                         (  21)   35 19.3      17
DRAMP05516                                         (  21)   35 19.3      17
DRAMP29102                                         (  30)   36 19.7      17
DRAMP03970                                         (  17)   34 18.8      18
DRAMP03971                                         (  17)   34 18.8      18
DRAMP17382                                         (  32)   36 19.7      19
DRAMP13338                                         (  18)   34 18.8      19
DRAMP18399                                         (  18)   34 18.8      19
DRAMP14732                                         (  18)   34 18.8      19
DRAMP03967                                         (  18)   34 18.8      19
DRAMP06294                                         (  18)   34 18.8      19
DRAMP14731                                         (  18)   34 18.8      19

>>DRAMP05440                                              (32 aa)
 s-w opt:  38  Z-score: 107.5  bits: 20.6 E(28274):   10
Smith-Waterman score: 38; 53.3% identity (80.0% similar) in 15 aa overlap (2-16:1-15)

               10                       
AamAP1 FLFKLIPKAIKKLISKFK               
        : ::. : .:::..:                 
DRAMP0  LKKLLKKLLKKLLKKLLKKLLKKLLKKLLKKL
                10        20        30  

>>DRAMP18193                                              (34 aa)
 s-w opt:  38  Z-score: 107.0  bits: 20.6 E(28274):   11
Smith-Waterman score: 38; 47.1% identity (76.5% similar) in 17 aa overlap (3-18:7-23)

                   10                    
AamAP1     FLFKLIPKAIKKLISK-FK           
             :: . :..:: ..: ::           
DRAMP1 KRFKKFFKKVKKSVKKRLKKIFKKPMVIGVTIPF
               10        20        30    

>>DRAMP03700                                              (19 aa)
 s-w opt:  36  Z-score: 106.7  bits: 19.7 E(28274):   11
Smith-Waterman score: 36; 50.0% identity (72.2% similar) in 18 aa overlap (1-18:1-18)

               10         
AamAP1 FLFKLIPKAIKKLISKFK 
       ::. ::: ::. . : .: 
DRAMP0 FLWGLIPGAISAVTSLIKK
               10         

>>DRAMP09342                                              (11 aa)
 s-w opt:  34  Z-score: 106.1  bits: 18.8 E(28274):   12
Smith-Waterman score: 34; 63.6% identity (81.8% similar) in 11 aa overlap (3-13:1-11)

               10        
AamAP1 FLFKLIPKAIKKLISKFK
         :::. : .:::     
DRAMP0   FKLFKKILKKL     
                 10      

>>DRAMP05559                                              (21 aa)
 s-w opt:  36  Z-score: 105.9  bits: 19.7 E(28274):   12
Smith-Waterman score: 36; 42.9% identity (78.6% similar) in 14 aa overlap (4-17:1-14)

               10              
AamAP1 FLFKLIPKAIKKLISKFK      
          ::. : ..::. .:       
DRAMP0    KLVRKLVRKLVRNFPVGKLVR
                  10        20 

>>DRAMP05550                                              (21 aa)
 s-w opt:  36  Z-score: 105.9  bits: 19.7 E(28274):   12
Smith-Waterman score: 36; 42.9% identity (85.7% similar) in 14 aa overlap (4-17:1-14)

               10              
AamAP1 FLFKLIPKAIKKLISKFK      
          ::. : .:::....       
DRAMP0    KLVKKLVKKLVKNWPIGKLVK
                  10        20 

>>DRAMP03760                                              (17 aa)
 s-w opt:  35  Z-score: 105.2  bits: 19.3 E(28274):   13
Smith-Waterman score: 35; 50.0% identity (75.0% similar) in 16 aa overlap (3-18:2-17)

               10        
AamAP1 FLFKLIPKAIKKLISKFK
         :.:::. :  :.: .:
DRAMP0  FFSLIPSLIGGLVSAIK
                10       

>>DRAMP17383                                              (24 aa)
 s-w opt:  36  Z-score: 104.9  bits: 19.7 E(28274):   14
Smith-Waterman score: 36; 53.8% identity (84.6% similar) in 13 aa overlap (2-14:10-22)

                       10        
AamAP1         FLFKLIPKAIKKLISKFK
                :.::. : .:::.    
DRAMP1 GRVPYPRGGLLKLLKKLLKKLLKL  
               10        20      

>>DRAMP02519                                              (34 aa)
 s-w opt:  37  Z-score: 104.6  bits: 20.2 E(28274):   14
Smith-Waterman score: 37; 46.7% identity (73.3% similar) in 15 aa overlap (3-17:7-21)

                   10                    
AamAP1     FLFKLIPKAIKKLISKFK            
             :: . :..::  .::             
DRAMP0 KRFKKFFKKLKKSVKKRAKKFFKKPRVIGVSIPF
               10        20        30    

>>DRAMP04340                                              (19 aa)
 s-w opt:  35  Z-score: 104.3  bits: 19.3 E(28274):   15
Smith-Waterman score: 35; 57.1% identity (71.4% similar) in 14 aa overlap (3-16:5-18)

                 10        
AamAP1   FLFKLIPKAIKKLISKFK
           :: : : :::.. :  
DRAMP0 IGKKFKRIVKRIKKFLRKL 
               10          

>>DRAMP04112                                              (20 aa)
 s-w opt:  35  Z-score: 103.9  bits: 19.3 E(28274):   16
Smith-Waterman score: 35; 87.5% identity (100.0% similar) in 8 aa overlap (10-17:6-13)

               10              
AamAP1 FLFKLIPKAIKKLISKFK      
                ::::.:::       
DRAMP0     KWKSFIKKLLSKFLHSAKKF
                   10        20

>>DRAMP04297                                              (15 aa)
 s-w opt:  34  Z-score: 103.7  bits: 18.8 E(28274):   16
Smith-Waterman score: 34; 63.6% identity (90.9% similar) in 11 aa overlap (8-18:2-12)

               10           
AamAP1 FLFKLIPKAIKKLISKFK   
              ::.::: .:.:   
DRAMP0       LKALKKLAKKLKKLA
                     10     

>>DRAMP05499                                              (21 aa)
 s-w opt:  35  Z-score: 103.5  bits: 19.3 E(28274):   17
Smith-Waterman score: 35; 54.5% identity (81.8% similar) in 11 aa overlap (4-14:10-20)

                     10        
AamAP1       FLFKLIPKAIKKLISKFK
                ::. : .:::.    
DRAMP0 KLVKQWPIGKLVKKLVKKLVK   
               10        20    

>>DRAMP05516                                              (21 aa)
 s-w opt:  35  Z-score: 103.5  bits: 19.3 E(28274):   17
Smith-Waterman score: 35; 54.5% identity (81.8% similar) in 11 aa overlap (4-14:10-20)

                     10        
AamAP1       FLFKLIPKAIKKLISKFK
                ::. : .:::.    
DRAMP0 KLVKNWPIGKLVKKLVKKLVK   
               10        20    

>>DRAMP29102                                              (30 aa)
 s-w opt:  36  Z-score: 103.1  bits: 19.7 E(28274):   17
Smith-Waterman score: 36; 31.2% identity (81.2% similar) in 16 aa overlap (3-18:3-18)

               10                    
AamAP1 FLFKLIPKAIKKLISKFK            
         :: . :.... ..::.            
DRAMP2 KFFKRLLKSVRRAVKKFRKKPRLIGLSTLL
               10        20        30

>>DRAMP03970                                              (17 aa)
 s-w opt:  34  Z-score: 102.7  bits: 18.8 E(28274):   18
Smith-Waterman score: 34; 56.2% identity (68.8% similar) in 16 aa overlap (2-17:3-17)

                10        
AamAP1  FLFKLIPKAIKKLISKFK
         ::: ::: .  : .:: 
DRAMP0 WKLFKKIPKFLH-LAKKF 
               10         

>>DRAMP03971                                              (17 aa)
 s-w opt:  34  Z-score: 102.7  bits: 18.8 E(28274):   18
Smith-Waterman score: 34; 56.2% identity (68.8% similar) in 16 aa overlap (2-17:3-17)

                10        
AamAP1  FLFKLIPKAIKKLISKFK
         ::: ::: .  : .:: 
DRAMP0 FKLFKKIPKFLH-LAKKF 
               10         

>>DRAMP17382                                              (32 aa)
 s-w opt:  36  Z-score: 102.6  bits: 19.7 E(28274):   19
Smith-Waterman score: 36; 53.8% identity (84.6% similar) in 13 aa overlap (2-14:18-30)

                               10        
AamAP1                 FLFKLIPKAIKKLISKFK
                        :.::. : .:::.    
DRAMP1 NYQWVPYQGRVPYPRGGLLKLLKKLLKKLLKL  
               10        20        30    

>>DRAMP13338                                              (18 aa)
 s-w opt:  34  Z-score: 102.3  bits: 18.8 E(28274):   19
Smith-Waterman score: 34; 50.0% identity (85.7% similar) in 14 aa overlap (3-16:3-16)

               10        
AamAP1 FLFKLIPKAIKKLISKFK
         .::. :: ::...:  
DRAMP1 GKWKLFKKAAKKFLKKCS
               10        

>>DRAMP18399                                              (18 aa)
 s-w opt:  34  Z-score: 102.3  bits: 18.8 E(28274):   19
Smith-Waterman score: 34; 53.8% identity (92.3% similar) in 13 aa overlap (1-13:3-15)

                 10        
AamAP1   FLFKLIPKAIKKLISKFK
         ::..:::.::. .     
DRAMP1 FPFLLSLIPSAISAIKRL  
               10          

>>DRAMP14732                                              (18 aa)
 s-w opt:  34  Z-score: 102.3  bits: 18.8 E(28274):   19
Smith-Waterman score: 34; 56.2% identity (68.8% similar) in 16 aa overlap (2-17:4-18)

                 10        
AamAP1   FLFKLIPKAIKKLISKFK
          ::: ::: .  : .:: 
DRAMP1 RWKLFKKIPKFLH-LAKKF 
               10          

>>DRAMP03967                                              (18 aa)
 s-w opt:  34  Z-score: 102.3  bits: 18.8 E(28274):   19
Smith-Waterman score: 34; 56.2% identity (68.8% similar) in 16 aa overlap (2-17:4-18)

                 10        
AamAP1   FLFKLIPKAIKKLISKFK
          ::: ::: .  : .:: 
DRAMP0 KWKLFKKIPKFLH-LAKKF 
               10          

>>DRAMP06294                                              (18 aa)
 s-w opt:  34  Z-score: 102.3  bits: 18.8 E(28274):   19
Smith-Waterman score: 34; 50.0% identity (91.7% similar) in 12 aa overlap (2-13:2-13)

               10        
AamAP1 FLFKLIPKAIKKLISKFK
        ::..: .:.::.     
DRAMP0 GLFSIIMRAVKKVWQRVR
               10        

>>DRAMP14731                                              (18 aa)
 s-w opt:  34  Z-score: 102.3  bits: 18.8 E(28274):   19
Smith-Waterman score: 34; 56.2% identity (68.8% similar) in 16 aa overlap (2-17:4-18)

                 10        
AamAP1   FLFKLIPKAIKKLISKFK
          ::: ::: .  : .:: 
DRAMP1 KWKLFKKIPKFLH-LAKKF 
               10          



18 residues in 1 query   sequences
696332 residues in 28274 library sequences
 Scomplib [36.05]
 start: Thu Aug  6 17:41:55 2026 done: Thu Aug  6 17:41:55 2026
 Total Scan time:  0.070 Total Display time:  0.000

Function used was SSEARCH [version 36.05 March, 2010]
