# /www/wwwroot/dramp.cpu-bioinfor.org/cgi-bin/seq-search/bin/ssearch35 -Q -s BL80 -b 100 -d 100 -E 20.0 -T 8 /www/wwwroot/dramp.cpu-bioinfor.org/tmp/simi_search_tmp/6lZyhHumgLhHgBQpc0/6lZyhHumgLhHgBQpc0.in /www/wwwroot/dramp.cpu-bioinfor.org/cgi-bin/seq-search/database/DRAMP.fa
SSEARCH searches a sequence data bank
 version 36.05 March, 2010
Please cite:
 T. F. Smith and M. S. Waterman, (1981) J. Mol. Biol. 147:195-197; 
 W.R. Pearson (1991) Genomics 11:635-650

Query: /www/wwwroot/dramp.cpu-bioinfor.org/tmp/simi_search_tmp/6lZyhHumgLhHgBQpc0/6lZyhHumgLhHgBQpc0.in
  1>>>Peptide_3 - 6 aa
Library: /www/wwwroot/dramp.cpu-bioinfor.org/cgi-bin/seq-search/database/DRAMP.fa
   696332 residues in 28274 sequences

       opt      E()
< 20    12     0:=
  22     1     0:=          one = represents 46 library sequences
  24    17     0:=
  26    15     1:*
  28    49     6:*=
  30    97    39:*==
  32   158   151:===*
  34   599   408:========*=====
  36   638   839:==============    *
  38  2295  1386:==============================*===================
  40  1249  1934:============================              *
  42  2715  2364:===================================================*========
  44  2591  2608:========================================================*
  46  2324  2656:===================================================      *
  48  1859  2543:=========================================              *
  50  2190  2320:================================================  *
  52  2243  2040:============================================*====
  54  1620  1742:==================================== *
  56  2010  1455:===============================*============
  58  1068  1195:======================== *
  60  1070   968:=====================*==
  62   681   776:=============== *
  64   643   617:=============*
  66   393   488:========= *
  68   326   384:========*
  70   423   301:======*===
  72   364   235:=====*==
  74   140   183:===*
  76    80   143:== *
  78   103   111:==*
  80    52    86:=*
  82    68    66:=*
  84    42    52:=*
  86    65    40:*=
  88    33    31:*          inset = represents 1 library sequences
  90    24    24:*
  92     6    19:*         :======            *
  94     1    14:*         :=            *
  96     3    11:*         :===       *
  98     1     9:*         :=       *
 100     3     7:*         :===   *
 102     0     5:*         :    *
 104     3     4:*         :===*
 106     0     3:*         :  *
 108     0     2:*         : *
 110     0     2:*         : *
 112     0     1:*         :*
 114     0     1:*         :*
 116     0     1:*         :*
 118     0     1:*         :*
>120     0     1:*         :*
   696332 residues in 28274 sequences
Statistics: MLE_cen statistics: Lambda= 0.4637;  K=0.2012 (cen=999)
 statistics sampled from 28274 (28274) to 28274 sequences
 Kolmogorov-Smirnov  statistic: 0.0368 (N=29) at  38
Algorithm: Smith-Waterman (SSE2, Michael Farrar 2006) (7.1 Aug 2009)
Parameters: BL80 matrix (11:-6), open/ext: -10/-2
 Scan time:  0.060

The best scores are:                                      s-w bits E(28274)
DRAMP07869                                         (  12)   22 17.0      15
DRAMP06632                                         (  12)   22 17.0      15
DRAMP23726                                         (  20)   23 17.7      16

>>DRAMP07869                                              (12 aa)
 s-w opt:  22  Z-score: 104.2  bits: 17.0 E(28274):   15
Smith-Waterman score: 22; 80.0% identity (100.0% similar) in 5 aa overlap (1-5:4-8)

                   
Peptid    KIVEIS   
          .::::    
DRAMP0 RRWRIVEIRVRR
               10  

>>DRAMP06632                                              (12 aa)
 s-w opt:  22  Z-score: 104.2  bits: 17.0 E(28274):   15
Smith-Waterman score: 22; 80.0% identity (100.0% similar) in 5 aa overlap (1-5:4-8)

                   
Peptid    KIVEIS   
          .::::    
DRAMP0 RLARIVEIRVAR
               10  

>>DRAMP23726                                              (20 aa)
 s-w opt:  23  Z-score: 103.8  bits: 17.7 E(28274):   16
Smith-Waterman score: 23; 80.0% identity (100.0% similar) in 5 aa overlap (2-6:5-9)

                           
Peptid    KIVEIS           
           .::::           
DRAMP2 IVVAVVEISNHRDVQSSEKL
               10        20



6 residues in 1 query   sequences
696332 residues in 28274 library sequences
 Scomplib [36.05]
 start: Mon Jul 27 19:35:19 2026 done: Mon Jul 27 19:35:19 2026
 Total Scan time:  0.060 Total Display time:  0.000

Function used was SSEARCH [version 36.05 March, 2010]
