BLASTP 2.12.0+


Reference: Stephen F. Altschul, Thomas L. Madden, Alejandro A.
Schaffer, Jinghui Zhang, Zheng Zhang, Webb Miller, and David J.
Lipman (1997), "Gapped BLAST and PSI-BLAST: a new generation of
protein database search programs", Nucleic Acids Res. 25:3389-3402.


Reference for composition-based statistics: Alejandro A. Schaffer,
L. Aravind, Thomas L. Madden, Sergei Shavirin, John L. Spouge, Yuri
I. Wolf, Eugene V. Koonin, and Stephen F. Altschul (2001),
"Improving the accuracy of PSI-BLAST protein database searches with
composition-based statistics and other refinements", Nucleic Acids
Res. 29:2994-3005.



Database: DRAMP.fa
           28,274 sequences; 696,356 total letters



Query= peptide

Length=15
                                                                      Score     E
Sequences producing significant alignments:                          (Bits)  Value

DRAMP21895                                                            19.2    1.0  
DRAMP12022                                                            17.7    6.1  


>DRAMP21895
Length=20

 Score = 19.2 bits (38),  Expect = 1.0, Method: Compositional matrix adjust.
 Identities = 6/11 (55%), Positives = 9/11 (82%), Gaps = 0/11 (0%)

Query  3   LDFPIEWEKPK  13
           L+FPIEW+  +
Sbjct  3   LNFPIEWKARR  13


>DRAMP12022
Length=66

 Score = 17.7 bits (34),  Expect = 6.1, Method: Composition-based stats.
 Identities = 5/8 (63%), Positives = 6/8 (75%), Gaps = 0/8 (0%)

Query  4   DFPIEWEK  11
           D PI W+K
Sbjct  39  DCPISWQK  46



Lambda      K        H        a         alpha
   0.311    0.146    0.516    0.792     4.96 

Gapped
Lambda      K        H        a         alpha    sigma
   0.267   0.0410    0.140     1.90     42.6     43.6 

Effective search space used: 10445340


  Database: DRAMP.fa
    Posted date:  Jun 2, 2022  5:36 PM
  Number of letters in database: 696,356
  Number of sequences in database:  28,274



Matrix: BLOSUM62
Gap Penalties: Existence: 11, Extension: 1
Neighboring words threshold: 11
Window for multiple hits: 40
