# /var/www/dramp/cgi-bin/seq-search/bin/ssearch35 -Q -s BL62 -b 10 -d 10 -E 20.0 -T 8 /var/www/dramp/tmp/simi_search_tmp/HFmgf3BfuVx8qusMSG/HFmgf3BfuVx8qusMSG.in /var/www/dramp/cgi-bin/seq-search/database/DRAMP.fa
SSEARCH searches a sequence data bank
 version 36.05 March, 2010
Please cite:
 T. F. Smith and M. S. Waterman, (1981) J. Mol. Biol. 147:195-197; 
 W.R. Pearson (1991) Genomics 11:635-650

Query: /var/www/dramp/tmp/simi_search_tmp/HFmgf3BfuVx8qusMSG/HFmgf3BfuVx8qusMSG.in
  1>>>peptide_2 - 12 aa
Library: /var/www/dramp/cgi-bin/seq-search/database/DRAMP.fa
   696332 residues in 28274 sequences

       opt      E()
< 20     2     0:=
  22     3     0:=          one = represents 46 library sequences
  24     6     0:=
  26     4     1:*
  28    29     6:*
  30    98    39:*==
  32   194   151:===*=
  34   532   408:========*===
  36  1298   839:==================*==========
  38  1221  1386:===========================   *
  40  2386  1934:==========================================*=========
  42  2563  2364:===================================================*====
  44  2257  2608:==================================================      *
  46  2737  2656:=========================================================*==
  48  2181  2543:================================================       *
  50  1608  2320:===================================               *
  52  1990  2040:============================================*
  54  1600  1742:===================================  *
  56  1473  1455:===============================*=
  58  1232  1195:=========================*=
  60   900   968:==================== *
  62   730   776:================*
  64   664   617:=============*=
  66   511   488:==========*=
  68   411   384:========*
  70   385   301:======*==
  72   269   235:=====*
  74   218   183:===*=
  76   155   143:===*
  78   122   111:==*
  80    97    86:=*=
  82    79    66:=*
  84   125    52:=*=
  86    54    40:*=
  88    31    31:*          inset = represents 1 library sequences
  90    14    24:*
  92    22    19:*         :==================*===
  94    15    14:*         :=============*=
  96    14    11:*         :==========*===
  98    14     9:*         :========*=====
 100     7     7:*         :======*
 102     2     5:*         :==  *
 104     8     4:*         :===*====
 106     2     3:*         :==*
 108     0     2:*         : *
 110     2     2:*         :=*
 112     4     1:*         :*===
 114     3     1:*         :*==
 116     1     1:*         :*
 118     0     1:*         :*
>120     1     1:*         :*
   696332 residues in 28274 sequences
Statistics: MLE_cen statistics: Lambda= 0.3723;  K=0.1109 (cen=999)
 statistics sampled from 28274 (28274) to 28274 sequences
 Kolmogorov-Smirnov  statistic: 0.0427 (N=29) at  42
Algorithm: Smith-Waterman (SSE2, Michael Farrar 2006) (7.1 Aug 2009)
Parameters: BL62 matrix (11:-4), open/ext: -7/-1
 Scan time:  0.040

The best scores are:                                      s-w bits E(28274)
DRAMP02744                                         (  23)   35 22.0     1.9
DRAMP21622                                         (  17)   33 20.9       3
DRAMP18471                                         (  25)   33 20.9     4.3
DRAMP18473                                         (  25)   33 20.9     4.3
DRAMP18472                                         (  25)   33 20.9     4.3
DRAMP09962                                         (  19)   32 20.4     4.8
DRAMP09951                                         (  20)   32 20.4       5
DRAMP09939                                         (  20)   32 20.4       5
DRAMP09927                                         (  21)   32 20.4     5.3
DRAMP15693                                         (  18)   31 19.8     6.6

>>DRAMP02744                                              (23 aa)
 s-w opt:  35  Z-score: 120.4  bits: 22.0 E(28274):  1.9
Smith-Waterman score: 35; 70.0% identity (90.0% similar) in 10 aa overlap (3-12:7-16)

                   10         
peptid     GKKLALKAIAAI       
             ::::::. :.       
DRAMP0 FWGTLAKLALKAVPAVMGMIKKE
               10        20   

>>DRAMP21622                                              (17 aa)
 s-w opt:  33  Z-score: 117.0  bits: 20.9 E(28274):    3
Smith-Waterman score: 33; 70.0% identity (90.0% similar) in 10 aa overlap (3-12:1-10)

               10         
peptid GKKLALKAIAAI       
         ::::::. :.       
DRAMP2   KLALKALKALKAALKLA
                 10       

>>DRAMP18471                                              (25 aa)
 s-w opt:  33  Z-score: 114.0  bits: 20.9 E(28274):  4.3
Smith-Waterman score: 33; 87.5% identity (100.0% similar) in 8 aa overlap (2-9:1-8)

               10                
peptid GKKLALKAIAAI              
        :::::::.                 
DRAMP1  KKLALKALLLWLKALLKLAKLALKK
                10        20     

>>DRAMP18473                                              (25 aa)
 s-w opt:  33  Z-score: 114.0  bits: 20.9 E(28274):  4.3
Smith-Waterman score: 33; 87.5% identity (100.0% similar) in 8 aa overlap (2-9:1-8)

               10                
peptid GKKLALKAIAAI              
        :::::::.                 
DRAMP1  KKLALKALKLWLLALKKLALLALKK
                10        20     

>>DRAMP18472                                              (25 aa)
 s-w opt:  33  Z-score: 114.0  bits: 20.9 E(28274):  4.3
Smith-Waterman score: 33; 87.5% identity (100.0% similar) in 8 aa overlap (2-9:1-8)

               10                
peptid GKKLALKAIAAI              
        :::::::.                 
DRAMP1  KKLALKALKLWLLALLKLAKLALKK
                10        20     

>>DRAMP09962                                              (19 aa)
 s-w opt:  32  Z-score: 113.2  bits: 20.4 E(28274):  4.8
Smith-Waterman score: 32; 58.3% identity (83.3% similar) in 12 aa overlap (1-12:5-16)

                   10     
peptid     GKKLALKAIAAI   
           :.::.::  ::.   
DRAMP0 TKKNGRKLCLKLQAALYKK
               10         

>>DRAMP09951                                              (20 aa)
 s-w opt:  32  Z-score: 112.8  bits: 20.4 E(28274):    5
Smith-Waterman score: 32; 58.3% identity (83.3% similar) in 12 aa overlap (1-12:5-16)

                   10      
peptid     GKKLALKAIAAI    
           :.::.::  ::.    
DRAMP0 TKKNGRKLCLKLQAALYKKK
               10        20

>>DRAMP09939                                              (20 aa)
 s-w opt:  32  Z-score: 112.8  bits: 20.4 E(28274):    5
Smith-Waterman score: 32; 58.3% identity (83.3% similar) in 12 aa overlap (1-12:6-17)

                    10     
peptid      GKKLALKAIAAI   
            :.::.::  ::.   
DRAMP0 ATKKNGRKLCLKLQAALYKK
               10        20

>>DRAMP09927                                              (21 aa)
 s-w opt:  32  Z-score: 112.4  bits: 20.4 E(28274):  5.3
Smith-Waterman score: 32; 58.3% identity (83.3% similar) in 12 aa overlap (1-12:6-17)

                    10      
peptid      GKKLALKAIAAI    
            :.::.::  ::.    
DRAMP0 ATKKNGRKLCLKLQAALYKKK
               10        20 

>>DRAMP15693                                              (18 aa)
 s-w opt:  31  Z-score: 110.7  bits: 19.8 E(28274):  6.6
Smith-Waterman score: 31; 77.8% identity (88.9% similar) in 9 aa overlap (3-11:5-13)

                 10      
peptid   GKKLALKAIAAI    
           ::::::. :     
DRAMP1 KLALKLALKALKAALKLA
               10        



12 residues in 1 query   sequences
696332 residues in 28274 library sequences
 Scomplib [36.05]
 start: Tue May  5 17:25:37 2026 done: Tue May  5 17:25:37 2026
 Total Scan time:  0.040 Total Display time:  0.000

Function used was SSEARCH [version 36.05 March, 2010]
