# ../../cgi-bin/seq-search/bin/ssearch35 -Q -s BL62 -b 10 -d 10 -E 20.0 -T 8 ../../tmp/simi_search_tmp/YcWkdtST1IaoTqhWUw/YcWkdtST1IaoTqhWUw.in ./database/DRAMP.fa
SSEARCH searches a sequence data bank
 version 36.05 March, 2010
Please cite:
 T. F. Smith and M. S. Waterman, (1981) J. Mol. Biol. 147:195-197; 
 W.R. Pearson (1991) Genomics 11:635-650

Query: ../../tmp/simi_search_tmp/YcWkdtST1IaoTqhWUw/YcWkdtST1IaoTqhWUw.in
  1>>>Peptide_1 - 13 aa
Library: ./database/DRAMP.fa
   696332 residues in 28274 sequences

       opt      E()
< 20     2     0:=
  22     2     0:=          one = represents 40 library sequences
  24     3     0:=
  26    12     1:*
  28    18     6:*
  30    52    39:*=
  32   207   151:===*==
  34   478   408:==========*=
  36  1186   839:====================*=========
  38  1761  1386:==================================*==========
  40  2374  1934:================================================*===========
  42  2293  2364:========================================================== *
  44  2304  2607:========================================================== *
  46  2301  2656:========================================================== *
  48  2045  2543:====================================================       *
  50  2099  2320:=====================================================    *
  52  1673  2040:==========================================        *
  54  1104  1742:============================               *
  56   921  1455:========================            *
  58   818  1195:=====================        *
  60   771   968:====================    *
  62   572   776:===============    *
  64   758   617:===============*===
  66   488   488:============*
  68   509   384:=========*===
  70   408   301:=======*===
  72   508   235:=====*=======
  74   528   183:====*=========
  76   374   143:===*======
  78   322   111:==*======
  80   223    86:==*===
  82   203    66:=*====
  84   164    52:=*===
  86   146    40:*===
  88   127    31:*===       inset = represents 3 library sequences
  90    96    24:*==
  92   125    19:*===      :======*=================================
  94   110    14:*==       :====*================================
  96    60    11:*=        :===*================
  98    31     9:*         :==*========
 100    39     7:*         :==*==========
 102    19     5:*         :=*=====
 104    12     4:*         :=*==
 106     9     3:*         :*==
 108     5     2:*         :*=
 110     5     2:*         :*=
 112     1     1:*         :*
 114     3     1:*         :*
 116     3     1:*         :*
 118     1     1:*         :*
>120     1     1:*         :*
   696332 residues in 28274 sequences
Statistics: MLE_cen statistics: Lambda= 0.2510;  K=0.04329 (cen=999)
 statistics sampled from 28273 (28274) to 28273 sequences
 Kolmogorov-Smirnov  statistic: 0.0862 (N=29) at  62
Algorithm: Smith-Waterman (SSE2, Michael Farrar 2006) (7.1 Aug 2009)
Parameters: BL62 matrix (11:-4), open/ext: -7/-1
 Scan time:  0.050

The best scores are:                                      s-w bits E(28274)
DRAMP06425                                         (  17)   55 24.4    0.27
DRAMP04178                                         (   9)   44 20.5     2.3
DRAMP09008                                         (  18)   46 21.2     2.8
DRAMP04182                                         (  11)   44 20.5     2.8
DRAMP04175                                         (   7)   42 19.7     2.9
DRAMP09009                                         (  24)   46 21.2     3.7
DRAMP04179                                         (   9)   42 19.7     3.8
DRAMP21314                                         (  12)   43 20.1     3.9
DRAMP04183                                         (  11)   42 19.7     4.6
DRAMP20850                                         (  11)   41 19.4       6

>>DRAMP06425                                              (17 aa)
 s-w opt:  55  Z-score: 135.5  bits: 24.4 E(28274): 0.27
Smith-Waterman score: 55; 58.3% identity (83.3% similar) in 12 aa overlap (1-12:4-15)

                  10    
Peptid    RKWILKWLRMWKR 
          .::  :::..::  
DRAMP0 KLWKKWAKKWLKLWKAW
               10       

>>DRAMP04178                                              (9 aa)
 s-w opt:  44  Z-score: 118.9  bits: 20.5 E(28274):  2.3
Smith-Waterman score: 44; 75.0% identity (100.0% similar) in 8 aa overlap (2-9:2-9)

               10   
Peptid RKWILKWLRMWKR
        ::.::::.    
DRAMP0 LKWLLKWLK    
                    

>>DRAMP09008                                              (18 aa)
 s-w opt:  46  Z-score: 117.5  bits: 21.2 E(28274):  2.8
Smith-Waterman score: 46; 46.2% identity (69.2% similar) in 13 aa overlap (1-13:2-14)

                10       
Peptid  RKWILKWLRMWKR    
        :.:  .: : :.:    
DRAMP0 WRRWWRRWWRWWRRWWRR
               10        

>>DRAMP04182                                              (11 aa)
 s-w opt:  44  Z-score: 117.4  bits: 20.5 E(28274):  2.8
Smith-Waterman score: 44; 75.0% identity (100.0% similar) in 8 aa overlap (2-9:3-10)

                10   
Peptid  RKWILKWLRMWKR
         ::.::::.    
DRAMP0 LLKWLLKWLKK   
               10    

>>DRAMP04175                                              (7 aa)
 s-w opt:  42  Z-score: 117.0  bits: 19.7 E(28274):  2.9
Smith-Waterman score: 42; 85.7% identity (100.0% similar) in 7 aa overlap (2-8:1-7)

               10   
Peptid RKWILKWLRMWKR
        ::.::::     
DRAMP0  KWLLKWL     
                    

>>DRAMP09009                                              (24 aa)
 s-w opt:  46  Z-score: 115.2  bits: 21.2 E(28274):  3.7
Smith-Waterman score: 46; 46.2% identity (69.2% similar) in 13 aa overlap (1-13:1-13)

               10              
Peptid RKWILKWLRMWKR           
       :.:  .: : :.:           
DRAMP0 RRWWRRWRRWWRRWWRWWRRWWRR
               10        20    

>>DRAMP04179                                              (9 aa)
 s-w opt:  42  Z-score: 115.0  bits: 19.7 E(28274):  3.8
Smith-Waterman score: 42; 85.7% identity (100.0% similar) in 7 aa overlap (2-8:2-8)

               10   
Peptid RKWILKWLRMWKR
        ::.::::     
DRAMP0 LKWLLKWLL    
                    

>>DRAMP21314                                              (12 aa)
 s-w opt:  43  Z-score: 114.7  bits: 20.1 E(28274):  3.9
Smith-Waterman score: 43; 50.0% identity (70.0% similar) in 10 aa overlap (2-11:1-10)

               10   
Peptid RKWILKWLRMWKR
        .:. :: : :  
DRAMP2  RWLRKWTRKWLK
                10  

>>DRAMP04183                                              (11 aa)
 s-w opt:  42  Z-score: 113.5  bits: 19.7 E(28274):  4.6
Smith-Waterman score: 42; 85.7% identity (100.0% similar) in 7 aa overlap (2-8:3-9)

                10   
Peptid  RKWILKWLRMWKR
         ::.::::     
DRAMP0 LLKWLLKWLLK   
               10    

>>DRAMP20850                                              (11 aa)
 s-w opt:  41  Z-score: 111.5  bits: 19.4 E(28274):    6
Smith-Waterman score: 41; 63.6% identity (72.7% similar) in 11 aa overlap (3-13:2-11)

               10   
Peptid RKWILKWLRMWKR
         :  :: :.:::
DRAMP2  VW-RKWRRFWKR
                 10 



13 residues in 1 query   sequences
696332 residues in 28274 library sequences
 Scomplib [36.05]
 start: Tue May 20 21:18:00 2025 done: Tue May 20 21:18:00 2025
 Total Scan time:  0.050 Total Display time:  0.000

Function used was SSEARCH [version 36.05 March, 2010]
