BLASTP 2.2.28+


Reference: Stephen F. Altschul, Thomas L. Madden, Alejandro A.
Schaffer, Jinghui Zhang, Zheng Zhang, Webb Miller, and David J.
Lipman (1997), "Gapped BLAST and PSI-BLAST: a new generation of
protein database search programs", Nucleic Acids Res. 25:3389-3402.


Reference for composition-based statistics: Alejandro A. Schaffer,
L. Aravind, Thomas L. Madden, Sergei Shavirin, John L. Spouge, Yuri
I. Wolf, Eugene V. Koonin, and Stephen F. Altschul (2001),
"Improving the accuracy of PSI-BLAST protein database searches with
composition-based statistics and other refinements", Nucleic Acids
Res. 29:2994-3005.



Database: DRAMP.fa
           28,274 sequences; 696,356 total letters



Query= 2

Length=25
                                                                      Score     E
Sequences producing significant alignments:                          (Bits)  Value

  DRAMP00025                                                          20.0    0.95 
  DRAMP03745                                                          17.7    6.9  


> DRAMP00025
Length=38

 Score = 20.0 bits (40),  Expect = 0.95, Method: Compositional matrix adjust.
 Identities = 8/18 (44%), Positives = 12/18 (67%), Gaps = 0/18 (0%)

Query  4   GWVATGIFIGIVIGILLR  21
           GWV  GIF G+ + + L+
Sbjct  19  GWVGGGIFTGVTVVVSLK  36


> DRAMP03745
Length=13

 Score = 17.7 bits (34),  Expect = 6.9, Method: Compositional matrix adjust.
 Identities = 8/13 (62%), Positives = 10/13 (77%), Gaps = 0/13 (0%)

Query  11  FIGIVIGILLRIF  23
           FIG V G+L +IF
Sbjct  1   FIGAVAGLLSKIF  13



Lambda      K        H        a         alpha
   0.339    0.161    0.526    0.792     4.96 

Gapped
Lambda      K        H        a         alpha    sigma
   0.267   0.0410    0.140     1.90     42.6     43.6 

Effective search space used: 17408900


  Database: DRAMP.fa
    Posted date:  Jun 2, 2022  5:36 PM
  Number of letters in database: 696,356
  Number of sequences in database:  28,274



Matrix: BLOSUM62
Gap Penalties: Existence: 11, Extension: 1
Neighboring words threshold: 11
Window for multiple hits: 40
