BLASTP 2.12.0+


Reference: Stephen F. Altschul, Thomas L. Madden, Alejandro A.
Schaffer, Jinghui Zhang, Zheng Zhang, Webb Miller, and David J.
Lipman (1997), "Gapped BLAST and PSI-BLAST: a new generation of
protein database search programs", Nucleic Acids Res. 25:3389-3402.


Reference for composition-based statistics: Alejandro A. Schaffer,
L. Aravind, Thomas L. Madden, Sergei Shavirin, John L. Spouge, Yuri
I. Wolf, Eugene V. Koonin, and Stephen F. Altschul (2001),
"Improving the accuracy of PSI-BLAST protein database searches with
composition-based statistics and other refinements", Nucleic Acids
Res. 29:2994-3005.



Database: DRAMP.fa
           28,274 sequences; 696,356 total letters



Query= Peptide_1_KFV

Length=3


***** No hits found *****



Lambda      K        H        a         alpha
   0.354    0.161    0.471    0.792     4.96 

Gapped
Lambda      K        H        a         alpha    sigma
   0.267   0.0410    0.140     1.90     42.6     43.6 

Effective search space used: 2089068


Query= Peptide_2_FLK

Length=3


***** No hits found *****



Lambda      K        H        a         alpha
   0.356    0.171    0.503    0.792     4.96 

Gapped
Lambda      K        H        a         alpha    sigma
   0.267   0.0410    0.140     1.90     42.6     43.6 

Effective search space used: 2089068


Query= Peptide_3_KIF

Length=3


***** No hits found *****



Lambda      K        H        a         alpha
   0.361    0.176    0.516    0.792     4.96 

Gapped
Lambda      K        H        a         alpha    sigma
   0.267   0.0410    0.140     1.90     42.6     43.6 

Effective search space used: 2089068


Query= Peptide_4_KVF

Length=3


***** No hits found *****



Lambda      K        H        a         alpha
   0.354    0.161    0.471    0.792     4.96 

Gapped
Lambda      K        H        a         alpha    sigma
   0.267   0.0410    0.140     1.90     42.6     43.6 

Effective search space used: 2089068


Query= Peptide_5_KFI

Length=3


***** No hits found *****



Lambda      K        H        a         alpha
   0.361    0.176    0.516    0.792     4.96 

Gapped
Lambda      K        H        a         alpha    sigma
   0.267   0.0410    0.140     1.90     42.6     43.6 

Effective search space used: 2089068


Query= Peptide_6_LSFK

Length=4


***** No hits found *****



Lambda      K        H        a         alpha
   0.335    0.143    0.376    0.792     4.96 

Gapped
Lambda      K        H        a         alpha    sigma
   0.267   0.0410    0.140     1.90     42.6     43.6 

Effective search space used: 2785424


Query= Peptide_7_KYL

Length=3


***** No hits found *****



Lambda      K        H        a         alpha
   0.330    0.153    0.449    0.792     4.96 

Gapped
Lambda      K        H        a         alpha    sigma
   0.267   0.0410    0.140     1.90     42.6     43.6 

Effective search space used: 2089068


Query= Peptide_8_KFL

Length=3


***** No hits found *****



Lambda      K        H        a         alpha
   0.356    0.171    0.503    0.792     4.96 

Gapped
Lambda      K        H        a         alpha    sigma
   0.267   0.0410    0.140     1.90     42.6     43.6 

Effective search space used: 2089068


Query= Peptide_9_KVI

Length=3


***** No hits found *****



Lambda      K        H        a         alpha
   0.337    0.156    0.360    0.792     4.96 

Gapped
Lambda      K        H        a         alpha    sigma
   0.267   0.0410    0.140     1.90     42.6     43.6 

Effective search space used: 2089068


Query= Peptide_10_KTF

Length=3


***** No hits found *****



Lambda      K        H        a         alpha
   0.336    0.138    0.410    0.792     4.96 

Gapped
Lambda      K        H        a         alpha    sigma
   0.267   0.0410    0.140     1.90     42.6     43.6 

Effective search space used: 2089068


Query= Peptide_11_KII

Length=3


***** No hits found *****



Lambda      K        H        a         alpha
   0.346    0.172    0.402    0.792     4.96 

Gapped
Lambda      K        H        a         alpha    sigma
   0.267   0.0410    0.140     1.90     42.6     43.6 

Effective search space used: 2089068


Query= Peptide_12_FIK

Length=3


***** No hits found *****



Lambda      K        H        a         alpha
   0.361    0.176    0.516    0.792     4.96 

Gapped
Lambda      K        H        a         alpha    sigma
   0.267   0.0410    0.140     1.90     42.6     43.6 

Effective search space used: 2089068


Query= Peptide_13_KYI

Length=3


***** No hits found *****



Lambda      K        H        a         alpha
   0.334    0.157    0.463    0.792     4.96 

Gapped
Lambda      K        H        a         alpha    sigma
   0.267   0.0410    0.140     1.90     42.6     43.6 

Effective search space used: 2089068


Query= Peptide_14_KLF

Length=3


***** No hits found *****



Lambda      K        H        a         alpha
   0.356    0.171    0.503    0.792     4.96 

Gapped
Lambda      K        H        a         alpha    sigma
   0.267   0.0410    0.140     1.90     42.6     43.6 

Effective search space used: 2089068


Query= Peptide_15_KIV

Length=3


***** No hits found *****



Lambda      K        H        a         alpha
   0.337    0.156    0.360    0.792     4.96 

Gapped
Lambda      K        H        a         alpha    sigma
   0.267   0.0410    0.140     1.90     42.6     43.6 

Effective search space used: 2089068


Query= Peptide_16_FLR

Length=3


***** No hits found *****



Lambda      K        H        a         alpha
   0.379    0.186    0.592    0.792     4.96 

Gapped
Lambda      K        H        a         alpha    sigma
   0.267   0.0410    0.140     1.90     42.6     43.6 

Effective search space used: 2089068


Query= Peptide_17_YLR

Length=3


***** No hits found *****



Lambda      K        H        a         alpha
   0.351    0.167    0.536    0.792     4.96 

Gapped
Lambda      K        H        a         alpha    sigma
   0.267   0.0410    0.140     1.90     42.6     43.6 

Effective search space used: 2089068


Query= Peptide_18_YLK

Length=3


***** No hits found *****



Lambda      K        H        a         alpha
   0.330    0.153    0.449    0.792     4.96 

Gapped
Lambda      K        H        a         alpha    sigma
   0.267   0.0410    0.140     1.90     42.6     43.6 

Effective search space used: 2089068


Query= Peptide_19_YLLR

Length=4


***** No hits found *****



Lambda      K        H        a         alpha
   0.353    0.171    0.514    0.792     4.96 

Gapped
Lambda      K        H        a         alpha    sigma
   0.267   0.0410    0.140     1.90     42.6     43.6 

Effective search space used: 2785424


Query= Peptide_20_VIV

Length=3


***** No hits found *****



Lambda      K        H        a         alpha
   0.359    0.176    0.398    0.792     4.96 

Gapped
Lambda      K        H        a         alpha    sigma
   0.267   0.0410    0.140     1.90     42.6     43.6 

Effective search space used: 2089068


Query= Peptide_21_VVI

Length=3


***** No hits found *****



Lambda      K        H        a         alpha
   0.359    0.176    0.398    0.792     4.96 

Gapped
Lambda      K        H        a         alpha    sigma
   0.267   0.0410    0.140     1.90     42.6     43.6 

Effective search space used: 2089068


Query= Peptide_22_IVV

Length=3


***** No hits found *****



Lambda      K        H        a         alpha
   0.359    0.176    0.398    0.792     4.96 

Gapped
Lambda      K        H        a         alpha    sigma
   0.267   0.0410    0.140     1.90     42.6     43.6 

Effective search space used: 2089068


Query= Peptide_23_VVV

Length=3


***** No hits found *****



Lambda      K        H        a         alpha
   0.349    0.160    0.357    0.792     4.96 

Gapped
Lambda      K        H        a         alpha    sigma
   0.267   0.0410    0.140     1.90     42.6     43.6 

Effective search space used: 2089068


Query= Peptide_24_VVL

Length=3


***** No hits found *****



Lambda      K        H        a         alpha
   0.353    0.170    0.387    0.792     4.96 

Gapped
Lambda      K        H        a         alpha    sigma
   0.267   0.0410    0.140     1.90     42.6     43.6 

Effective search space used: 2089068


Query= Peptide_25_LPVVL

Length=5


***** No hits found *****



Lambda      K        H        a         alpha
   0.336    0.162    0.469    0.792     4.96 

Gapped
Lambda      K        H        a         alpha    sigma
   0.267   0.0410    0.140     1.90     42.6     43.6 

Effective search space used: 3481780


Query= Peptide_26_PGLP

Length=4


***** No hits found *****



Lambda      K        H        a         alpha
   0.313    0.167    0.604    0.792     4.96 

Gapped
Lambda      K        H        a         alpha    sigma
   0.267   0.0410    0.140     1.90     42.6     43.6 

Effective search space used: 2785424


Query= Peptide_27_EEFYK

Length=5


***** No hits found *****



Lambda      K        H        a         alpha
   0.314    0.140    0.398    0.792     4.96 

Gapped
Lambda      K        H        a         alpha    sigma
   0.267   0.0410    0.140     1.90     42.6     43.6 

Effective search space used: 3481780


Query= Peptide_28_LGAGPE

Length=6


***** No hits found *****



Lambda      K        H        a         alpha
   0.304    0.145    0.440    0.792     4.96 

Gapped
Lambda      K        H        a         alpha    sigma
   0.267   0.0410    0.140     1.90     42.6     43.6 

Effective search space used: 4178136


Query= Peptide_29_DLHF

Length=4


***** No hits found *****



Lambda      K        H        a         alpha
   0.346    0.164    0.610    0.792     4.96 

Gapped
Lambda      K        H        a         alpha    sigma
   0.267   0.0410    0.140     1.90     42.6     43.6 

Effective search space used: 2785424


  Database: DRAMP.fa
    Posted date:  Jun 2, 2022  5:36 PM
  Number of letters in database: 696,356
  Number of sequences in database:  28,274



Matrix: BLOSUM62
Gap Penalties: Existence: 11, Extension: 1
Neighboring words threshold: 11
Window for multiple hits: 40
