# ../../cgi-bin/seq-search/bin/fasta36 -Q -s BL62 -b 10 -d 10 -E 20.0 -T 8 ../../tmp/simi_search_tmp/RR27wdj6ykrvxpTo3o/RR27wdj6ykrvxpTo3o.in ./database/DRAMP.fa
FASTA searches a protein or DNA sequence data bank
 version 36.3.6 Sep, 2013(preload9)
Please cite:
 W.R. Pearson & D.J. Lipman PNAS (1988) 85:2444-2448

Query: ../../tmp/simi_search_tmp/RR27wdj6ykrvxpTo3o/RR27wdj6ykrvxpTo3o.in
  1>>>1 - 30 aa
Library: ./database/DRAMP.fa
   696332 residues in 28274 sequences

Statistics:  Expectation_n fit: rho(ln(x))= 6.0769+/-0.000519; mu= -1.7472+/- 0.017
 mean_var=11.9955+/- 2.946, 0's: 3923 Z-trim(115.8): 3936  B-trim: 0 in 0/24
 Lambda= 0.370309
 statistics sampled from 15250 (15260) to 15250 sequences
Algorithm: FASTA (3.8 Nov 2011) [optimized]
Parameters: BL62 matrix (11:-4), open/ext: -11/-1
 ktup: 1, E-join: 1 (0.98), E-opt: 0.2 (0.54), width:  16
 Scan time:  0.110

The best scores are:                                      opt bits E(28274)
DRAMP00005                                         (  30)  158 85.8 3.7e-19
DRAMP05643                                         (  34)   66 36.5  0.0003
DRAMP00039                                         (  34)   66 36.5  0.0003
DRAMP12428                                         (  34)   45 25.2    0.73
DRAMP12475                                         (  34)   45 25.2    0.73
DRAMP12738                                         (  39)   45 25.0    0.99
DRAMP12701                                         (  34)   44 24.7     1.1
DRAMP12719                                         (  36)   44 24.6     1.2
DRAMP12435                                         (  31)   43 24.3     1.2
DRAMP18364                                         (  27)   42 24.1     1.3

>>DRAMP00005                                              (30 aa)
 initn: 158 init1: 158 opt: 158  Z-score: 456.4  bits: 85.8 E(28274): 3.7e-19
Smith-Waterman score: 158; 100.0% identity (100.0% similar) in 30 aa overlap (1-30:1-30)

               10        20        30
1      SLGPAIKATRQVCPKATRFVTVSCKKSDCQ
       ::::::::::::::::::::::::::::::
DRAMP0 SLGPAIKATRQVCPKATRFVTVSCKKSDCQ
               10        20        30

>>DRAMP05643                                              (34 aa)
 initn:  47 init1:  45 opt:  66  Z-score: 188.5  bits: 36.5 E(28274): 0.0003
Smith-Waterman score: 66; 53.1% identity (71.9% similar) in 32 aa overlap (3-30:3-34)

               10           20         30
1      SLGPAIKATRQVCPK---ATRFVTVSCK-KSDCQ
         ::::.:. . : :   :::. ::::: :. :.
DRAMP0 TAGPAIRASVKQCQKTLKATRLFTVSCKGKNGCK
               10        20        30    

>>DRAMP00039                                              (34 aa)
 initn:  47 init1:  45 opt:  66  Z-score: 188.5  bits: 36.5 E(28274): 0.0003
Smith-Waterman score: 66; 53.1% identity (71.9% similar) in 32 aa overlap (3-30:3-34)

               10           20         30
1      SLGPAIKATRQVCPK---ATRFVTVSCK-KSDCQ
         ::::.:. . : :   :::. ::::: :. :.
DRAMP0 TAGPAIRASVKQCQKTLKATRLFTVSCKGKNGCK
               10        20        30    

>>DRAMP12428                                              (34 aa)
 initn:  44 init1:  29 opt:  45  Z-score: 127.9  bits: 25.2 E(28274): 0.73
Smith-Waterman score: 45; 42.9% identity (71.4% similar) in 21 aa overlap (9-29:8-27)

               10        20        30      
1      SLGPAIKATRQVCPKATRFVTVSCKKSDCQ      
               : : ::.  .: .:.:.:. :       
DRAMP1  TTPTPCRTDQDCPRKKKF-SVTCRKGFCAEIRHVY
                10         20        30    

>>DRAMP12475                                              (34 aa)
 initn:  52 init1:  45 opt:  45  Z-score: 127.9  bits: 25.2 E(28274): 0.73
Smith-Waterman score: 45; 38.9% identity (66.7% similar) in 18 aa overlap (13-30:10-27)

               10        20        30       
1      SLGPAIKATRQVCPKATRFVTVSCKKSDCQ       
                   :: .::    .: :..:.       
DRAMP1    YVNCETDADCPPSTRVKRFKCVKGECRWTRMSYA
                  10        20        30    

>>DRAMP12738                                              (39 aa)
 initn:  44 init1:  27 opt:  45  Z-score: 125.5  bits: 25.0 E(28274): 0.99
Smith-Waterman score: 45; 33.3% identity (77.8% similar) in 27 aa overlap (3-29:11-34)

                       10        20        30    
1              SLGPAIKATRQVCPKATRFVTVSCKKSDCQ    
                 ::..  : . :::.... .. :.:..:     
DRAMP1 VYDSIPYVNSGPCV--TDKDCPKVSQY-NIRCRKGQCARIRV
               10          20         30         

>>DRAMP12701                                              (34 aa)
 initn:  43 init1:  33 opt:  44  Z-score: 125.0  bits: 24.7 E(28274):  1.1
Smith-Waterman score: 44; 47.6% identity (71.4% similar) in 21 aa overlap (9-29:12-31)

                  10        20        30  
1         SLGPAIKATRQVCPKATRFVTVSCKKSDCQ  
                  : . :::  : :.: :.:..:   
DRAMP1 SFSQIFNSACKTDKDCPKFGR-VNVRCRKGNCVPI
               10        20         30    

>>DRAMP12719                                              (36 aa)
 initn:  44 init1:  44 opt:  44  Z-score: 124.0  bits: 24.6 E(28274):  1.2
Smith-Waterman score: 44; 44.4% identity (66.7% similar) in 18 aa overlap (13-30:13-30)

               10        20        30      
1      SLGPAIKATRQVCPKATRFVTVSCKKSDCQ      
                   :::: . . :.:  . ::      
DRAMP1 YKTKTPCKSLNDCPKAIKPIFVKCLGNICQYSIGRI
               10        20        30      

>>DRAMP12435                                              (31 aa)
 initn:  43 init1:  34 opt:  43  Z-score: 123.8  bits: 24.3 E(28274):  1.2
Smith-Waterman score: 43; 47.6% identity (71.4% similar) in 21 aa overlap (9-29:9-28)

               10        20        30  
1      SLGPAIKATRQVCPKATRFVTVSCKKSDCQ  
               : . :::  : :.: :.:..:   
DRAMP1 KTFDRACKTDKDCPKL-RGVNVRCRKDQCVTV
               10         20        30 

>>DRAMP18364                                              (27 aa)
 initn:  42 init1:  40 opt:  42  Z-score: 123.3  bits: 24.1 E(28274):  1.3
Smith-Waterman score: 42; 36.0% identity (72.0% similar) in 25 aa overlap (6-30:5-27)

               10        20        30
1      SLGPAIKATRQVCPKATRFVTVSCKKSDCQ
            .:... ::  .: . :.::  :.:.
DRAMP1  WTTIVKVSKAVCKTGTCICTTSC--SNCK
                10        20         



30 residues in 1 query   sequences
696332 residues in 28274 library sequences
 Tcomplib [36.3.6 Sep, 2013(preload9)] (8 proc in memory [0G])
 start: Thu Jun 26 12:15:56 2025 done: Thu Jun 26 12:15:56 2025
 Total Scan time:  0.110 Total Display time:  0.000

Function used was FASTA [36.3.6 Sep, 2013(preload9)]
