# ../../cgi-bin/seq-search/bin/ssearch35 -Q -s BL62 -b 10 -d 10 -E 20.0 -T 8 ../../tmp/simi_search_tmp/WjdSpbKzKkkNHg3Uno/WjdSpbKzKkkNHg3Uno.in ./database/DRAMP.fa
SSEARCH searches a sequence data bank
 version 36.05 March, 2010
Please cite:
 T. F. Smith and M. S. Waterman, (1981) J. Mol. Biol. 147:195-197; 
 W.R. Pearson (1991) Genomics 11:635-650

Query: ../../tmp/simi_search_tmp/WjdSpbKzKkkNHg3Uno/WjdSpbKzKkkNHg3Uno.in
  1>>>4 - 13 aa
Library: ./database/DRAMP.fa
   696332 residues in 28274 sequences

       opt      E()
< 20     4     0:=
  22     4     0:=          one = represents 45 library sequences
  24    24     0:=
  26    24     1:*
  28    64     6:*=
  30   121    39:*==
  32   330   151:===*====
  34   526   408:=========*==
  36   835   839:==================*
  38  1196  1386:===========================   *
  40  1943  1934:==========================================*=
  42  2339  2364:====================================================*
  44  2131  2608:================================================         *
  46  2568  2656:========================================================== *
  48  2677  2543:========================================================*===
  50  2383  2320:===================================================*=
  52  2361  2040:=============================================*=======
  54  1866  1742:======================================*===
  56  1772  1455:================================*=======
  58  1033  1195:=======================   *
  60   839   968:===================  *
  62   782   776:=================*
  64   858   617:=============*======
  66   372   488:========= *
  68   288   384:======= *
  70   203   301:===== *
  72   153   235:==== *
  74   119   183:=== *
  76   107   143:===*
  78    68   111:==*
  80    51    86:=*
  82    30    66:=*
  84    44    52:=*
  86    42    40:*
  88    20    31:*          inset = represents 1 library sequences
  90    15    24:*
  92    14    19:*         :==============    *
  94    23    14:*         :=============*=========
  96    18    11:*         :==========*=======
  98    10     9:*         :========*=
 100     5     7:*         :===== *
 102     4     5:*         :====*
 104     2     4:*         :== *
 106     1     3:*         := *
 108     0     2:*         : *
 110     3     2:*         :=*=
 112     2     1:*         :*=
 114     0     1:*         :*
 116     0     1:*         :*
 118     0     1:*         :*
>120     0     1:*         :*
   696332 residues in 28274 sequences
Statistics: MLE_cen statistics: Lambda= 0.3151;  K=0.1056 (cen=999)
 statistics sampled from 28274 (28274) to 28274 sequences
 Kolmogorov-Smirnov  statistic: 0.0238 (N=29) at  56
Algorithm: Smith-Waterman (SSE2, Michael Farrar 2006) (7.1 Aug 2009)
Parameters: BL62 matrix (11:-4), open/ext: -7/-1
 Scan time:  0.040

The best scores are:                                      s-w bits E(28274)
DRAMP02077                                         (  24)   38 20.5     5.9
DRAMP19417                                         (  24)   38 20.5     5.9
DRAMP19415                                         (  24)   38 20.5     5.9
DRAMP02097                                         (  24)   38 20.5     5.9
DRAMP02100                                         (  24)   38 20.5     5.9
DRAMP11267                                         (  12)   34 18.7      10
DRAMP01926                                         (  24)   35 19.2      15
DRAMP01920                                         (  24)   35 19.2      15
DRAMP11268                                         (  12)   32 17.8      19

>>DRAMP02077                                              (24 aa)
 s-w opt:  38  Z-score: 111.6  bits: 20.5 E(28274):  5.9
Smith-Waterman score: 38; 62.5% identity (100.0% similar) in 8 aa overlap (4-11:11-18)

                      10       
4             KKYKIYPKFFCKK    
                 :..::.::      
DRAMP0 FLPIIAGIAAKVFPKIFCAISKKC
               10        20    

>>DRAMP19417                                              (24 aa)
 s-w opt:  38  Z-score: 111.6  bits: 20.5 E(28274):  5.9
Smith-Waterman score: 38; 62.5% identity (100.0% similar) in 8 aa overlap (4-11:11-18)

                      10       
4             KKYKIYPKFFCKK    
                 :..::.::      
DRAMP1 FLPIIAGVAAKVFPKIFCAISKKC
               10        20    

>>DRAMP19415                                              (24 aa)
 s-w opt:  38  Z-score: 111.6  bits: 20.5 E(28274):  5.9
Smith-Waterman score: 38; 62.5% identity (100.0% similar) in 8 aa overlap (4-11:11-18)

                      10       
4             KKYKIYPKFFCKK    
                 :..::.::      
DRAMP1 FLPIIASVAAKVFPKIFCAISKKC
               10        20    

>>DRAMP02097                                              (24 aa)
 s-w opt:  38  Z-score: 111.6  bits: 20.5 E(28274):  5.9
Smith-Waterman score: 38; 62.5% identity (100.0% similar) in 8 aa overlap (4-11:11-18)

                      10       
4             KKYKIYPKFFCKK    
                 :..::.::      
DRAMP0 FLPIIAGVAAKVFPKIFCAISKKC
               10        20    

>>DRAMP02100                                              (24 aa)
 s-w opt:  38  Z-score: 111.6  bits: 20.5 E(28274):  5.9
Smith-Waterman score: 38; 62.5% identity (100.0% similar) in 8 aa overlap (4-11:11-18)

                      10       
4             KKYKIYPKFFCKK    
                 :..::.::      
DRAMP0 FLPIIASVAAKVFPKIFCAISKKC
               10        20    

>>DRAMP11267                                              (12 aa)
 s-w opt:  34  Z-score: 107.2  bits: 18.7 E(28274):   10
Smith-Waterman score: 34; 50.0% identity (90.0% similar) in 10 aa overlap (1-10:3-12)

                 10   
4        KKYKIYPKFFCKK
         ::.:.. .::   
DRAMP1 RKKKFKFFKRFF   
               10     

>>DRAMP01926                                              (24 aa)
 s-w opt:  35  Z-score: 104.2  bits: 19.2 E(28274):   15
Smith-Waterman score: 35; 71.4% identity (100.0% similar) in 7 aa overlap (6-12:13-19)

                      10       
4             KKYKIYPKFFCKK    
                   .::.:::     
DRAMP0 FLPLLAGLAANFFPKIFCKITRKC
               10        20    

>>DRAMP01920                                              (24 aa)
 s-w opt:  35  Z-score: 104.2  bits: 19.2 E(28274):   15
Smith-Waterman score: 35; 75.0% identity (87.5% similar) in 8 aa overlap (4-11:11-18)

                      10       
4             KKYKIYPKFFCKK    
                 :: ::.::      
DRAMP0 FLPILAGLAAKIVPKLFCLATKKC
               10        20    

>>DRAMP11268                                              (12 aa)
 s-w opt:  32  Z-score: 102.3  bits: 17.8 E(28274):   19
Smith-Waterman score: 32; 50.0% identity (90.0% similar) in 10 aa overlap (1-10:3-12)

                 10   
4        KKYKIYPKFFCKK
         ::.::. ..:   
DRAMP1 RKKKFKIFKRLF   
               10     



13 residues in 1 query   sequences
696332 residues in 28274 library sequences
 Scomplib [36.05]
 start: Fri May 23 02:07:23 2025 done: Fri May 23 02:07:23 2025
 Total Scan time:  0.040 Total Display time:  0.000

Function used was SSEARCH [version 36.05 March, 2010]
