BLASTP 2.2.28+


Reference: Stephen F. Altschul, Thomas L. Madden, Alejandro A.
Schaffer, Jinghui Zhang, Zheng Zhang, Webb Miller, and David J.
Lipman (1997), "Gapped BLAST and PSI-BLAST: a new generation of
protein database search programs", Nucleic Acids Res. 25:3389-3402.


Reference for composition-based statistics: Alejandro A. Schaffer,
L. Aravind, Thomas L. Madden, Sergei Shavirin, John L. Spouge, Yuri
I. Wolf, Eugene V. Koonin, and Stephen F. Altschul (2001),
"Improving the accuracy of PSI-BLAST protein database searches with
composition-based statistics and other refinements", Nucleic Acids
Res. 29:2994-3005.



Database: DRAMP.fa
           28,274 sequences; 696,356 total letters



Query= 
Length=26
                                                                      Score     E
Sequences producing significant alignments:                          (Bits)  Value

  DRAMP21617                                                          48.9    4e-11
  DRAMP21616                                                          48.5    5e-11


> DRAMP21617
Length=26

 Score = 48.9 bits (115),  Expect = 4e-11, Method: Compositional matrix adjust.
 Identities = 24/26 (92%), Positives = 24/26 (92%), Gaps = 0/26 (0%)

Query  1   QQRKRKIWSXLAPXGTTLVKLVAGIG  26
           QQRKRKIWS LAP GTTLVKLVAGIG
Sbjct  1   QQRKRKIWSKLAPDGTTLVKLVAGIG  26


> DRAMP21616
Length=26

 Score = 48.5 bits (114),  Expect = 5e-11, Method: Compositional matrix adjust.
 Identities = 24/26 (92%), Positives = 24/26 (92%), Gaps = 0/26 (0%)

Query  1   QQRKRKIWSXLAPXGTTLVKLVAGIG  26
           QQRKRKIWS LAP GTTLVKLVAGIG
Sbjct  1   QQRKRKIWSILAPLGTTLVKLVAGIG  26



Lambda      K        H        a         alpha
   0.320    0.136    0.409    0.792     4.96 

Gapped
Lambda      K        H        a         alpha    sigma
   0.267   0.0410    0.140     1.90     42.6     43.6 

Effective search space used: 18105256


  Database: DRAMP.fa
    Posted date:  Jun 2, 2022  5:36 PM
  Number of letters in database: 696,356
  Number of sequences in database:  28,274



Matrix: BLOSUM62
Gap Penalties: Existence: 11, Extension: 1
Neighboring words threshold: 11
Window for multiple hits: 40
