BLASTP 2.12.0+


Reference: Stephen F. Altschul, Thomas L. Madden, Alejandro A.
Schaffer, Jinghui Zhang, Zheng Zhang, Webb Miller, and David J.
Lipman (1997), "Gapped BLAST and PSI-BLAST: a new generation of
protein database search programs", Nucleic Acids Res. 25:3389-3402.


Reference for composition-based statistics: Alejandro A. Schaffer,
L. Aravind, Thomas L. Madden, Sergei Shavirin, John L. Spouge, Yuri
I. Wolf, Eugene V. Koonin, and Stephen F. Altschul (2001),
"Improving the accuracy of PSI-BLAST protein database searches with
composition-based statistics and other refinements", Nucleic Acids
Res. 29:2994-3005.



Database: DRAMP.fa
           28,274 sequences; 696,356 total letters



Query= 
Length=14
                                                                      Score     E
Sequences producing significant alignments:                          (Bits)  Value

DRAMP28082                                                            18.1    2.6  
DRAMP28028                                                            18.1    3.3  
DRAMP28183                                                            17.3    6.1  
DRAMP28091                                                            16.9    8.1  
DRAMP28083                                                            16.9    8.1  
DRAMP20935                                                            16.5    8.7  
DRAMP28189                                                            16.5    9.1  


>DRAMP28082
Length=12

 Score = 18.1 bits (35),  Expect = 2.6, Method: Compositional matrix adjust.
 Identities = 9/11 (82%), Positives = 10/11 (91%), Gaps = 0/11 (0%)

Query  2   LGDLLKLLKKL  12
           LGD+LKLLK L
Sbjct  2   LGDILKLLKSL  12


>DRAMP28028
Length=12

 Score = 18.1 bits (35),  Expect = 3.3, Method: Compositional matrix adjust.
 Identities = 9/12 (75%), Positives = 10/12 (83%), Gaps = 0/12 (0%)

Query  1   GLGDLLKLLKKL  12
           GLG +LKLLK L
Sbjct  1   GLGTILKLLKSL  12


>DRAMP28183
Length=12

 Score = 17.3 bits (33),  Expect = 6.1, Method: Compositional matrix adjust.
 Identities = 9/11 (82%), Positives = 10/11 (91%), Gaps = 0/11 (0%)

Query  2   LGDLLKLLKKL  12
           LG +LKLLKKL
Sbjct  2   LGTILKLLKKL  12


>DRAMP28091
Length=12

 Score = 16.9 bits (32),  Expect = 8.1, Method: Compositional matrix adjust.
 Identities = 8/11 (73%), Positives = 10/11 (91%), Gaps = 0/11 (0%)

Query  2   LGDLLKLLKKL  12
           LG++LKLLK L
Sbjct  2   LGNILKLLKSL  12


>DRAMP28083
Length=12

 Score = 16.9 bits (32),  Expect = 8.1, Method: Compositional matrix adjust.
 Identities = 8/11 (73%), Positives = 10/11 (91%), Gaps = 0/11 (0%)

Query  2   LGDLLKLLKKL  12
           LG++LKLLK L
Sbjct  2   LGEILKLLKSL  12


>DRAMP20935
Length=13

 Score = 16.5 bits (31),  Expect = 8.7, Method: Compositional matrix adjust.
 Identities = 9/13 (69%), Positives = 10/13 (77%), Gaps = 0/13 (0%)

Query  1   GLGDLLKLLKKLL  13
           G G  LKLLKK+L
Sbjct  1   GFGMALKLLKKVL  13


>DRAMP28189
Length=12

 Score = 16.5 bits (31),  Expect = 9.1, Method: Compositional matrix adjust.
 Identities = 8/11 (73%), Positives = 10/11 (91%), Gaps = 0/11 (0%)

Query  2   LGDLLKLLKKL  12
           LG +LKLLK+L
Sbjct  2   LGTILKLLKRL  12



Lambda      K        H        a         alpha
   0.323    0.156    0.410    0.792     4.96 

Gapped
Lambda      K        H        a         alpha    sigma
   0.267   0.0410    0.140     1.90     42.6     43.6 

Effective search space used: 9748984


  Database: DRAMP.fa
    Posted date:  Jun 2, 2022  5:36 PM
  Number of letters in database: 696,356
  Number of sequences in database:  28,274



Matrix: BLOSUM62
Gap Penalties: Existence: 11, Extension: 1
Neighboring words threshold: 11
Window for multiple hits: 40
