BLASTP 2.2.28+


Reference: Stephen F. Altschul, Thomas L. Madden, Alejandro A.
Schaffer, Jinghui Zhang, Zheng Zhang, Webb Miller, and David J.
Lipman (1997), "Gapped BLAST and PSI-BLAST: a new generation of
protein database search programs", Nucleic Acids Res. 25:3389-3402.


Reference for composition-based statistics: Alejandro A. Schaffer,
L. Aravind, Thomas L. Madden, Sergei Shavirin, John L. Spouge, Yuri
I. Wolf, Eugene V. Koonin, and Stephen F. Altschul (2001),
"Improving the accuracy of PSI-BLAST protein database searches with
composition-based statistics and other refinements", Nucleic Acids
Res. 29:2994-3005.



Database: DRAMP.fa
           28,274 sequences; 696,356 total letters



Query= 
Length=13
                                                                      Score     E
Sequences producing significant alignments:                          (Bits)  Value

  DRAMP17530                                                          18.9    1.7  
  DRAMP17529                                                          18.1    3.9  
  DRAMP02984                                                          18.1    3.9  
  DRAMP17531                                                          16.5    9.5  


> DRAMP17530
Length=18

 Score = 18.9 bits (37),  Expect = 1.7, Method: Compositional matrix adjust.
 Identities = 7/11 (64%), Positives = 9/11 (82%), Gaps = 0/11 (0%)

Query  2   RLIGKTGRQCF  12
           R IGKTGR+ +
Sbjct  3   RKIGKTGRKVW  13


> DRAMP17529
Length=43

 Score = 18.1 bits (35),  Expect = 3.9, Method: Compositional matrix adjust.
 Identities = 7/11 (64%), Positives = 9/11 (82%), Gaps = 0/11 (0%)

Query  2   RLIGKTGRQCF  12
           R IGKTGR+ +
Sbjct  18  RKIGKTGRKVW  28


> DRAMP02984
Length=43

 Score = 18.1 bits (35),  Expect = 3.9, Method: Compositional matrix adjust.
 Identities = 7/11 (64%), Positives = 9/11 (82%), Gaps = 0/11 (0%)

Query  2   RLIGKTGRQCF  12
           R IGKTGR+ +
Sbjct  18  RKIGKTGRKVW  28


> DRAMP17531
Length=17

 Score = 16.5 bits (31),  Expect = 9.5, Method: Compositional matrix adjust.
 Identities = 7/8 (88%), Positives = 7/8 (88%), Gaps = 0/8 (0%)

Query  2   RLIGKTGR  9
           R IGKTGR
Sbjct  10  RKIGKTGR  17



Lambda      K        H        a         alpha
   0.348    0.161    0.568    0.792     4.96 

Gapped
Lambda      K        H        a         alpha    sigma
   0.267   0.0410    0.140     1.90     42.6     43.6 

Effective search space used: 9052628


  Database: DRAMP.fa
    Posted date:  Jun 2, 2022  5:36 PM
  Number of letters in database: 696,356
  Number of sequences in database:  28,274



Matrix: BLOSUM62
Gap Penalties: Existence: 11, Extension: 1
Neighboring words threshold: 11
Window for multiple hits: 40
