# ../../cgi-bin/seq-search/bin/ssearch35 -Q -s BL62 -b 10 -d 10 -E 20.0 -T 8 ../../tmp/simi_search_tmp/EcoyvNKHJSBrzAbhjG/EcoyvNKHJSBrzAbhjG.in ./database/DRAMP.fa
SSEARCH searches a sequence data bank
 version 36.05 March, 2010
Please cite:
 T. F. Smith and M. S. Waterman, (1981) J. Mol. Biol. 147:195-197; 
 W.R. Pearson (1991) Genomics 11:635-650

Query: ../../tmp/simi_search_tmp/EcoyvNKHJSBrzAbhjG/EcoyvNKHJSBrzAbhjG.in
  1>>>1 - 11 aa
Library: ./database/DRAMP.fa
   696332 residues in 28274 sequences

       opt      E()
< 20     1     0:=
  22     7     0:=          one = represents 44 library sequences
  24     8     0:=
  26    32     1:*
  28    69     6:*=
  30   125    39:*==
  32   399   151:===*======
  34   596   408:=========*====
  36   940   839:===================*==
  38  1203  1386:============================   *
  40  2103  1934:===========================================*====
  42  2127  2364:=================================================    *
  44  2160  2608:==================================================         *
  46  2353  2656:======================================================     *
  48  2058  2543:===============================================          *
  50  2161  2320:==================================================  *
  52  2627  2040:==============================================*=============
  54  1444  1742:=================================      *
  56  1252  1455:=============================    *
  58  1121  1195:========================== *
  60  1408   968:=====================*==========
  62   802   776:=================*=
  64   699   617:==============*=
  66   376   488:=========  *
  68   529   384:========*====
  70   382   301:======*==
  72   227   235:=====*
  74   150   183:====*
  76   575   143:===*==========
  78   107   111:==*
  80    70    86:=*
  82    49    66:=*
  84    36    52:=*
  86    30    40:*
  88    21    31:*          inset = represents 1 library sequences
  90     5    24:*
  92    10    19:*         :==========        *
  94     4    14:*         :====         *
  96     3    11:*         :===       *
  98     4     9:*         :====    *
 100     0     7:*         :      *
 102     0     5:*         :    *
 104     0     4:*         :   *
 106     1     3:*         := *
 108     0     2:*         : *
 110     0     2:*         : *
 112     0     1:*         :*
 114     0     1:*         :*
 116     0     1:*         :*
 118     0     1:*         :*
>120     0     1:*         :*
   696332 residues in 28274 sequences
Statistics: MLE_cen statistics: Lambda= 0.3380;  K=0.1614 (cen=999)
 statistics sampled from 28274 (28274) to 28274 sequences
 Kolmogorov-Smirnov  statistic: 0.0323 (N=29) at  50
Algorithm: Smith-Waterman (SSE2, Michael Farrar 2006) (7.1 Aug 2009)
Parameters: BL62 matrix (11:-4), open/ext: -7/-1
 Scan time:  0.050

The best scores are:                                      s-w bits E(28274)
DRAMP23043                                         (  15)   33 18.7      11

>>DRAMP23043                                              (15 aa)
 s-w opt:  33  Z-score: 106.9  bits: 18.7 E(28274):   11
Smith-Waterman score: 33; 55.6% identity (66.7% similar) in 9 aa overlap (2-10:2-10)

               10     
1      KPWLRVALCPG    
        ::  .: ::     
DRAMP2 VPWCTTAPCPPSGEP
               10     



11 residues in 1 query   sequences
696332 residues in 28274 library sequences
 Scomplib [36.05]
 start: Tue Jun 24 17:29:52 2025 done: Tue Jun 24 17:29:53 2025
 Total Scan time:  0.050 Total Display time:  0.000

Function used was SSEARCH [version 36.05 March, 2010]
