BLASTP 2.12.0+


Reference: Stephen F. Altschul, Thomas L. Madden, Alejandro A.
Schaffer, Jinghui Zhang, Zheng Zhang, Webb Miller, and David J.
Lipman (1997), "Gapped BLAST and PSI-BLAST: a new generation of
protein database search programs", Nucleic Acids Res. 25:3389-3402.


Reference for composition-based statistics: Alejandro A. Schaffer,
L. Aravind, Thomas L. Madden, Sergei Shavirin, John L. Spouge, Yuri
I. Wolf, Eugene V. Koonin, and Stephen F. Altschul (2001),
"Improving the accuracy of PSI-BLAST protein database searches with
composition-based statistics and other refinements", Nucleic Acids
Res. 29:2994-3005.



Database: DRAMP.fa
           28,274 sequences; 696,356 total letters



Query= 
Length=19
                                                                      Score     E
Sequences producing significant alignments:                          (Bits)  Value

DRAMP04591                                                            21.2    0.51 
DRAMP18429                                                            19.2    1.3  
DRAMP24982                                                            17.7    5.9  


>DRAMP04591
Length=77

 Score = 21.2 bits (43),  Expect = 0.51, Method: Composition-based stats.
 Identities = 9/15 (60%), Positives = 9/15 (60%), Gaps = 0/15 (0%)

Query  3   KLGLVKRFGKWYKGW  17
           KL   KRF KWY  W
Sbjct  54  KLQSTKRFIKWYNAW  68


>DRAMP18429
Length=20

 Score = 19.2 bits (38),  Expect = 1.3, Method: Compositional matrix adjust.
 Identities = 7/17 (41%), Positives = 12/17 (71%), Gaps = 0/17 (0%)

Query  3   KLGLVKRFGKWYKGWRR  19
           ++GL++  GK  +G RR
Sbjct  2   RIGLIRLIGKILRGLRR  18


>DRAMP24982
Length=20

 Score = 17.7 bits (34),  Expect = 5.9, Method: Compositional matrix adjust.
 Identities = 6/8 (75%), Positives = 6/8 (75%), Gaps = 0/8 (0%)

Query  9   RFGKWYKG  16
           RFG WY G
Sbjct  13  RFGLWYTG  20



Lambda      K        H        a         alpha
   0.329    0.153    0.580    0.792     4.96 

Gapped
Lambda      K        H        a         alpha    sigma
   0.267   0.0410    0.140     1.90     42.6     43.6 

Effective search space used: 13230764


  Database: DRAMP.fa
    Posted date:  Jun 2, 2022  5:36 PM
  Number of letters in database: 696,356
  Number of sequences in database:  28,274



Matrix: BLOSUM62
Gap Penalties: Existence: 11, Extension: 1
Neighboring words threshold: 11
Window for multiple hits: 40
