BLASTP 2.2.28+


Reference: Stephen F. Altschul, Thomas L. Madden, Alejandro A.
Schaffer, Jinghui Zhang, Zheng Zhang, Webb Miller, and David J.
Lipman (1997), "Gapped BLAST and PSI-BLAST: a new generation of
protein database search programs", Nucleic Acids Res. 25:3389-3402.


Reference for composition-based statistics: Alejandro A. Schaffer,
L. Aravind, Thomas L. Madden, Sergei Shavirin, John L. Spouge, Yuri
I. Wolf, Eugene V. Koonin, and Stephen F. Altschul (2001),
"Improving the accuracy of PSI-BLAST protein database searches with
composition-based statistics and other refinements", Nucleic Acids
Res. 29:2994-3005.



Database: DRAMP.fa
           28,274 sequences; 696,356 total letters



Query= PEPTIDO_1:

Length=17
                                                                      Score     E
Sequences producing significant alignments:                          (Bits)  Value

  DRAMP16180                                                          18.9    2.1  


> DRAMP16180
Length=38

 Score = 18.9 bits (37),  Expect = 2.1, Method: Compositional matrix adjust.
 Identities = 6/17 (35%), Positives = 9/17 (53%), Gaps = 0/17 (0%)

Query  1   WNSNNLDSKVGGNYNYL  17
           W + NL ++V     YL
Sbjct  19  WGTKNLQARVTAIEKYL  35



Lambda      K        H        a         alpha
   0.307    0.131    0.427    0.792     4.96 

Gapped
Lambda      K        H        a         alpha    sigma
   0.267   0.0410    0.140     1.90     42.6     43.6 

Effective search space used: 11838052


  Database: DRAMP.fa
    Posted date:  Jun 2, 2022  5:36 PM
  Number of letters in database: 696,356
  Number of sequences in database:  28,274



Matrix: BLOSUM62
Gap Penalties: Existence: 11, Extension: 1
Neighboring words threshold: 11
Window for multiple hits: 40
