BLASTP 2.12.0+


Reference: Stephen F. Altschul, Thomas L. Madden, Alejandro A.
Schaffer, Jinghui Zhang, Zheng Zhang, Webb Miller, and David J.
Lipman (1997), "Gapped BLAST and PSI-BLAST: a new generation of
protein database search programs", Nucleic Acids Res. 25:3389-3402.


Reference for composition-based statistics: Alejandro A. Schaffer,
L. Aravind, Thomas L. Madden, Sergei Shavirin, John L. Spouge, Yuri
I. Wolf, Eugene V. Koonin, and Stephen F. Altschul (2001),
"Improving the accuracy of PSI-BLAST protein database searches with
composition-based statistics and other refinements", Nucleic Acids
Res. 29:2994-3005.



Database: DRAMP.fa
           28,274 sequences; 696,356 total letters



Query= 1

Length=18


***** No hits found *****



Lambda      K        H        a         alpha
   0.323    0.134    0.320    0.792     4.96 

Gapped
Lambda      K        H        a         alpha    sigma
   0.267   0.0410    0.140     1.90     42.6     43.6 

Effective search space used: 12534408


Query= 2

Length=13


***** No hits found *****



Lambda      K        H        a         alpha
   0.336    0.151    0.373    0.792     4.96 

Gapped
Lambda      K        H        a         alpha    sigma
   0.267   0.0410    0.140     1.90     42.6     43.6 

Effective search space used: 9052628


Query= 3

Length=13
                                                                      Score     E
Sequences producing significant alignments:                          (Bits)  Value

DRAMP13183                                                            17.3    5.5  


>DRAMP13183
Length=29

 Score = 17.3 bits (33),  Expect = 5.5, Method: Compositional matrix adjust.
 Identities = 6/9 (67%), Positives = 8/9 (89%), Gaps = 0/9 (0%)

Query  4   RVLEFFLNL  12
           R++EF LNL
Sbjct  1   RIIEFILNL  9



Lambda      K        H        a         alpha
   0.345    0.167    0.487    0.792     4.96 

Gapped
Lambda      K        H        a         alpha    sigma
   0.267   0.0410    0.140     1.90     42.6     43.6 

Effective search space used: 9052628


Query= 4

Length=14
                                                                      Score     E
Sequences producing significant alignments:                          (Bits)  Value

DRAMP00353                                                            18.5    3.1  


>DRAMP00353
Length=92

 Score = 18.5 bits (36),  Expect = 3.1, Method: Composition-based stats.
 Identities = 7/14 (50%), Positives = 10/14 (71%), Gaps = 0/14 (0%)

Query  1   AGIFDKKRIAAKVK  14
           AG+ + KR+A  VK
Sbjct  30  AGVMELKRLAPTVK  43



Lambda      K        H        a         alpha
   0.325    0.138    0.364    0.792     4.96 

Gapped
Lambda      K        H        a         alpha    sigma
   0.267   0.0410    0.140     1.90     42.6     43.6 

Effective search space used: 9748984


Query= 5

Length=23
                                                                      Score     E
Sequences producing significant alignments:                          (Bits)  Value

DRAMP15349                                                            19.6    2.4  
DRAMP15351                                                            19.6    2.7  


>DRAMP15349
Length=81

 Score = 19.6 bits (39),  Expect = 2.4, Method: Composition-based stats.
 Identities = 6/7 (86%), Positives = 7/7 (100%), Gaps = 0/7 (0%)

Query  2   LDRVWQK  8
           LDR+WQK
Sbjct  68  LDRLWQK  74


>DRAMP15351
Length=82

 Score = 19.6 bits (39),  Expect = 2.7, Method: Composition-based stats.
 Identities = 6/7 (86%), Positives = 7/7 (100%), Gaps = 0/7 (0%)

Query  2   LDRVWQK  8
           LDR+WQK
Sbjct  68  LDRLWQK  74



Lambda      K        H        a         alpha
   0.342    0.151    0.499    0.792     4.96 

Gapped
Lambda      K        H        a         alpha    sigma
   0.267   0.0410    0.140     1.90     42.6     43.6 

Effective search space used: 16016188


  Database: DRAMP.fa
    Posted date:  Jun 2, 2022  5:36 PM
  Number of letters in database: 696,356
  Number of sequences in database:  28,274



Matrix: BLOSUM62
Gap Penalties: Existence: 11, Extension: 1
Neighboring words threshold: 11
Window for multiple hits: 40
