BLASTP 2.2.28+


Reference: Stephen F. Altschul, Thomas L. Madden, Alejandro A.
Schaffer, Jinghui Zhang, Zheng Zhang, Webb Miller, and David J.
Lipman (1997), "Gapped BLAST and PSI-BLAST: a new generation of
protein database search programs", Nucleic Acids Res. 25:3389-3402.


Reference for composition-based statistics: Alejandro A. Schaffer,
L. Aravind, Thomas L. Madden, Sergei Shavirin, John L. Spouge, Yuri
I. Wolf, Eugene V. Koonin, and Stephen F. Altschul (2001),
"Improving the accuracy of PSI-BLAST protein database searches with
composition-based statistics and other refinements", Nucleic Acids
Res. 29:2994-3005.



Database: DRAMP.fa
           28,274 sequences; 696,356 total letters



Query= 1

Length=19
                                                                      Score     E
Sequences producing significant alignments:                          (Bits)  Value

  DRAMP04218                                                          38.5    2e-07
  DRAMP02125                                                          33.5    1e-05
  DRAMP01084                                                          19.6    1.1  
  DRAMP01091                                                          18.9    1.9  
  DRAMP01086                                                          17.7    4.3  
  DRAMP27854                                                          17.7    5.2  
  DRAMP01885                                                          17.7    5.2  


> DRAMP04218
Length=19

 Score = 38.5 bits (88),  Expect = 2e-07, Method: Compositional matrix adjust.
 Identities = 19/19 (100%), Positives = 19/19 (100%), Gaps = 0/19 (0%)

Query  1   KIFGAIWPLALGALKNLIK  19
           KIFGAIWPLALGALKNLIK
Sbjct  1   KIFGAIWPLALGALKNLIK  19


> DRAMP02125
Length=18

 Score = 33.5 bits (75),  Expect = 1e-05, Method: Compositional matrix adjust.
 Identities = 17/18 (94%), Positives = 17/18 (94%), Gaps = 0/18 (0%)

Query  2   IFGAIWPLALGALKNLIK  19
           IFGAI PLALGALKNLIK
Sbjct  1   IFGAILPLALGALKNLIK  18


> DRAMP01084
Length=17

 Score = 19.6 bits (39),  Expect = 1.1, Method: Compositional matrix adjust.
 Identities = 9/15 (60%), Positives = 9/15 (60%), Gaps = 0/15 (0%)

Query  2   IFGAIWPLALGALKN  16
           I GAI PL  G L N
Sbjct  1   ILGAILPLVSGLLSN  15


> DRAMP01091
Length=16

 Score = 18.9 bits (37),  Expect = 1.9, Method: Compositional matrix adjust.
 Identities = 9/16 (56%), Positives = 10/16 (63%), Gaps = 0/16 (0%)

Query  2   IFGAIWPLALGALKNL  17
           I GAI PL  G L +L
Sbjct  1   ILGAIIPLVSGLLSHL  16


> DRAMP01086
Length=17

 Score = 17.7 bits (34),  Expect = 4.3, Method: Compositional matrix adjust.
 Identities = 8/15 (53%), Positives = 9/15 (60%), Gaps = 0/15 (0%)

Query  2   IFGAIWPLALGALKN  16
           I GAI PL  G L +
Sbjct  1   ILGAILPLVSGLLSS  15


> DRAMP27854
Length=24

 Score = 17.7 bits (34),  Expect = 5.2, Method: Compositional matrix adjust.
 Identities = 8/16 (50%), Positives = 10/16 (63%), Gaps = 0/16 (0%)

Query  3   FGAIWPLALGALKNLI  18
           FG +  +A G L NLI
Sbjct  2   FGPLIKIATGVLPNLI  17


> DRAMP01885
Length=24

 Score = 17.7 bits (34),  Expect = 5.2, Method: Compositional matrix adjust.
 Identities = 8/16 (50%), Positives = 10/16 (63%), Gaps = 0/16 (0%)

Query  3   FGAIWPLALGALKNLI  18
           FG +  +A G L NLI
Sbjct  2   FGPLIKIATGVLPNLI  17



Lambda      K        H        a         alpha
   0.328    0.148    0.476    0.792     4.96 

Gapped
Lambda      K        H        a         alpha    sigma
   0.267   0.0410    0.140     1.90     42.6     43.6 

Effective search space used: 13230764


  Database: DRAMP.fa
    Posted date:  Jun 2, 2022  5:36 PM
  Number of letters in database: 696,356
  Number of sequences in database:  28,274



Matrix: BLOSUM62
Gap Penalties: Existence: 11, Extension: 1
Neighboring words threshold: 11
Window for multiple hits: 40
