BLASTP 2.12.0+


Reference: Stephen F. Altschul, Thomas L. Madden, Alejandro A.
Schaffer, Jinghui Zhang, Zheng Zhang, Webb Miller, and David J.
Lipman (1997), "Gapped BLAST and PSI-BLAST: a new generation of
protein database search programs", Nucleic Acids Res. 25:3389-3402.


Reference for composition-based statistics: Alejandro A. Schaffer,
L. Aravind, Thomas L. Madden, Sergei Shavirin, John L. Spouge, Yuri
I. Wolf, Eugene V. Koonin, and Stephen F. Altschul (2001),
"Improving the accuracy of PSI-BLAST protein database searches with
composition-based statistics and other refinements", Nucleic Acids
Res. 29:2994-3005.



Database: DRAMP.fa
           28,274 sequences; 696,356 total letters



Query= total_200_candidate_847

Length=18
                                                                      Score     E
Sequences producing significant alignments:                          (Bits)  Value

DRAMP02474                                                            21.6    0.14 
DRAMP02473                                                            21.6    0.19 
DRAMP20939                                                            20.4    0.56 
DRAMP20938                                                            20.4    0.56 
DRAMP06316                                                            18.5    2.9  
DRAMP21480                                                            18.1    3.2  
DRAMP21479                                                            18.1    3.2  
DRAMP21478                                                            18.1    3.2  
DRAMP21476                                                            18.1    3.2  
DRAMP21475                                                            18.1    3.2  
DRAMP13342                                                            18.1    3.7  
DRAMP21474                                                            18.1    3.8  
DRAMP21473                                                            18.1    3.8  
DRAMP18858                                                            17.3    7.4  
DRAMP04852                                                            17.3    7.4  
DRAMP21469                                                            17.3    7.8  
DRAMP21468                                                            17.3    7.8  
DRAMP18852                                                            16.9    9.7  
DRAMP04825                                                            16.9    9.7  
DRAMP04265                                                            16.9    9.7  
DRAMP02483                                                            17.3    9.8  
DRAMP02521                                                            16.9    10.0 


>DRAMP02474
Length=15

 Score = 21.6 bits (44),  Expect = 0.14, Method: Compositional matrix adjust.
 Identities = 11/12 (92%), Positives = 12/12 (100%), Gaps = 0/12 (0%)

Query  4   RFFRKLKKSVKK  15
           +FFRKLKKSVKK
Sbjct  1   KFFRKLKKSVKK  12


>DRAMP02473
Length=30

 Score = 21.6 bits (44),  Expect = 0.19, Method: Compositional matrix adjust.
 Identities = 11/12 (92%), Positives = 12/12 (100%), Gaps = 0/12 (0%)

Query  4   RFFRKLKKSVKK  15
           +FFRKLKKSVKK
Sbjct  1   KFFRKLKKSVKK  12


>DRAMP20939
Length=14

 Score = 20.4 bits (41),  Expect = 0.56, Method: Compositional matrix adjust.
 Identities = 9/12 (75%), Positives = 12/12 (100%), Gaps = 0/12 (0%)

Query  2   VKRFFRKLKKSV  13
           +++FFRKLKKSV
Sbjct  3   LRKFFRKLKKSV  14


>DRAMP20938
Length=14

 Score = 20.4 bits (41),  Expect = 0.56, Method: Compositional matrix adjust.
 Identities = 9/12 (75%), Positives = 12/12 (100%), Gaps = 0/12 (0%)

Query  2   VKRFFRKLKKSV  13
           +++FFRKLKKSV
Sbjct  3   LRKFFRKLKKSV  14


>DRAMP06316
Length=18

 Score = 18.5 bits (36),  Expect = 2.9, Method: Compositional matrix adjust.
 Identities = 8/13 (62%), Positives = 11/13 (85%), Gaps = 0/13 (0%)

Query  5   FFRKLKKSVKKPL  17
            FRKLKK++K+ L
Sbjct  2   LFRKLKKTIKRVL  14


>DRAMP21480
Length=20

 Score = 18.1 bits (35),  Expect = 3.2, Method: Compositional matrix adjust.
 Identities = 8/11 (73%), Positives = 11/11 (100%), Gaps = 0/11 (0%)

Query  4   RFFRKLKKSVK  14
           +FF+KLKK+VK
Sbjct  1   KFFKKLKKAVK  11


>DRAMP21479
Length=20

 Score = 18.1 bits (35),  Expect = 3.2, Method: Compositional matrix adjust.
 Identities = 8/11 (73%), Positives = 11/11 (100%), Gaps = 0/11 (0%)

Query  4   RFFRKLKKSVK  14
           +FF+KLKK+VK
Sbjct  1   KFFKKLKKAVK  11


>DRAMP21478
Length=20

 Score = 18.1 bits (35),  Expect = 3.2, Method: Compositional matrix adjust.
 Identities = 8/11 (73%), Positives = 11/11 (100%), Gaps = 0/11 (0%)

Query  4   RFFRKLKKSVK  14
           +FF+KLKK+VK
Sbjct  1   KFFKKLKKAVK  11


>DRAMP21476
Length=20

 Score = 18.1 bits (35),  Expect = 3.2, Method: Compositional matrix adjust.
 Identities = 8/11 (73%), Positives = 11/11 (100%), Gaps = 0/11 (0%)

Query  4   RFFRKLKKSVK  14
           +FF+KLKK+VK
Sbjct  1   KFFKKLKKAVK  11


>DRAMP21475
Length=20

 Score = 18.1 bits (35),  Expect = 3.2, Method: Compositional matrix adjust.
 Identities = 8/11 (73%), Positives = 11/11 (100%), Gaps = 0/11 (0%)

Query  4   RFFRKLKKSVK  14
           +FF+KLKK+VK
Sbjct  1   KFFKKLKKAVK  11


>DRAMP13342
Length=14

 Score = 18.1 bits (35),  Expect = 3.7, Method: Compositional matrix adjust.
 Identities = 8/13 (62%), Positives = 12/13 (92%), Gaps = 0/13 (0%)

Query  3   KRFFRKLKKSVKK  15
           KR F++LKKS++K
Sbjct  1   KRLFKELKKSLRK  13


>DRAMP21474
Length=20

 Score = 18.1 bits (35),  Expect = 3.8, Method: Compositional matrix adjust.
 Identities = 8/14 (57%), Positives = 11/14 (79%), Gaps = 0/14 (0%)

Query  4   RFFRKLKKSVKKPL  17
           +FF+KLKK+V K  
Sbjct  1   KFFKKLKKAVXKGF  14


>DRAMP21473
Length=20

 Score = 18.1 bits (35),  Expect = 3.8, Method: Compositional matrix adjust.
 Identities = 8/14 (57%), Positives = 11/14 (79%), Gaps = 0/14 (0%)

Query  4   RFFRKLKKSVKKPL  17
           +FF+KLK +VKK  
Sbjct  1   KFFKKLKXAVKKGF  14


>DRAMP18858
Length=26

 Score = 17.3 bits (33),  Expect = 7.4, Method: Compositional matrix adjust.
 Identities = 9/18 (50%), Positives = 11/18 (61%), Gaps = 0/18 (0%)

Query  1   KVKRFFRKLKKSVKKPLV  18
           K K F +KL  +VKK L 
Sbjct  1   KWKEFIKKLTTAVKKVLT  18


>DRAMP04852
Length=26

 Score = 17.3 bits (33),  Expect = 7.4, Method: Compositional matrix adjust.
 Identities = 9/18 (50%), Positives = 11/18 (61%), Gaps = 0/18 (0%)

Query  1   KVKRFFRKLKKSVKKPLV  18
           K K F +KL  +VKK L 
Sbjct  1   KWKEFIKKLTTAVKKVLT  18


>DRAMP21469
Length=20

 Score = 17.3 bits (33),  Expect = 7.8, Method: Compositional matrix adjust.
 Identities = 8/14 (57%), Positives = 10/14 (71%), Gaps = 0/14 (0%)

Query  4   RFFRKLKKSVKKPL  17
           +FF KLKK+V K  
Sbjct  1   KFFXKLKKAVXKGF  14


>DRAMP21468
Length=20

 Score = 17.3 bits (33),  Expect = 7.8, Method: Compositional matrix adjust.
 Identities = 8/14 (57%), Positives = 10/14 (71%), Gaps = 0/14 (0%)

Query  4   RFFRKLKKSVKKPL  17
           +FF KLK +VKK  
Sbjct  1   KFFXKLKXAVKKGF  14


>DRAMP18852
Length=26

 Score = 16.9 bits (32),  Expect = 9.7, Method: Compositional matrix adjust.
 Identities = 9/18 (50%), Positives = 11/18 (61%), Gaps = 0/18 (0%)

Query  1   KVKRFFRKLKKSVKKPLV  18
           K K F +KL  +VKK L 
Sbjct  1   KWKSFIKKLTTAVKKVLT  18


>DRAMP04825
Length=26

 Score = 16.9 bits (32),  Expect = 9.7, Method: Compositional matrix adjust.
 Identities = 9/18 (50%), Positives = 11/18 (61%), Gaps = 0/18 (0%)

Query  1   KVKRFFRKLKKSVKKPLV  18
           K K F +KL  +VKK L 
Sbjct  1   KWKSFIKKLTTAVKKVLT  18


>DRAMP04265
Length=26

 Score = 16.9 bits (32),  Expect = 9.7, Method: Compositional matrix adjust.
 Identities = 9/18 (50%), Positives = 11/18 (61%), Gaps = 0/18 (0%)

Query  1   KVKRFFRKLKKSVKKPLV  18
           K K F +KL  +VKK L 
Sbjct  1   KWKSFIKKLTTAVKKVLT  18


>DRAMP02483
Length=30

 Score = 17.3 bits (33),  Expect = 9.8, Method: Compositional matrix adjust.
 Identities = 7/10 (70%), Positives = 9/10 (90%), Gaps = 0/10 (0%)

Query  4   RFFRKLKKSV  13
           +FF+KLK SV
Sbjct  1   KFFKKLKNSV  10


>DRAMP02521
Length=30

 Score = 16.9 bits (32),  Expect = 10.0, Method: Compositional matrix adjust.
 Identities = 7/10 (70%), Positives = 9/10 (90%), Gaps = 0/10 (0%)

Query  4   RFFRKLKKSV  13
           +FF+KLK SV
Sbjct  1   KFFKKLKNSV  10



Lambda      K        H        a         alpha
   0.328    0.142    0.381    0.792     4.96 

Gapped
Lambda      K        H        a         alpha    sigma
   0.267   0.0410    0.140     1.90     42.6     43.6 

Effective search space used: 12534408


  Database: DRAMP.fa
    Posted date:  Jun 2, 2022  5:36 PM
  Number of letters in database: 696,356
  Number of sequences in database:  28,274



Matrix: BLOSUM62
Gap Penalties: Existence: 11, Extension: 1
Neighboring words threshold: 11
Window for multiple hits: 40
