BLASTP 2.12.0+


Reference: Stephen F. Altschul, Thomas L. Madden, Alejandro A.
Schaffer, Jinghui Zhang, Zheng Zhang, Webb Miller, and David J.
Lipman (1997), "Gapped BLAST and PSI-BLAST: a new generation of
protein database search programs", Nucleic Acids Res. 25:3389-3402.


Reference for composition-based statistics: Alejandro A. Schaffer,
L. Aravind, Thomas L. Madden, Sergei Shavirin, John L. Spouge, Yuri
I. Wolf, Eugene V. Koonin, and Stephen F. Altschul (2001),
"Improving the accuracy of PSI-BLAST protein database searches with
composition-based statistics and other refinements", Nucleic Acids
Res. 29:2994-3005.



Database: DRAMP.fa
           28,274 sequences; 696,356 total letters



Query= total_200_candidate_323

Length=16
                                                                      Score     E
Sequences producing significant alignments:                          (Bits)  Value

DRAMP18452                                                            20.4    0.50 
DRAMP02119                                                            17.7    5.6  
DRAMP02118                                                            17.7    5.7  
DRAMP05848                                                            18.1    6.3  
DRAMP05797                                                            17.7    6.6  
DRAMP19357                                                            17.3    7.4  
DRAMP21023                                                            17.3    7.7  
DRAMP21019                                                            16.9    7.9  
DRAMP21016                                                            16.9    8.5  
DRAMP21022                                                            16.9    8.6  
DRAMP21021                                                            16.9    8.9  
DRAMP05811                                                            17.3    9.1  
DRAMP28654                                                            16.9    9.6  
DRAMP05745                                                            16.9    10.0 
DRAMP02359                                                            16.9    10.0 


>DRAMP18452
Length=23

 Score = 20.4 bits (41),  Expect = 0.50, Method: Compositional matrix adjust.
 Identities = 9/12 (75%), Positives = 10/12 (83%), Gaps = 0/12 (0%)

Query  5   KHVGKLAKGVIT  16
           KHVGK A GV+T
Sbjct  7   KHVGKAALGVVT  18


>DRAMP02119
Length=29

 Score = 17.7 bits (34),  Expect = 5.6, Method: Compositional matrix adjust.
 Identities = 8/12 (67%), Positives = 10/12 (83%), Gaps = 0/12 (0%)

Query  4   GKHVGKLAKGVI  15
           GK VGK+A GV+
Sbjct  10  GKVVGKVALGVV  21


>DRAMP02118
Length=29

 Score = 17.7 bits (34),  Expect = 5.7, Method: Compositional matrix adjust.
 Identities = 8/12 (67%), Positives = 10/12 (83%), Gaps = 0/12 (0%)

Query  4   GKHVGKLAKGVI  15
           GK VGK+A GV+
Sbjct  10  GKVVGKVALGVV  21


>DRAMP05848
Length=68

 Score = 18.1 bits (35),  Expect = 6.3, Method: Composition-based stats.
 Identities = 7/8 (88%), Positives = 7/8 (88%), Gaps = 0/8 (0%)

Query  4   GKHVGKLA  11
           GKHVGK A
Sbjct  35  GKHVGKAA  42


>DRAMP05797
Length=68

 Score = 17.7 bits (34),  Expect = 6.6, Method: Composition-based stats.
 Identities = 7/8 (88%), Positives = 7/8 (88%), Gaps = 0/8 (0%)

Query  4   GKHVGKLA  11
           GKHVGK A
Sbjct  35  GKHVGKAA  42


>DRAMP19357
Length=23

 Score = 17.3 bits (33),  Expect = 7.4, Method: Compositional matrix adjust.
 Identities = 6/10 (60%), Positives = 9/10 (90%), Gaps = 0/10 (0%)

Query  1   RYQGKHVGKL  10
           +YQG+ +GKL
Sbjct  9   KYQGQGLGKL  18


>DRAMP21023
Length=23

 Score = 17.3 bits (33),  Expect = 7.7, Method: Compositional matrix adjust.
 Identities = 7/13 (54%), Positives = 10/13 (77%), Gaps = 0/13 (0%)

Query  4   GKHVGKLAKGVIT  16
           G  +G+LAKG+ T
Sbjct  3   GSILGRLAKGLPT  15


>DRAMP21019
Length=23

 Score = 16.9 bits (32),  Expect = 7.9, Method: Compositional matrix adjust.
 Identities = 7/13 (54%), Positives = 10/13 (77%), Gaps = 0/13 (0%)

Query  4   GKHVGKLAKGVIT  16
           G  +G+LAKG+ T
Sbjct  3   GSILGRLAKGLPT  15


>DRAMP21016
Length=23

 Score = 16.9 bits (32),  Expect = 8.5, Method: Compositional matrix adjust.
 Identities = 7/13 (54%), Positives = 10/13 (77%), Gaps = 0/13 (0%)

Query  4   GKHVGKLAKGVIT  16
           G  +G+LAKG+ T
Sbjct  3   GSILGRLAKGLPT  15


>DRAMP21022
Length=23

 Score = 16.9 bits (32),  Expect = 8.6, Method: Compositional matrix adjust.
 Identities = 7/13 (54%), Positives = 10/13 (77%), Gaps = 0/13 (0%)

Query  4   GKHVGKLAKGVIT  16
           G  +G+LAKG+ T
Sbjct  3   GSILGRLAKGLPT  15


>DRAMP21021
Length=23

 Score = 16.9 bits (32),  Expect = 8.9, Method: Compositional matrix adjust.
 Identities = 7/13 (54%), Positives = 10/13 (77%), Gaps = 0/13 (0%)

Query  4   GKHVGKLAKGVIT  16
           G  +G+LAKG+ T
Sbjct  3   GSILGRLAKGLPT  15


>DRAMP05811
Length=55

 Score = 17.3 bits (33),  Expect = 9.1, Method: Compositional matrix adjust.
 Identities = 7/10 (70%), Positives = 8/10 (80%), Gaps = 0/10 (0%)

Query  6   HVGKLAKGVI  15
           HVGKL  G+I
Sbjct  33  HVGKLIHGLI  42


>DRAMP28654
Length=25

 Score = 16.9 bits (32),  Expect = 9.6, Method: Compositional matrix adjust.
 Identities = 7/10 (70%), Positives = 8/10 (80%), Gaps = 0/10 (0%)

Query  2   YQGKHVGKLA  11
           + GKHVGK A
Sbjct  11  HXGKHVGKXA  20


>DRAMP05745
Length=25

 Score = 16.9 bits (32),  Expect = 10.0, Method: Compositional matrix adjust.
 Identities = 7/8 (88%), Positives = 7/8 (88%), Gaps = 0/8 (0%)

Query  4   GKHVGKLA  11
           GKHVGK A
Sbjct  13  GKHVGKAA  20


>DRAMP02359
Length=25

 Score = 16.9 bits (32),  Expect = 10.0, Method: Compositional matrix adjust.
 Identities = 7/8 (88%), Positives = 7/8 (88%), Gaps = 0/8 (0%)

Query  4   GKHVGKLA  11
           GKHVGK A
Sbjct  13  GKHVGKAA  20



Lambda      K        H        a         alpha
   0.320    0.140    0.406    0.792     4.96 

Gapped
Lambda      K        H        a         alpha    sigma
   0.267   0.0410    0.140     1.90     42.6     43.6 

Effective search space used: 11141696


  Database: DRAMP.fa
    Posted date:  Jun 2, 2022  5:36 PM
  Number of letters in database: 696,356
  Number of sequences in database:  28,274



Matrix: BLOSUM62
Gap Penalties: Existence: 11, Extension: 1
Neighboring words threshold: 11
Window for multiple hits: 40
