BLASTP 2.2.28+


Reference: Stephen F. Altschul, Thomas L. Madden, Alejandro A.
Schaffer, Jinghui Zhang, Zheng Zhang, Webb Miller, and David J.
Lipman (1997), "Gapped BLAST and PSI-BLAST: a new generation of
protein database search programs", Nucleic Acids Res. 25:3389-3402.


Reference for composition-based statistics: Alejandro A. Schaffer,
L. Aravind, Thomas L. Madden, Sergei Shavirin, John L. Spouge, Yuri
I. Wolf, Eugene V. Koonin, and Stephen F. Altschul (2001),
"Improving the accuracy of PSI-BLAST protein database searches with
composition-based statistics and other refinements", Nucleic Acids
Res. 29:2994-3005.



Database: DRAMP.fa
           28,274 sequences; 696,356 total letters



Query= PEPTIDO_1:

Length=9
                                                                      Score     E
Sequences producing significant alignments:                          (Bits)  Value

  DRAMP15308                                                          18.1    4.8  


> DRAMP15308
Length=78

 Score = 18.1 bits (35),  Expect = 4.8, Method: Compositional matrix adjust.
 Identities = 6/8 (75%), Positives = 8/8 (100%), Gaps = 0/8 (0%)

Query  2   GLTYIDYK  9
           G+T+IDYK
Sbjct  21  GITHIDYK  28



Lambda      K        H        a         alpha
   0.331    0.159    0.505    0.792     4.96 

Gapped
Lambda      K        H        a         alpha    sigma
   0.267   0.0410    0.140     1.90     42.6     43.6 

Effective search space used: 6267204


  Database: DRAMP.fa
    Posted date:  Jun 2, 2022  5:36 PM
  Number of letters in database: 696,356
  Number of sequences in database:  28,274



Matrix: BLOSUM62
Gap Penalties: Existence: 11, Extension: 1
Neighboring words threshold: 11
Window for multiple hits: 40
