BLASTP 2.12.0+


Reference: Stephen F. Altschul, Thomas L. Madden, Alejandro A.
Schaffer, Jinghui Zhang, Zheng Zhang, Webb Miller, and David J.
Lipman (1997), "Gapped BLAST and PSI-BLAST: a new generation of
protein database search programs", Nucleic Acids Res. 25:3389-3402.


Reference for composition-based statistics: Alejandro A. Schaffer,
L. Aravind, Thomas L. Madden, Sergei Shavirin, John L. Spouge, Yuri
I. Wolf, Eugene V. Koonin, and Stephen F. Altschul (2001),
"Improving the accuracy of PSI-BLAST protein database searches with
composition-based statistics and other refinements", Nucleic Acids
Res. 29:2994-3005.



Database: DRAMP.fa
           28,274 sequences; 696,356 total letters



Query= 
Length=10
                                                                      Score     E
Sequences producing significant alignments:                          (Bits)  Value

DRAMP02819                                                            18.5    1.6  
DRAMP20869                                                            17.3    4.1  
DRAMP29049                                                            16.9    4.8  
DRAMP29048                                                            16.5    6.6  


>DRAMP02819
Length=10

 Score = 18.5 bits (36),  Expect = 1.6, Method: Compositional matrix adjust.
 Identities = 9/10 (90%), Positives = 9/10 (90%), Gaps = 0/10 (0%)

Query  1  GLLTRIKTLL  10
          GLL RIKTLL
Sbjct  1  GLLKRIKTLL  10


>DRAMP20869
Length=9

 Score = 17.3 bits (33),  Expect = 4.1, Method: Compositional matrix adjust.
 Identities = 8/9 (89%), Positives = 8/9 (89%), Gaps = 0/9 (0%)

Query  1  GLLTRIKTL  9
          GLL RIKTL
Sbjct  1  GLLKRIKTL  9


>DRAMP29049
Length=10

 Score = 16.9 bits (32),  Expect = 4.8, Method: Compositional matrix adjust.
 Identities = 8/10 (80%), Positives = 8/10 (80%), Gaps = 0/10 (0%)

Query  1  GLLTRIKTLL  10
          GLL RIK LL
Sbjct  1  GLLKRIKALL  10


>DRAMP29048
Length=10

 Score = 16.5 bits (31),  Expect = 6.6, Method: Compositional matrix adjust.
 Identities = 8/10 (80%), Positives = 8/10 (80%), Gaps = 0/10 (0%)

Query  1  GLLTRIKTLL  10
           LL RIKTLL
Sbjct  1  ALLKRIKTLL  10



Lambda      K        H        a         alpha
   0.332    0.153    0.397    0.792     4.96 

Gapped
Lambda      K        H        a         alpha    sigma
   0.267   0.0410    0.140     1.90     42.6     43.6 

Effective search space used: 6963560


  Database: DRAMP.fa
    Posted date:  Jun 2, 2022  5:36 PM
  Number of letters in database: 696,356
  Number of sequences in database:  28,274



Matrix: BLOSUM62
Gap Penalties: Existence: 11, Extension: 1
Neighboring words threshold: 11
Window for multiple hits: 40
