BLASTP 2.12.0+


Reference: Stephen F. Altschul, Thomas L. Madden, Alejandro A.
Schaffer, Jinghui Zhang, Zheng Zhang, Webb Miller, and David J.
Lipman (1997), "Gapped BLAST and PSI-BLAST: a new generation of
protein database search programs", Nucleic Acids Res. 25:3389-3402.


Reference for composition-based statistics: Alejandro A. Schaffer,
L. Aravind, Thomas L. Madden, Sergei Shavirin, John L. Spouge, Yuri
I. Wolf, Eugene V. Koonin, and Stephen F. Altschul (2001),
"Improving the accuracy of PSI-BLAST protein database searches with
composition-based statistics and other refinements", Nucleic Acids
Res. 29:2994-3005.



Database: DRAMP.fa
           28,274 sequences; 696,356 total letters



Query= Sequence 2……

Length=43
                                                                      Score     E
Sequences producing significant alignments:                          (Bits)  Value

DRAMP02524                                                            21.2    2.0  
DRAMP00563                                                            19.6    5.1  
DRAMP14826                                                            19.2    9.4  


>DRAMP02524
Length=93

 Score = 21.2 bits (43),  Expect = 2.0, Method: Compositional matrix adjust.
 Identities = 7/13 (54%), Positives = 7/13 (54%), Gaps = 0/13 (0%)

Query  9   IIGKKPPPPKKQK  21
           IIG  PPP   Q 
Sbjct  77  IIGDGPPPETSQD  89


>DRAMP00563
Length=60

 Score = 19.6 bits (39),  Expect = 5.1, Method: Compositional matrix adjust.
 Identities = 7/23 (30%), Positives = 11/23 (48%), Gaps = 0/23 (0%)

Query  3   ITLKKLIIGKKPPPPKKQKKCCC  25
           + +   + G+    P  QK CCC
Sbjct  35  VRIAYYLYGECTMKPDHQKHCCC  57


>DRAMP14826
Length=84

 Score = 19.2 bits (38),  Expect = 9.4, Method: Compositional matrix adjust.
 Identities = 9/23 (39%), Positives = 14/23 (61%), Gaps = 2/23 (9%)

Query  12  KKPPP--PKKQKKCCCCCKKKKK  32
           ++P P  P K +KC  C KK ++
Sbjct  7   RRPAPEKPAKARKCVFCAKKNQQ  29



Lambda      K        H        a         alpha
   0.318    0.135    0.429    0.792     4.96 

Gapped
Lambda      K        H        a         alpha    sigma
   0.267   0.0410    0.140     1.90     42.6     43.6 

Effective search space used: 17943768


  Database: DRAMP.fa
    Posted date:  Jun 2, 2022  5:36 PM
  Number of letters in database: 696,356
  Number of sequences in database:  28,274



Matrix: BLOSUM62
Gap Penalties: Existence: 11, Extension: 1
Neighboring words threshold: 11
Window for multiple hits: 40
