BLASTP 2.2.28+


Reference: Stephen F. Altschul, Thomas L. Madden, Alejandro A.
Schaffer, Jinghui Zhang, Zheng Zhang, Webb Miller, and David J.
Lipman (1997), "Gapped BLAST and PSI-BLAST: a new generation of
protein database search programs", Nucleic Acids Res. 25:3389-3402.


Reference for composition-based statistics: Alejandro A. Schaffer,
L. Aravind, Thomas L. Madden, Sergei Shavirin, John L. Spouge, Yuri
I. Wolf, Eugene V. Koonin, and Stephen F. Altschul (2001),
"Improving the accuracy of PSI-BLAST protein database searches with
composition-based statistics and other refinements", Nucleic Acids
Res. 29:2994-3005.



Database: DRAMP.fa
           28,274 sequences; 696,356 total letters



Query= 
Length=36
                                                                      Score     E
Sequences producing significant alignments:                          (Bits)  Value

  DRAMP04588                                                          65.9    3e-17
  DRAMP00779                                                          18.5    7.7  
  DRAMP00780                                                          18.5    7.9  
  DRAMP00337                                                          18.1    9.5  


> DRAMP04588
Length=66

 Score = 65.9 bits (159),  Expect = 3e-17, Method: Compositional matrix adjust.
 Identities = 35/36 (97%), Positives = 35/36 (97%), Gaps = 0/36 (0%)

Query  1   RICSRGKNCVSRPGVGSIIGRPGGGSLIGRPGGGSV  36
           RICSR KNCVSRPGVGSIIGRPGGGSLIGRPGGGSV
Sbjct  1   RICSRDKNCVSRPGVGSIIGRPGGGSLIGRPGGGSV  36


> DRAMP00779
Length=30

 Score = 18.5 bits (36),  Expect = 7.7, Method: Compositional matrix adjust.
 Identities = 8/25 (32%), Positives = 13/25 (52%), Gaps = 0/25 (0%)

Query  6   GKNCVSRPGVGSIIGRPGGGSLIGR  30
           G++CV  P + S+IG      +  R
Sbjct  5   GESCVFIPCISSVIGCSCSSKVCYR  29


> DRAMP00780
Length=31

 Score = 18.5 bits (36),  Expect = 7.9, Method: Compositional matrix adjust.
 Identities = 7/15 (47%), Positives = 11/15 (73%), Gaps = 0/15 (0%)

Query  6   GKNCVSRPGVGSIIG  20
           G++CV  P + S+IG
Sbjct  6   GESCVFIPCISSVIG  20


> DRAMP00337
Length=29

 Score = 18.1 bits (35),  Expect = 9.5, Method: Compositional matrix adjust.
 Identities = 7/25 (28%), Positives = 13/25 (52%), Gaps = 0/25 (0%)

Query  6   GKNCVSRPGVGSIIGRPGGGSLIGR  30
           G++CV  P + ++IG      +  R
Sbjct  5   GESCVWIPCISTVIGCSCSNKVCYR  29



Lambda      K        H        a         alpha
   0.319    0.149    0.478    0.792     4.96 

Gapped
Lambda      K        H        a         alpha    sigma
   0.267   0.0410    0.140     1.90     42.6     43.6 

Effective search space used: 17204566


  Database: DRAMP.fa
    Posted date:  Jun 2, 2022  5:36 PM
  Number of letters in database: 696,356
  Number of sequences in database:  28,274



Matrix: BLOSUM62
Gap Penalties: Existence: 11, Extension: 1
Neighboring words threshold: 11
Window for multiple hits: 40
