BLASTP 2.2.28+


Reference: Stephen F. Altschul, Thomas L. Madden, Alejandro A.
Schaffer, Jinghui Zhang, Zheng Zhang, Webb Miller, and David J.
Lipman (1997), "Gapped BLAST and PSI-BLAST: a new generation of
protein database search programs", Nucleic Acids Res. 25:3389-3402.


Reference for composition-based statistics: Alejandro A. Schaffer,
L. Aravind, Thomas L. Madden, Sergei Shavirin, John L. Spouge, Yuri
I. Wolf, Eugene V. Koonin, and Stephen F. Altschul (2001),
"Improving the accuracy of PSI-BLAST protein database searches with
composition-based statistics and other refinements", Nucleic Acids
Res. 29:2994-3005.



Database: DRAMP.fa
           28,274 sequences; 696,356 total letters



Query= 1

Length=13
                                                                      Score     E
Sequences producing significant alignments:                          (Bits)  Value

  DRAMP25514                                                          19.2    0.99 


> DRAMP25514
Length=20

 Score = 19.2 bits (38),  Expect = 0.99, Method: Compositional matrix adjust.
 Identities = 7/12 (58%), Positives = 8/12 (67%), Gaps = 0/12 (0%)

Query  1   NIWDTFTHKHPT  12
           NIW  FT + PT
Sbjct  7   NIWGPFTSEDPT  18



Lambda      K        H        a         alpha
   0.324    0.135    0.527    0.792     4.96 

Gapped
Lambda      K        H        a         alpha    sigma
   0.267   0.0410    0.140     1.90     42.6     43.6 

Effective search space used: 9052628


  Database: DRAMP.fa
    Posted date:  Jun 2, 2022  5:36 PM
  Number of letters in database: 696,356
  Number of sequences in database:  28,274



Matrix: BLOSUM62
Gap Penalties: Existence: 11, Extension: 1
Neighboring words threshold: 11
Window for multiple hits: 40
