BLASTP 2.12.0+


Reference: Stephen F. Altschul, Thomas L. Madden, Alejandro A.
Schaffer, Jinghui Zhang, Zheng Zhang, Webb Miller, and David J.
Lipman (1997), "Gapped BLAST and PSI-BLAST: a new generation of
protein database search programs", Nucleic Acids Res. 25:3389-3402.


Reference for composition-based statistics: Alejandro A. Schaffer,
L. Aravind, Thomas L. Madden, Sergei Shavirin, John L. Spouge, Yuri
I. Wolf, Eugene V. Koonin, and Stephen F. Altschul (2001),
"Improving the accuracy of PSI-BLAST protein database searches with
composition-based statistics and other refinements", Nucleic Acids
Res. 29:2994-3005.



Database: DRAMP.fa
           28,274 sequences; 696,356 total letters



Query= total_200_candidate_1301

Length=16
                                                                      Score     E
Sequences producing significant alignments:                          (Bits)  Value

DRAMP15098                                                            17.7    6.9  
DRAMP27663                                                            16.9    8.3  


>DRAMP15098
Length=44

 Score = 17.7 bits (34),  Expect = 6.9, Method: Compositional matrix adjust.
 Identities = 6/12 (50%), Positives = 8/12 (67%), Gaps = 0/12 (0%)

Query  5   QRLKQGRIKGFR  16
            +LK  R+ GFR
Sbjct  8   SKLKHARVHGFR  19


>DRAMP27663
Length=20

 Score = 16.9 bits (32),  Expect = 8.3, Method: Compositional matrix adjust.
 Identities = 5/16 (31%), Positives = 12/16 (75%), Gaps = 0/16 (0%)

Query  1   RQVFQRLKQGRIKGFR  16
           RQ+++ ++Q   +G+R
Sbjct  1   RQIYESIEQALRRGYR  16



Lambda      K        H        a         alpha
   0.339    0.152    0.441    0.792     4.96 

Gapped
Lambda      K        H        a         alpha    sigma
   0.267   0.0410    0.140     1.90     42.6     43.6 

Effective search space used: 11141696


  Database: DRAMP.fa
    Posted date:  Jun 2, 2022  5:36 PM
  Number of letters in database: 696,356
  Number of sequences in database:  28,274



Matrix: BLOSUM62
Gap Penalties: Existence: 11, Extension: 1
Neighboring words threshold: 11
Window for multiple hits: 40
