BLASTP 2.12.0+


Reference: Stephen F. Altschul, Thomas L. Madden, Alejandro A.
Schaffer, Jinghui Zhang, Zheng Zhang, Webb Miller, and David J.
Lipman (1997), "Gapped BLAST and PSI-BLAST: a new generation of
protein database search programs", Nucleic Acids Res. 25:3389-3402.


Reference for composition-based statistics: Alejandro A. Schaffer,
L. Aravind, Thomas L. Madden, Sergei Shavirin, John L. Spouge, Yuri
I. Wolf, Eugene V. Koonin, and Stephen F. Altschul (2001),
"Improving the accuracy of PSI-BLAST protein database searches with
composition-based statistics and other refinements", Nucleic Acids
Res. 29:2994-3005.



Database: DRAMP.fa
           28,274 sequences; 696,356 total letters



Query= 1

Length=16
                                                                      Score     E
Sequences producing significant alignments:                          (Bits)  Value

DRAMP12852                                                            17.3    7.3  
DRAMP12853                                                            17.3    7.4  


>DRAMP12852
Length=22

 Score = 17.3 bits (33),  Expect = 7.3, Method: Compositional matrix adjust.
 Identities = 7/15 (47%), Positives = 11/15 (73%), Gaps = 0/15 (0%)

Query  1   GKRLKKLLKSLIKKL  15
           G+R + + K L+KKL
Sbjct  5   GRRQRSICKQLLKKL  19


>DRAMP12853
Length=30

 Score = 17.3 bits (33),  Expect = 7.4, Method: Compositional matrix adjust.
 Identities = 7/15 (47%), Positives = 11/15 (73%), Gaps = 0/15 (0%)

Query  1   GKRLKKLLKSLIKKL  15
           G+R + + K L+KKL
Sbjct  13  GRRQRSICKQLLKKL  27



Lambda      K        H        a         alpha
   0.316    0.137    0.329    0.792     4.96 

Gapped
Lambda      K        H        a         alpha    sigma
   0.267   0.0410    0.140     1.90     42.6     43.6 

Effective search space used: 11141696


  Database: DRAMP.fa
    Posted date:  Jun 2, 2022  5:36 PM
  Number of letters in database: 696,356
  Number of sequences in database:  28,274



Matrix: BLOSUM62
Gap Penalties: Existence: 11, Extension: 1
Neighboring words threshold: 11
Window for multiple hits: 40
