BLASTP 2.12.0+


Reference: Stephen F. Altschul, Thomas L. Madden, Alejandro A.
Schaffer, Jinghui Zhang, Zheng Zhang, Webb Miller, and David J.
Lipman (1997), "Gapped BLAST and PSI-BLAST: a new generation of
protein database search programs", Nucleic Acids Res. 25:3389-3402.


Reference for composition-based statistics: Alejandro A. Schaffer,
L. Aravind, Thomas L. Madden, Sergei Shavirin, John L. Spouge, Yuri
I. Wolf, Eugene V. Koonin, and Stephen F. Altschul (2001),
"Improving the accuracy of PSI-BLAST protein database searches with
composition-based statistics and other refinements", Nucleic Acids
Res. 29:2994-3005.



Database: DRAMP.fa
           28,274 sequences; 696,356 total letters



Query= 
Length=17
                                                                      Score     E
Sequences producing significant alignments:                          (Bits)  Value

DRAMP17779                                                            20.0    1.1  
DRAMP18362                                                            17.7    5.4  
DRAMP18199                                                            17.7    5.4  
DRAMP05890                                                            17.7    8.5  
DRAMP09309                                                            16.9    9.9  


>DRAMP17779
Length=85

 Score = 20.0 bits (40),  Expect = 1.1, Method: Composition-based stats.
 Identities = 7/15 (47%), Positives = 10/15 (67%), Gaps = 0/15 (0%)

Query  1   MRKPPKGQWITLQEY  15
           +RKP  G W+ LQ +
Sbjct  43  IRKPAGGSWLGLQRH  57


>DRAMP18362
Length=28

 Score = 17.7 bits (34),  Expect = 5.4, Method: Compositional matrix adjust.
 Identities = 6/7 (86%), Positives = 6/7 (86%), Gaps = 0/7 (0%)

Query  6   KGQWITL  12
           KGQW TL
Sbjct  13  KGQWCTL  19


>DRAMP18199
Length=28

 Score = 17.7 bits (34),  Expect = 5.4, Method: Compositional matrix adjust.
 Identities = 6/7 (86%), Positives = 6/7 (86%), Gaps = 0/7 (0%)

Query  6   KGQWITL  12
           KGQW TL
Sbjct  13  KGQWCTL  19


>DRAMP05890
Length=64

 Score = 17.7 bits (34),  Expect = 8.5, Method: Composition-based stats.
 Identities = 6/11 (55%), Positives = 6/11 (55%), Gaps = 0/11 (0%)

Query  1   MRKPPKGQWIT  11
           M KP  G W T
Sbjct  38  MIKPSLGNWTT  48


>DRAMP09309
Length=21

 Score = 16.9 bits (32),  Expect = 9.9, Method: Compositional matrix adjust.
 Identities = 5/8 (63%), Positives = 8/8 (100%), Gaps = 0/8 (0%)

Query  1  MRKPPKGQ  8
          +R+PPKG+
Sbjct  2  VRRPPKGK  9



Lambda      K        H        a         alpha
   0.324    0.141    0.507    0.792     4.96 

Gapped
Lambda      K        H        a         alpha    sigma
   0.267   0.0410    0.140     1.90     42.6     43.6 

Effective search space used: 11838052


  Database: DRAMP.fa
    Posted date:  Jun 2, 2022  5:36 PM
  Number of letters in database: 696,356
  Number of sequences in database:  28,274



Matrix: BLOSUM62
Gap Penalties: Existence: 11, Extension: 1
Neighboring words threshold: 11
Window for multiple hits: 40
