BLASTP 2.12.0+


Reference: Stephen F. Altschul, Thomas L. Madden, Alejandro A.
Schaffer, Jinghui Zhang, Zheng Zhang, Webb Miller, and David J.
Lipman (1997), "Gapped BLAST and PSI-BLAST: a new generation of
protein database search programs", Nucleic Acids Res. 25:3389-3402.


Reference for composition-based statistics: Alejandro A. Schaffer,
L. Aravind, Thomas L. Madden, Sergei Shavirin, John L. Spouge, Yuri
I. Wolf, Eugene V. Koonin, and Stephen F. Altschul (2001),
"Improving the accuracy of PSI-BLAST protein database searches with
composition-based statistics and other refinements", Nucleic Acids
Res. 29:2994-3005.



Database: DRAMP.fa
           28,274 sequences; 696,356 total letters



Query= seq467

Length=28
                                                                      Score     E
Sequences producing significant alignments:                          (Bits)  Value

DRAMP14973                                                            21.9    0.24 


>DRAMP14973
Length=37

 Score = 21.9 bits (45),  Expect = 0.24, Method: Compositional matrix adjust.
 Identities = 7/22 (32%), Positives = 14/22 (64%), Gaps = 0/22 (0%)

Query  1   GLLKSNAAAFVRVLDAKVKKEQ  22
           GL++ +   FVR +++K  + Q
Sbjct  15  GLIRRHGKLFVRCINSKHNQRQ  36



Lambda      K        H        a         alpha
   0.312    0.124    0.325    0.792     4.96 

Gapped
Lambda      K        H        a         alpha    sigma
   0.267   0.0410    0.140     1.90     42.6     43.6 

Effective search space used: 18038214


  Database: DRAMP.fa
    Posted date:  Jun 2, 2022  5:36 PM
  Number of letters in database: 696,356
  Number of sequences in database:  28,274



Matrix: BLOSUM62
Gap Penalties: Existence: 11, Extension: 1
Neighboring words threshold: 11
Window for multiple hits: 40
