BLASTP 2.2.28+


Reference: Stephen F. Altschul, Thomas L. Madden, Alejandro A.
Schaffer, Jinghui Zhang, Zheng Zhang, Webb Miller, and David J.
Lipman (1997), "Gapped BLAST and PSI-BLAST: a new generation of
protein database search programs", Nucleic Acids Res. 25:3389-3402.


Reference for composition-based statistics: Alejandro A. Schaffer,
L. Aravind, Thomas L. Madden, Sergei Shavirin, John L. Spouge, Yuri
I. Wolf, Eugene V. Koonin, and Stephen F. Altschul (2001),
"Improving the accuracy of PSI-BLAST protein database searches with
composition-based statistics and other refinements", Nucleic Acids
Res. 29:2994-3005.



Database: DRAMP.fa
           28,274 sequences; 696,356 total letters



Query= 3

Length=24
                                                                      Score     E
Sequences producing significant alignments:                          (Bits)  Value

  DRAMP25598                                                          17.3    7.8  


> DRAMP25598
Length=20

 Score = 17.3 bits (33),  Expect = 7.8, Method: Compositional matrix adjust.
 Identities = 5/16 (31%), Positives = 10/16 (63%), Gaps = 0/16 (0%)

Query  8   HPGDKLIHGLFKFIKS  23
           HP   ++  L+K++ S
Sbjct  1   HPPSIVLRALYKYVLS  16



Lambda      K        H        a         alpha
   0.338    0.161    0.532    0.792     4.96 

Gapped
Lambda      K        H        a         alpha    sigma
   0.267   0.0410    0.140     1.90     42.6     43.6 

Effective search space used: 16712544


  Database: DRAMP.fa
    Posted date:  Jun 2, 2022  5:36 PM
  Number of letters in database: 696,356
  Number of sequences in database:  28,274



Matrix: BLOSUM62
Gap Penalties: Existence: 11, Extension: 1
Neighboring words threshold: 11
Window for multiple hits: 40
