BLASTP 2.2.28+


Reference: Stephen F. Altschul, Thomas L. Madden, Alejandro A.
Schaffer, Jinghui Zhang, Zheng Zhang, Webb Miller, and David J.
Lipman (1997), "Gapped BLAST and PSI-BLAST: a new generation of
protein database search programs", Nucleic Acids Res. 25:3389-3402.


Reference for composition-based statistics: Alejandro A. Schaffer,
L. Aravind, Thomas L. Madden, Sergei Shavirin, John L. Spouge, Yuri
I. Wolf, Eugene V. Koonin, and Stephen F. Altschul (2001),
"Improving the accuracy of PSI-BLAST protein database searches with
composition-based statistics and other refinements", Nucleic Acids
Res. 29:2994-3005.



Database: DRAMP.fa
           28,274 sequences; 696,356 total letters



Query= 
Length=60
                                                                      Score     E
Sequences producing significant alignments:                          (Bits)  Value

  DRAMP17806                                                          21.2    2.7  
  DRAMP02947                                                          21.6    3.0  
  DRAMP24976                                                          19.6    5.8  
  DRAMP14919                                                          20.0    8.4  
  DRAMP14918                                                          20.0    9.3  


> DRAMP17806
Length=67

 Score = 21.2 bits (43),  Expect = 2.7, Method: Compositional matrix adjust.
 Identities = 10/21 (48%), Positives = 13/21 (62%), Gaps = 0/21 (0%)

Query  31  NKRMEFGFKRKDCLRPYLIKG  51
           N R E+  +RK  LRP+L  G
Sbjct  21  NVRAEYEEERKRRLRPWLYDG  41


> DRAMP02947
Length=95

 Score = 21.6 bits (44),  Expect = 3.0, Method: Compositional matrix adjust.
 Identities = 12/30 (40%), Positives = 15/30 (50%), Gaps = 1/30 (3%)

Query  13  CVGWLPF-GRRRHKTDRNCNKRMEFGFKRK  41
           C GW PF GR R K+    ++     F RK
Sbjct  49  CPGWAPFEGRSRTKSRSGSSREATKDFVRK  78


> DRAMP24976
Length=20

 Score = 19.6 bits (39),  Expect = 5.8, Method: Compositional matrix adjust.
 Identities = 6/13 (46%), Positives = 8/13 (62%), Gaps = 0/13 (0%)

Query  16  WLPFGRRRHKTDR  28
           WLPF R  H  ++
Sbjct  8   WLPFQRHPHNDEQ  20


> DRAMP14919
Length=87

 Score = 20.0 bits (40),  Expect = 8.4, Method: Compositional matrix adjust.
 Identities = 11/31 (35%), Positives = 17/31 (55%), Gaps = 2/31 (6%)

Query  15  GWLPFGRRRHKTDRNCNK--RMEFGFKRKDC  43
           G   FG+R +K+   CN+  R  F  ++K C
Sbjct  3   GTPSFGKRHNKSHTLCNRCGRRSFHVQKKTC  33


> DRAMP14918
Length=87

 Score = 20.0 bits (40),  Expect = 9.3, Method: Compositional matrix adjust.
 Identities = 11/31 (35%), Positives = 17/31 (55%), Gaps = 2/31 (6%)

Query  15  GWLPFGRRRHKTDRNCNK--RMEFGFKRKDC  43
           G   FG+R +K+   CN+  R  F  ++K C
Sbjct  3   GTPSFGKRHNKSHTLCNRCGRRSFHVQKKTC  33



Lambda      K        H        a         alpha
   0.329    0.141    0.459    0.792     4.96 

Gapped
Lambda      K        H        a         alpha    sigma
   0.267   0.0410    0.140     1.90     42.6     43.6 

Effective search space used: 17139264


  Database: DRAMP.fa
    Posted date:  Jun 2, 2022  5:36 PM
  Number of letters in database: 696,356
  Number of sequences in database:  28,274



Matrix: BLOSUM62
Gap Penalties: Existence: 11, Extension: 1
Neighboring words threshold: 11
Window for multiple hits: 40
