BLASTP 2.12.0+


Reference: Stephen F. Altschul, Thomas L. Madden, Alejandro A.
Schaffer, Jinghui Zhang, Zheng Zhang, Webb Miller, and David J.
Lipman (1997), "Gapped BLAST and PSI-BLAST: a new generation of
protein database search programs", Nucleic Acids Res. 25:3389-3402.


Reference for composition-based statistics: Alejandro A. Schaffer,
L. Aravind, Thomas L. Madden, Sergei Shavirin, John L. Spouge, Yuri
I. Wolf, Eugene V. Koonin, and Stephen F. Altschul (2001),
"Improving the accuracy of PSI-BLAST protein database searches with
composition-based statistics and other refinements", Nucleic Acids
Res. 29:2994-3005.



Database: DRAMP.fa
           28,274 sequences; 696,356 total letters



Query= 
Length=12
                                                                      Score     E
Sequences producing significant alignments:                          (Bits)  Value

DRAMP17819                                                            18.5    3.5  
DRAMP23549                                                            16.9    5.4  


>DRAMP17819
Length=77

 Score = 18.5 bits (36),  Expect = 3.5, Method: Composition-based stats.
 Identities = 6/7 (86%), Positives = 6/7 (86%), Gaps = 0/7 (0%)

Query  3   EFLCRLR  9
           EF CRLR
Sbjct  7   EFYCRLR  13


>DRAMP23549
Length=17

 Score = 16.9 bits (32),  Expect = 5.4, Method: Compositional matrix adjust.
 Identities = 7/11 (64%), Positives = 8/11 (73%), Gaps = 0/11 (0%)

Query  2   LEFLCRLRKLF  12
           L  LC LR+LF
Sbjct  3   LSLLCTLRRLF  13



Lambda      K        H        a         alpha
   0.357    0.168    0.541    0.792     4.96 

Gapped
Lambda      K        H        a         alpha    sigma
   0.267   0.0410    0.140     1.90     42.6     43.6 

Effective search space used: 8356272


  Database: DRAMP.fa
    Posted date:  Jun 2, 2022  5:36 PM
  Number of letters in database: 696,356
  Number of sequences in database:  28,274



Matrix: BLOSUM62
Gap Penalties: Existence: 11, Extension: 1
Neighboring words threshold: 11
Window for multiple hits: 40
