***WARNING*** cannot open scoring matrix file BL45
# ../../cgi-bin/seq-search/bin/fasta36 -Q -s BL45 -b 10 -d 10 -E 20.0 -T 8 ../../tmp/simi_search_tmp/3HGCM63j0EDCwPKCXq/3HGCM63j0EDCwPKCXq.in ./database/DRAMP.fa
FASTA searches a protein or DNA sequence data bank
 version 36.3.6 Sep, 2013(preload9)
Please cite:
 W.R. Pearson & D.J. Lipman PNAS (1988) 85:2444-2448

Query: ../../tmp/simi_search_tmp/3HGCM63j0EDCwPKCXq/3HGCM63j0EDCwPKCXq.in
  1>>>1 - 13 aa
Library: ./database/DRAMP.fa
   696332 residues in 28274 sequences

Statistics:  Expectation_n fit: rho(ln(x))= 2.5685+/-0.000385; mu= 8.5988+/- 0.013
 mean_var=18.0364+/- 4.666, 0's: 4560 Z-trim(123.6): 4561  B-trim: 0 in 0/24
 Lambda= 0.301995
 statistics sampled from 25230 (25231) to 25230 sequences
Algorithm: FASTA (3.8 Nov 2011) [optimized]
Parameters: BL50 matrix (15:-5), open/ext: -10/-2
 ktup: 1, E-join: 1 (0.994), E-opt: 0.2 (0.892), width:  16
 Scan time:  0.080

The best scores are:                                      opt bits E(28274)
DRAMP17746                                         (  30)   51 24.3    0.54
DRAMP17185                                         (  25)   45 21.6     2.9
DRAMP20780                                         (  12)   42 20.1     4.1
DRAMP27775                                         (  27)   43 20.8     5.6
DRAMP14627                                         (  30)   42 20.4     8.2
DRAMP17186                                         (  25)   41 19.9     9.7
DRAMP17188                                         (  25)   41 19.9     9.7
DRAMP21172                                         (  16)   39 18.8      13
DRAMP06292                                         (  18)   39 18.9      14
DRAMP09197                                         (  13)   38 18.3      14

>>DRAMP17746                                              (30 aa)
 initn:  51 init1:  51 opt:  51  Z-score: 130.2  bits: 24.3 E(28274): 0.54
Smith-Waterman score: 51; 45.5% identity (90.9% similar) in 11 aa overlap (2-12:12-22)

                         10          
1                IWLSKIKHVQDKK       
                  :: :.:..:..        
DRAMP1 MDKGEVADLTAWLEKVKEIQERYPLPEEPK
               10        20        30

>>DRAMP17185                                              (25 aa)
 initn:  50 init1:  45 opt:  45  Z-score: 117.1  bits: 21.6 E(28274):  2.9
Smith-Waterman score: 45; 55.6% identity (88.9% similar) in 9 aa overlap (1-9:1-9)

               10               
1      IWLSKIKHVQDKK            
       :::. .::.                
DRAMP1 IWLTALKHLGKHAAKHLAKQQLSPW
               10        20     

>>DRAMP20780                                              (12 aa)
 initn:  42 init1:  42 opt:  42  Z-score: 114.5  bits: 20.1 E(28274):  4.1
Smith-Waterman score: 42; 50.0% identity (87.5% similar) in 8 aa overlap (2-9:3-10)

                10   
1       IWLSKIKHVQDKK
         :.: .::.    
DRAMP2 GKWMSLLKHILK  
               10    

>>DRAMP27775                                              (27 aa)
 initn:  43 init1:  43 opt:  43  Z-score: 112.0  bits: 20.8 E(28274):  5.6
Smith-Waterman score: 43; 38.5% identity (76.9% similar) in 13 aa overlap (1-13:2-14)

                10                
1       IWLSKIKHVQDKK             
        .:..:.:.:   :             
DRAMP2 ALWMTKLKKVLKAKAKALNAVLVGANA
               10        20       

>>DRAMP14627                                              (30 aa)
 initn:  42 init1:  42 opt:  42  Z-score: 109.0  bits: 20.4 E(28274):  8.2
Smith-Waterman score: 42; 54.5% identity (81.8% similar) in 11 aa overlap (3-13:9-19)

                     10              
1            IWLSKIKHVQDKK           
               : :.:.. :::           
DRAMP1 KNKKQTDILEKVKEILDKKKKTKSVGQKLY
               10        20        30

>>DRAMP17186                                              (25 aa)
 initn:  46 init1:  41 opt:  41  Z-score: 107.7  bits: 19.9 E(28274):  9.7
Smith-Waterman score: 41; 50.0% identity (80.0% similar) in 10 aa overlap (1-10:1-10)

               10               
1      IWLSKIKHVQDKK            
       :::. .: .:               
DRAMP1 IWLTALKFLQKHAAKHLAKQQLSPW
               10        20     

>>DRAMP17188                                              (25 aa)
 initn:  41 init1:  41 opt:  41  Z-score: 107.7  bits: 19.9 E(28274):  9.7
Smith-Waterman score: 41; 50.0% identity (80.0% similar) in 10 aa overlap (1-10:1-10)

               10               
1      IWLSKIKHVQDKK            
       :::. .: .:               
DRAMP1 IWLTALKFLQKHAAKHLAKHSLSPW
               10        20     

>>DRAMP21172                                              (16 aa)
 initn:  39 init1:  39 opt:  39  Z-score: 105.7  bits: 18.8 E(28274):   13
Smith-Waterman score: 39; 45.5% identity (81.8% similar) in 11 aa overlap (2-12:6-16)

                   10   
1          IWLSKIKHVQDKK
            ::.:.:..  : 
DRAMP2 GILSSWLKKLKKIIAK 
               10       

>>DRAMP06292                                              (18 aa)
 initn:  39 init1:  39 opt:  39  Z-score: 105.0  bits: 18.9 E(28274):   14
Smith-Waterman score: 39; 45.5% identity (81.8% similar) in 11 aa overlap (2-12:2-12)

               10        
1      IWLSKIKHVQDKK     
        :.::.:..  :      
DRAMP0 GWFSKLKKTAKKLLQRVL
               10        

>>DRAMP09197                                              (13 aa)
 initn:  38 init1:  38 opt:  38  Z-score: 104.6  bits: 18.3 E(28274):   14
Smith-Waterman score: 38; 41.7% identity (75.0% similar) in 12 aa overlap (2-13:2-13)

               10   
1      IWLSKIKHVQDKK
        :  .:..:. ::
DRAMP0 FWQRNIRKVKKKK
               10   



13 residues in 1 query   sequences
696332 residues in 28274 library sequences
 Tcomplib [36.3.6 Sep, 2013(preload9)] (8 proc in memory [0G])
 start: Sun Jul 13 00:03:46 2025 done: Sun Jul 13 00:03:46 2025
 Total Scan time:  0.080 Total Display time:  0.000

Function used was FASTA [36.3.6 Sep, 2013(preload9)]
