BLASTP 2.2.28+


Reference: Stephen F. Altschul, Thomas L. Madden, Alejandro A.
Schaffer, Jinghui Zhang, Zheng Zhang, Webb Miller, and David J.
Lipman (1997), "Gapped BLAST and PSI-BLAST: a new generation of
protein database search programs", Nucleic Acids Res. 25:3389-3402.


Reference for composition-based statistics: Alejandro A. Schaffer,
L. Aravind, Thomas L. Madden, Sergei Shavirin, John L. Spouge, Yuri
I. Wolf, Eugene V. Koonin, and Stephen F. Altschul (2001),
"Improving the accuracy of PSI-BLAST protein database searches with
composition-based statistics and other refinements", Nucleic Acids
Res. 29:2994-3005.



Database: DRAMP.fa
           28,274 sequences; 696,356 total letters



Query= 
Length=19
                                                                      Score     E
Sequences producing significant alignments:                          (Bits)  Value

  DRAMP14917                                                          19.6    2.5  


> DRAMP14917
Length=91

 Score = 19.6 bits (39),  Expect = 2.5, Method: Composition-based stats.
 Identities = 8/18 (44%), Positives = 12/18 (67%), Gaps = 0/18 (0%)

Query  2   TPLARRLRELLRRLRELL  19
           T  A  +R  +RRLRE++
Sbjct  72  TAAAATVRSTIRRLREMV  89



Lambda      K        H        a         alpha
   0.339    0.154    0.409    0.792     4.96 

Gapped
Lambda      K        H        a         alpha    sigma
   0.267   0.0410    0.140     1.90     42.6     43.6 

Effective search space used: 13230764


  Database: DRAMP.fa
    Posted date:  Jun 2, 2022  5:36 PM
  Number of letters in database: 696,356
  Number of sequences in database:  28,274



Matrix: BLOSUM62
Gap Penalties: Existence: 11, Extension: 1
Neighboring words threshold: 11
Window for multiple hits: 40
