# ../../cgi-bin/seq-search/bin/ssearch35 -Q -s BL62 -b 10 -d 10 -E 20.0 -T 8 ../../tmp/simi_search_tmp/rEz7k8xcThfOeT5QL6/rEz7k8xcThfOeT5QL6.in ./database/DRAMP.fa
SSEARCH searches a sequence data bank
 version 36.05 March, 2010
Please cite:
 T. F. Smith and M. S. Waterman, (1981) J. Mol. Biol. 147:195-197; 
 W.R. Pearson (1991) Genomics 11:635-650

Query: ../../tmp/simi_search_tmp/rEz7k8xcThfOeT5QL6/rEz7k8xcThfOeT5QL6.in
  1>>>Sequence1 - 30 aa
Library: ./database/DRAMP.fa
   696332 residues in 28274 sequences

       opt      E()
< 20  4698     0:============================================================
  22     0     0:           one = represents 79 library sequences
  24     0     0:
  26     1     1:*
  28     2     6:*
  30     9    39:*
  32    22   150:=*
  34    73   408:=    *
  36   349   838:=====     *
  38   960  1385:=============    *
  40  1522  1932:====================    *
  42  2453  2362:=============================*==
  44  3340  2605:================================*==========
  46  2735  2653:=================================*=
  48  2202  2540:============================    *
  50  2033  2318:==========================   *
  52  1566  2038:====================     *
  54  1132  1741:===============       *
  56   959  1454:=============     *
  58   856  1194:===========    *
  60   595   967:========    *
  62   465   775:======   *
  64   394   617:=====  *
  66   365   487:===== *
  68   297   383:====*
  70   279   300:===*
  72   169   235:==*
  74   151   183:==*
  76   122   142:=*
  78    78   111:=*
  80    85    86:=*
  82    38    66:*
  84    39    52:*
  86    48    40:*
  88    40    31:*          inset = represents 1 library sequences
  90    57    24:*
  92    25    19:*         :==================*======
  94    11    14:*         :===========  *
  96     9    11:*         :========= *
  98    17     9:*         :========*========
 100    13     7:*         :======*======
 102    11     5:*         :====*======
 104     7     4:*         :===*===
 106     6     3:*         :==*===
 108     1     2:*         :=*
 110     1     2:*         :=*
 112     1     1:*         :*
 114     2     1:*         :*=
 116     9     1:*         :*========
 118     0     1:*         :*
>120    27     1:*         :*==========================
   696332 residues in 28274 sequences
Statistics:  Expectation_n fit: rho(ln(x))= 3.6638+/-0.000373; mu= 3.5529+/- 0.012
 mean_var=31.3539+/- 8.469, 0's: 4698 Z-trim: 4714  B-trim: 0 in 0/24
 Lambda= 0.229049
 statistics sampled from 28247 (28274) to 28247 sequences
 Kolmogorov-Smirnov  statistic: 0.2027 (N=29) at  84
Algorithm: Smith-Waterman (SSE2, Michael Farrar 2006) (7.1 Aug 2009)
Parameters: BL62 matrix (11:-4), open/ext: -7/-1
 Scan time:  0.040

The best scores are:                                      s-w bits E(28274)
DRAMP02473                                         (  30)  151 55.3 5.9e-10
DRAMP20777                                         (  34)  151 55.3 6.6e-10
DRAMP29043                                         (  30)  147 53.9 1.5e-09
DRAMP02519                                         (  34)  144 53.0 3.3e-09
DRAMP02521                                         (  30)  139 51.3 9.3e-09
DRAMP02520                                         (  34)  139 51.3   1e-08
DRAMP20884                                         (  34)  137 50.7 1.6e-08
DRAMP02483                                         (  30)  129 48.0 9.2e-08
DRAMP02518                                         (  34)  129 48.0   1e-07
DRAMP20883                                         (  34)  129 48.0   1e-07

>>DRAMP02473                                              (30 aa)
 s-w opt: 151  Z-score: 291.1  bits: 55.3 E(28274): 5.9e-10
Smith-Waterman score: 151; 100.0% identity (100.0% similar) in 30 aa overlap (1-30:1-30)

               10        20        30
Sequen KFFRKLKKSVKKRAKEFFKKPRVIGVSIPF
       ::::::::::::::::::::::::::::::
DRAMP0 KFFRKLKKSVKKRAKEFFKKPRVIGVSIPF
               10        20        30

>>DRAMP20777                                              (34 aa)
 s-w opt: 151  Z-score: 290.3  bits: 55.3 E(28274): 6.6e-10
Smith-Waterman score: 151; 100.0% identity (100.0% similar) in 30 aa overlap (1-30:5-34)

                   10        20        30
Sequen     KFFRKLKKSVKKRAKEFFKKPRVIGVSIPF
           ::::::::::::::::::::::::::::::
DRAMP2 KRFKKFFRKLKKSVKKRAKEFFKKPRVIGVSIPF
               10        20        30    

>>DRAMP29043                                              (30 aa)
 s-w opt: 147  Z-score: 283.9  bits: 53.9 E(28274): 1.5e-09
Smith-Waterman score: 147; 96.7% identity (100.0% similar) in 30 aa overlap (1-30:1-30)

               10        20        30
Sequen KFFRKLKKSVKKRAKEFFKKPRVIGVSIPF
       :::::::::::::::.::::::::::::::
DRAMP2 KFFRKLKKSVKKRAKKFFKKPRVIGVSIPF
               10        20        30

>>DRAMP02519                                              (34 aa)
 s-w opt: 144  Z-score: 277.7  bits: 53.0 E(28274): 3.3e-09
Smith-Waterman score: 144; 93.3% identity (100.0% similar) in 30 aa overlap (1-30:5-34)

                   10        20        30
Sequen     KFFRKLKKSVKKRAKEFFKKPRVIGVSIPF
           :::.:::::::::::.::::::::::::::
DRAMP0 KRFKKFFKKLKKSVKKRAKKFFKKPRVIGVSIPF
               10        20        30    

>>DRAMP02521                                              (30 aa)
 s-w opt: 139  Z-score: 269.6  bits: 51.3 E(28274): 9.3e-09
Smith-Waterman score: 139; 90.0% identity (100.0% similar) in 30 aa overlap (1-30:1-30)

               10        20        30
Sequen KFFRKLKKSVKKRAKEFFKKPRVIGVSIPF
       :::.:::.:::::::.::::::::::::::
DRAMP0 KFFKKLKNSVKKRAKKFFKKPRVIGVSIPF
               10        20        30

>>DRAMP02520                                              (34 aa)
 s-w opt: 139  Z-score: 268.8  bits: 51.3 E(28274): 1e-08
Smith-Waterman score: 139; 90.0% identity (100.0% similar) in 30 aa overlap (1-30:5-34)

                   10        20        30
Sequen     KFFRKLKKSVKKRAKEFFKKPRVIGVSIPF
           :::.:::.:::::::.::::::::::::::
DRAMP0 KRFKKFFKKLKNSVKKRAKKFFKKPRVIGVSIPF
               10        20        30    

>>DRAMP20884                                              (34 aa)
 s-w opt: 137  Z-score: 265.2  bits: 50.7 E(28274): 1.6e-08
Smith-Waterman score: 137; 93.3% identity (93.3% similar) in 30 aa overlap (1-30:5-34)

                   10        20        30
Sequen     KFFRKLKKSVKKRAKEFFKKPRVIGVSIPF
           ::::::::::::: ::: ::::::::::::
DRAMP2 KRFKKFFRKLKKSVKKRKKEFKKKPRVIGVSIPF
               10        20        30    

>>DRAMP02483                                              (30 aa)
 s-w opt: 129  Z-score: 251.8  bits: 48.0 E(28274): 9.2e-08
Smith-Waterman score: 129; 80.0% identity (100.0% similar) in 30 aa overlap (1-30:1-30)

               10        20        30
Sequen KFFRKLKKSVKKRAKEFFKKPRVIGVSIPF
       :::.:::.:::::::.:::::.::::..::
DRAMP0 KFFKKLKNSVKKRAKKFFKKPKVIGVTFPF
               10        20        30

>>DRAMP02518                                              (34 aa)
 s-w opt: 129  Z-score: 251.0  bits: 48.0 E(28274): 1e-07
Smith-Waterman score: 129; 80.0% identity (100.0% similar) in 30 aa overlap (1-30:5-34)

                   10        20        30
Sequen     KFFRKLKKSVKKRAKEFFKKPRVIGVSIPF
           :::.:::.:::::::.:::::.::::..::
DRAMP0 KRFKKFFKKLKNSVKKRAKKFFKKPKVIGVTFPF
               10        20        30    

>>DRAMP20883                                              (34 aa)
 s-w opt: 129  Z-score: 251.0  bits: 48.0 E(28274): 1e-07
Smith-Waterman score: 129; 90.0% identity (90.0% similar) in 30 aa overlap (1-30:5-34)

                   10        20        30
Sequen     KFFRKLKKSVKKRAKEFFKKPRVIGVSIPF
           ::::::::::::: ::: :::::: :::::
DRAMP2 KRFKKFFRKLKKSVKKRKKEFKKKPRVIKVSIPF
               10        20        30    



30 residues in 1 query   sequences
696332 residues in 28274 library sequences
 Scomplib [36.05]
 start: Fri Jun 20 07:24:41 2025 done: Fri Jun 20 07:24:42 2025
 Total Scan time:  0.040 Total Display time:  0.000

Function used was SSEARCH [version 36.05 March, 2010]
