BLASTP 2.12.0+


Reference: Stephen F. Altschul, Thomas L. Madden, Alejandro A.
Schaffer, Jinghui Zhang, Zheng Zhang, Webb Miller, and David J.
Lipman (1997), "Gapped BLAST and PSI-BLAST: a new generation of
protein database search programs", Nucleic Acids Res. 25:3389-3402.


Reference for composition-based statistics: Alejandro A. Schaffer,
L. Aravind, Thomas L. Madden, Sergei Shavirin, John L. Spouge, Yuri
I. Wolf, Eugene V. Koonin, and Stephen F. Altschul (2001),
"Improving the accuracy of PSI-BLAST protein database searches with
composition-based statistics and other refinements", Nucleic Acids
Res. 29:2994-3005.



Database: DRAMP.fa
           28,274 sequences; 696,356 total letters



Query= AamAP1-Lysine

Length=18
                                                                      Score     E
Sequences producing significant alignments:                          (Bits)  Value

DRAMP04335                                                            28.1    4e-04
DRAMP03752                                                            27.7    8e-04
DRAMP18191                                                            27.3    8e-04
DRAMP03706                                                            27.3    0.001
DRAMP18192                                                            26.6    0.002
DRAMP01548                                                            26.9    0.003
DRAMP01561                                                            26.9    0.003
DRAMP21253                                                            25.0    0.008
DRAMP03747                                                            24.6    0.010
DRAMP21252                                                            24.6    0.012
DRAMP20958                                                            24.3    0.017
DRAMP21026                                                            23.5    0.035
DRAMP21254                                                            23.1    0.039
DRAMP20957                                                            23.1    0.047
DRAMP21251                                                            22.7    0.059
DRAMP03702                                                            22.7    0.069
DRAMP03707                                                            22.3    0.077
DRAMP03704                                                            21.9    0.11 
DRAMP21024                                                            21.2    0.26 
DRAMP20933                                                            21.2    0.26 
DRAMP18456                                                            20.8    0.30 
DRAMP21025                                                            20.8    0.37 
DRAMP18688                                                            20.4    0.50 
DRAMP21245                                                            20.0    0.66 
DRAMP03700                                                            20.0    0.69 
DRAMP18686                                                            19.6    0.98 
DRAMP21244                                                            19.2    1.4  
DRAMP03688                                                            18.9    1.7  
DRAMP18418                                                            18.9    1.8  
DRAMP03760                                                            18.9    2.0  
DRAMP06286                                                            18.1    3.4  
DRAMP04234                                                            18.1    3.4  


>DRAMP04335
Length=18

 Score = 28.1 bits (61),  Expect = 4e-04, Method: Compositional matrix adjust.
 Identities = 14/18 (78%), Positives = 14/18 (78%), Gaps = 0/18 (0%)

Query  1   FLFKLIPKAIKKLISKFK  18
           FLF LIPKAI  LIS FK
Sbjct  1   FLFSLIPKAIGGLISAFK  18


>DRAMP03752
Length=18

 Score = 27.7 bits (60),  Expect = 8e-04, Method: Compositional matrix adjust.
 Identities = 13/18 (72%), Positives = 13/18 (72%), Gaps = 0/18 (0%)

Query  1   FLFKLIPKAIKKLISKFK  18
           FLF LIP AI  LIS FK
Sbjct  1   FLFSLIPSAISGLISAFK  18


>DRAMP18191
Length=18

 Score = 27.3 bits (59),  Expect = 8e-04, Method: Compositional matrix adjust.
 Identities = 13/18 (72%), Positives = 13/18 (72%), Gaps = 0/18 (0%)

Query  1   FLFKLIPKAIKKLISKFK  18
           FLF LIP AI  LIS FK
Sbjct  1   FLFSLIPHAISGLISAFK  18


>DRAMP03706
Length=18

 Score = 27.3 bits (59),  Expect = 0.001, Method: Compositional matrix adjust.
 Identities = 13/18 (72%), Positives = 13/18 (72%), Gaps = 0/18 (0%)

Query  1   FLFKLIPKAIKKLISKFK  18
           FLF LIP AI  LIS FK
Sbjct  1   FLFSLIPHAIGGLISAFK  18


>DRAMP18192
Length=18

 Score = 26.6 bits (57),  Expect = 0.002, Method: Compositional matrix adjust.
 Identities = 12/18 (67%), Positives = 13/18 (72%), Gaps = 0/18 (0%)

Query  1   FLFKLIPKAIKKLISKFK  18
           FLF LIP AI  L+S FK
Sbjct  1   FLFSLIPNAISGLLSAFK  18


>DRAMP01548
Length=74

 Score = 26.9 bits (58),  Expect = 0.003, Method: Compositional matrix adjust.
 Identities = 13/18 (72%), Positives = 13/18 (72%), Gaps = 0/18 (0%)

Query  1   FLFKLIPKAIKKLISKFK  18
           FLF LIP AI  LIS FK
Sbjct  23  FLFSLIPSAISGLISAFK  40


>DRAMP01561
Length=74

 Score = 26.9 bits (58),  Expect = 0.003, Method: Compositional matrix adjust.
 Identities = 13/18 (72%), Positives = 13/18 (72%), Gaps = 0/18 (0%)

Query  1   FLFKLIPKAIKKLISKFK  18
           FLF LIP AI  LIS FK
Sbjct  23  FLFSLIPSAISGLISAFK  40


>DRAMP21253
Length=19

 Score = 25.0 bits (53),  Expect = 0.008, Method: Compositional matrix adjust.
 Identities = 12/14 (86%), Positives = 13/14 (93%), Gaps = 0/14 (0%)

Query  1   FLFKLIPKAIKKLI  14
           FLFKLIPKAIK L+
Sbjct  1   FLFKLIPKAIKGLV  14


>DRAMP03747
Length=18

 Score = 24.6 bits (52),  Expect = 0.010, Method: Compositional matrix adjust.
 Identities = 12/18 (67%), Positives = 12/18 (67%), Gaps = 0/18 (0%)

Query  1   FLFKLIPKAIKKLISKFK  18
           FL  LIP AI  LIS FK
Sbjct  1   FLSSLIPSAISGLISAFK  18


>DRAMP21252
Length=19

 Score = 24.6 bits (52),  Expect = 0.012, Method: Compositional matrix adjust.
 Identities = 10/18 (56%), Positives = 12/18 (67%), Gaps = 0/18 (0%)

Query  1   FLFKLIPKAIKKLISKFK  18
           FLF LIP AI  L+S  +
Sbjct  1   FLFSLIPSAIAGLVSAIR  18


>DRAMP20958
Length=17

 Score = 24.3 bits (51),  Expect = 0.017, Method: Compositional matrix adjust.
 Identities = 12/16 (75%), Positives = 13/16 (81%), Gaps = 0/16 (0%)

Query  3   FKLIPKAIKKLISKFK  18
           FKLIPK +K LIS FK
Sbjct  2   FKLIPKLVKGLISAFK  17


>DRAMP21026
Length=17

 Score = 23.5 bits (49),  Expect = 0.035, Method: Compositional matrix adjust.
 Identities = 12/16 (75%), Positives = 13/16 (81%), Gaps = 0/16 (0%)

Query  3   FKLIPKAIKKLISKFK  18
           FKLIPK +KKLI  FK
Sbjct  2   FKLIPKLVKKLIKAFK  17


>DRAMP21254
Length=19

 Score = 23.1 bits (48),  Expect = 0.039, Method: Compositional matrix adjust.
 Identities = 11/14 (79%), Positives = 12/14 (86%), Gaps = 0/14 (0%)

Query  1   FLFKLIPKAIKKLI  14
           FLFKLIPK IK L+
Sbjct  1   FLFKLIPKVIKGLV  14


>DRAMP20957
Length=17

 Score = 23.1 bits (48),  Expect = 0.047, Method: Compositional matrix adjust.
 Identities = 11/16 (69%), Positives = 12/16 (75%), Gaps = 0/16 (0%)

Query  3   FKLIPKAIKKLISKFK  18
           F LIPK +K LIS FK
Sbjct  2   FSLIPKLVKGLISAFK  17


>DRAMP21251
Length=19

 Score = 22.7 bits (47),  Expect = 0.059, Method: Compositional matrix adjust.
 Identities = 9/18 (50%), Positives = 11/18 (61%), Gaps = 0/18 (0%)

Query  1   FLFKLIPKAIKKLISKFK  18
           FLF LIP  I  L+S  +
Sbjct  1   FLFSLIPSVIAGLVSAIR  18


>DRAMP03702
Length=17

 Score = 22.7 bits (47),  Expect = 0.069, Method: Compositional matrix adjust.
 Identities = 10/17 (59%), Positives = 11/17 (65%), Gaps = 0/17 (0%)

Query  2   LFKLIPKAIKKLISKFK  18
           LF LIP  I  L+S FK
Sbjct  1   LFGLIPSLIGGLVSAFK  17


>DRAMP03707
Length=18

 Score = 22.3 bits (46),  Expect = 0.077, Method: Compositional matrix adjust.
 Identities = 11/18 (61%), Positives = 11/18 (61%), Gaps = 0/18 (0%)

Query  1   FLFKLIPKAIKKLISKFK  18
           F F LIP AI  LIS  K
Sbjct  1   FPFSLIPHAIGGLISAIK  18


>DRAMP03704
Length=17

 Score = 21.9 bits (45),  Expect = 0.11, Method: Compositional matrix adjust.
 Identities = 9/17 (53%), Positives = 11/17 (65%), Gaps = 0/17 (0%)

Query  2   LFKLIPKAIKKLISKFK  18
           LF LIP  +  L+S FK
Sbjct  1   LFGLIPSMMGGLVSAFK  17


>DRAMP21024
Length=17

 Score = 21.2 bits (43),  Expect = 0.26, Method: Compositional matrix adjust.
 Identities = 9/16 (56%), Positives = 10/16 (63%), Gaps = 0/16 (0%)

Query  3   FKLIPKAIKKLISKFK  18
           F LIP  +  LIS FK
Sbjct  2   FSLIPSLVGGLISAFK  17


>DRAMP20933
Length=17

 Score = 21.2 bits (43),  Expect = 0.26, Method: Compositional matrix adjust.
 Identities = 9/16 (56%), Positives = 10/16 (63%), Gaps = 0/16 (0%)

Query  3   FKLIPKAIKKLISKFK  18
           F LIP  +  LIS FK
Sbjct  2   FSLIPSLVGGLISAFK  17


>DRAMP18456
Length=14

 Score = 20.8 bits (42),  Expect = 0.30, Method: Compositional matrix adjust.
 Identities = 9/14 (64%), Positives = 9/14 (64%), Gaps = 0/14 (0%)

Query  3   FKLIPKAIKKLISK  16
           F LIP AI  LIS 
Sbjct  1   FSLIPSAIGGLISA  14


>DRAMP21025
Length=17

 Score = 20.8 bits (42),  Expect = 0.37, Method: Compositional matrix adjust.
 Identities = 10/16 (63%), Positives = 11/16 (69%), Gaps = 0/16 (0%)

Query  3   FKLIPKAIKKLISKFK  18
           F LIP  +KKLI  FK
Sbjct  2   FSLIPSLVKKLIKAFK  17


>DRAMP18688
Length=19

 Score = 20.4 bits (41),  Expect = 0.50, Method: Compositional matrix adjust.
 Identities = 9/18 (50%), Positives = 11/18 (61%), Gaps = 0/18 (0%)

Query  1   FLFKLIPKAIKKLISKFK  18
           FL+ LIP AI  + S  K
Sbjct  1   FLWSLIPSAISAVTSLIK  18


>DRAMP21245
Length=17

 Score = 20.0 bits (40),  Expect = 0.66, Method: Compositional matrix adjust.
 Identities = 10/14 (71%), Positives = 11/14 (79%), Gaps = 0/14 (0%)

Query  5   LIPKAIKKLISKFK  18
           +IPK IKKLI  FK
Sbjct  4   MIPKLIKKLIKAFK  17


>DRAMP03700
Length=19

 Score = 20.0 bits (40),  Expect = 0.69, Method: Compositional matrix adjust.
 Identities = 9/18 (50%), Positives = 11/18 (61%), Gaps = 0/18 (0%)

Query  1   FLFKLIPKAIKKLISKFK  18
           FL+ LIP AI  + S  K
Sbjct  1   FLWGLIPGAISAVTSLIK  18


>DRAMP18686
Length=19

 Score = 19.6 bits (39),  Expect = 0.98, Method: Compositional matrix adjust.
 Identities = 9/18 (50%), Positives = 10/18 (56%), Gaps = 0/18 (0%)

Query  1   FLFKLIPKAIKKLISKFK  18
           FLF +IP AI    S  K
Sbjct  1   FLFNVIPHAINATASLIK  18


>DRAMP21244
Length=17

 Score = 19.2 bits (38),  Expect = 1.4, Method: Compositional matrix adjust.
 Identities = 9/14 (64%), Positives = 11/14 (79%), Gaps = 0/14 (0%)

Query  5   LIPKAIKKLISKFK  18
           LIPK +KK+I  FK
Sbjct  4   LIPKLVKKIIKAFK  17


>DRAMP03688
Length=17

 Score = 18.9 bits (37),  Expect = 1.7, Method: Compositional matrix adjust.
 Identities = 8/15 (53%), Positives = 9/15 (60%), Gaps = 0/15 (0%)

Query  4   KLIPKAIKKLISKFK  18
            +IP  I  LIS FK
Sbjct  3   GMIPGLIGGLISAFK  17


>DRAMP18418
Length=17

 Score = 18.9 bits (37),  Expect = 1.8, Method: Compositional matrix adjust.
 Identities = 8/15 (53%), Positives = 9/15 (60%), Gaps = 0/15 (0%)

Query  4   KLIPKAIKKLISKFK  18
            +IP  I  LIS FK
Sbjct  3   GMIPGLIGGLISAFK  17


>DRAMP03760
Length=17

 Score = 18.9 bits (37),  Expect = 2.0, Method: Compositional matrix adjust.
 Identities = 8/16 (50%), Positives = 9/16 (56%), Gaps = 0/16 (0%)

Query  3   FKLIPKAIKKLISKFK  18
           F LIP  I  L+S  K
Sbjct  2   FSLIPSLIGGLVSAIK  17


>DRAMP06286
Length=20

 Score = 18.1 bits (35),  Expect = 3.4, Method: Compositional matrix adjust.
 Identities = 9/18 (50%), Positives = 11/18 (61%), Gaps = 0/18 (0%)

Query  1   FLFKLIPKAIKKLISKFK  18
           FLF++  K    LI KFK
Sbjct  1   FLFRVASKVFPALIGKFK  18


>DRAMP04234
Length=20

 Score = 18.1 bits (35),  Expect = 3.4, Method: Compositional matrix adjust.
 Identities = 9/18 (50%), Positives = 11/18 (61%), Gaps = 0/18 (0%)

Query  1   FLFKLIPKAIKKLISKFK  18
           FLF++  K    LI KFK
Sbjct  1   FLFRVASKVFPALIGKFK  18



Lambda      K        H        a         alpha
   0.337    0.153    0.419    0.792     4.96 

Gapped
Lambda      K        H        a         alpha    sigma
   0.267   0.0410    0.140     1.90     42.6     43.6 

Effective search space used: 12534408


  Database: DRAMP.fa
    Posted date:  Jun 2, 2022  5:36 PM
  Number of letters in database: 696,356
  Number of sequences in database:  28,274



Matrix: BLOSUM62
Gap Penalties: Existence: 11, Extension: 1
Neighboring words threshold: 11
Window for multiple hits: 40
