BLASTP 2.12.0+


Reference: Stephen F. Altschul, Thomas L. Madden, Alejandro A.
Schaffer, Jinghui Zhang, Zheng Zhang, Webb Miller, and David J.
Lipman (1997), "Gapped BLAST and PSI-BLAST: a new generation of
protein database search programs", Nucleic Acids Res. 25:3389-3402.


Reference for composition-based statistics: Alejandro A. Schaffer,
L. Aravind, Thomas L. Madden, Sergei Shavirin, John L. Spouge, Yuri
I. Wolf, Eugene V. Koonin, and Stephen F. Altschul (2001),
"Improving the accuracy of PSI-BLAST protein database searches with
composition-based statistics and other refinements", Nucleic Acids
Res. 29:2994-3005.



Database: DRAMP.fa
           28,274 sequences; 696,356 total letters



Query= Sequence 1…………

Length=43
                                                                      Score     E
Sequences producing significant alignments:                          (Bits)  Value

DRAMP15374                                                            19.2    9.1  
DRAMP15372                                                            19.2    9.5  
DRAMP15373                                                            19.2    9.6  


>DRAMP15374
Length=67

 Score = 19.2 bits (38),  Expect = 9.1, Method: Compositional matrix adjust.
 Identities = 7/15 (47%), Positives = 11/15 (73%), Gaps = 0/15 (0%)

Query  7   LKKIIKLLGKKPKKG  21
           L K+IK+LG+   +G
Sbjct  9   LAKVIKVLGRTGSRG  23


>DRAMP15372
Length=67

 Score = 19.2 bits (38),  Expect = 9.5, Method: Compositional matrix adjust.
 Identities = 7/15 (47%), Positives = 11/15 (73%), Gaps = 0/15 (0%)

Query  7   LKKIIKLLGKKPKKG  21
           L K+IK+LG+   +G
Sbjct  9   LAKVIKVLGRTGSRG  23


>DRAMP15373
Length=67

 Score = 19.2 bits (38),  Expect = 9.6, Method: Compositional matrix adjust.
 Identities = 7/15 (47%), Positives = 11/15 (73%), Gaps = 0/15 (0%)

Query  7   LKKIIKLLGKKPKKG  21
           L K+IK+LG+   +G
Sbjct  9   LAKVIKVLGRTGSRG  23



Lambda      K        H        a         alpha
   0.310    0.132    0.362    0.792     4.96 

Gapped
Lambda      K        H        a         alpha    sigma
   0.267   0.0410    0.140     1.90     42.6     43.6 

Effective search space used: 17943768


  Database: DRAMP.fa
    Posted date:  Jun 2, 2022  5:36 PM
  Number of letters in database: 696,356
  Number of sequences in database:  28,274



Matrix: BLOSUM62
Gap Penalties: Existence: 11, Extension: 1
Neighboring words threshold: 11
Window for multiple hits: 40
