BLASTP 2.2.28+


Reference: Stephen F. Altschul, Thomas L. Madden, Alejandro A.
Schaffer, Jinghui Zhang, Zheng Zhang, Webb Miller, and David J.
Lipman (1997), "Gapped BLAST and PSI-BLAST: a new generation of
protein database search programs", Nucleic Acids Res. 25:3389-3402.


Reference for composition-based statistics: Alejandro A. Schaffer,
L. Aravind, Thomas L. Madden, Sergei Shavirin, John L. Spouge, Yuri
I. Wolf, Eugene V. Koonin, and Stephen F. Altschul (2001),
"Improving the accuracy of PSI-BLAST protein database searches with
composition-based statistics and other refinements", Nucleic Acids
Res. 29:2994-3005.



Database: DRAMP.fa
           28,274 sequences; 696,356 total letters



Query= gp33

Length=110
                                                                      Score     E
Sequences producing significant alignments:                          (Bits)  Value

  DRAMP19200                                                          20.4    8.1  
  DRAMP05083                                                          20.4    8.1  


> DRAMP19200
Length=15

 Score = 20.4 bits (41),  Expect = 8.1, Method: Composition-based stats.
 Identities = 6/12 (50%), Positives = 8/12 (67%), Gaps = 0/12 (0%)

Query  13  YRWCFPVIPWYR  24
           ++W FP  PW R
Sbjct  4   WKWFFPPWPWRR  15


> DRAMP05083
Length=15

 Score = 20.4 bits (41),  Expect = 8.1, Method: Composition-based stats.
 Identities = 6/12 (50%), Positives = 8/12 (67%), Gaps = 0/12 (0%)

Query  13  YRWCFPVIPWYR  24
           ++W FP  PW R
Sbjct  4   WKWFFPPWPWRR  15



Lambda      K        H        a         alpha
   0.326    0.139    0.432    0.792     4.96 

Gapped
Lambda      K        H        a         alpha    sigma
   0.267   0.0410    0.140     1.90     42.6     43.6 

Effective search space used: 17243008


  Database: DRAMP.fa
    Posted date:  Jun 2, 2022  5:36 PM
  Number of letters in database: 696,356
  Number of sequences in database:  28,274



Matrix: BLOSUM62
Gap Penalties: Existence: 11, Extension: 1
Neighboring words threshold: 11
Window for multiple hits: 40
